[35m[1mConsolidate compiler generated dependencies of target mando[0m
[ 25%] Built target posicion
[ 25%] Built target velocidad
[ 37%] Built target posicion_control
[ 62%] Built target follow
[ 62%] Built target sensor_simple
[ 75%] [32mBuilding CXX object CMakeFiles/mando.dir/src/mando.cpp.o[0m
[ 81%] Built target circulo
[ 93%] Built target sensor
[100%] [32m[1mLinking CXX executable mando[0m
[100%] Built target mando
-- Install configuration: ""
-- Up-to-date: /home/maria/rob_ws/install/tarea1/share/tarea1/launch
-- Installing: /home/maria/rob_ws/install/tarea1/share/tarea1/launch/mando.launch.py
-- Up-to-date: /home/maria/rob_ws/install/tarea1/share/tarea1/launch/teleop.launch.py
-- Up-to-date: /home/maria/rob_ws/install/tarea1/share/tarea1/config
-- Up-to-date: /home/maria/rob_ws/install/tarea1/share/tarea1/config/teleop_twist_joy.yaml
-- Up-to-date: /home/maria/rob_ws/install/tarea1/lib/tarea1/velocidad
-- Up-to-date: /home/maria/rob_ws/install/tarea1/lib/tarea1/posicion
-- Up-to-date: /home/maria/rob_ws/install/tarea1/lib/tarea1/circulo
-- Up-to-date: /home/maria/rob_ws/install/tarea1/lib/tarea1/posicion_control
-- Up-to-date: /home/maria/rob_ws/install/tarea1/lib/tarea1/follow
-- Up-to-date: /home/maria/rob_ws/install/tarea1/lib/tarea1/sensor
-- Up-to-date: /home/maria/rob_ws/install/tarea1/lib/tarea1/sensor_simple
-- Installing: /home/maria/rob_ws/install/tarea1/lib/tarea1/mando
-- Set runtime path of "/home/maria/rob_ws/install/tarea1/lib/tarea1/mando" to ""
-- Up-to-date: /home/maria/rob_ws/install/tarea1/share/ament_index/resource_index/package_run_dependencies/tarea1
-- Up-to-date: /home/maria/rob_ws/install/tarea1/share/ament_index/resource_index/parent_prefix_path/tarea1
-- Up-to-date: /home/maria/rob_ws/install/tarea1/share/tarea1/environment/ament_prefix_path.sh
-- Installing: /home/maria/rob_ws/install/tarea1/share/tarea1/environment/ament_prefix_path.dsv
-- Up-to-date: /home/maria/rob_ws/install/tarea1/share/tarea1/environment/path.sh
-- Installing: /home/maria/rob_ws/install/tarea1/share/tarea1/environment/path.dsv
-- Up-to-date: /home/maria/rob_ws/install/tarea1/share/tarea1/local_setup.bash
-- Up-to-date: /home/maria/rob_ws/install/tarea1/share/tarea1/local_setup.sh
-- Up-to-date: /home/maria/rob_ws/install/tarea1/share/tarea1/local_setup.zsh
-- Installing: /home/maria/rob_ws/install/tarea1/share/tarea1/local_setup.dsv
-- Installing: /home/maria/rob_ws/install/tarea1/share/tarea1/package.dsv
-- Up-to-date: /home/maria/rob_ws/install/tarea1/share/ament_index/resource_index/packages/tarea1
-- Up-to-date: /home/maria/rob_ws/install/tarea1/share/tarea1/cmake/tarea1Config.cmake
-- Up-to-date: /home/maria/rob_ws/install/tarea1/share/tarea1/cmake/tarea1Config-version.cmake
-- Up-to-date: /home/maria/rob_ws/install/tarea1/share/tarea1/package.xml
