[0.009s] Invoking command in '/home/maria/rob_ws/build/tarea1': CMAKE_PREFIX_PATH=${CMAKE_PREFIX_PATH}:/opt/ros/humble /usr/bin/cmake --build /home/maria/rob_ws/build/tarea1 -- -j12 -l12
[0.044s] [35m[1mConsolidate compiler generated dependencies of target posicion[0m
[0.051s] [ 20%] [32mBuilding CXX object CMakeFiles/posicion_control.dir/src/posicion_control.cpp.o[0m
[0.051s] [ 30%] Built target velocidad
[0.054s] [ 50%] Built target circulo
[0.054s] [ 70%] Built target follow
[0.060s] [ 80%] [32mBuilding CXX object CMakeFiles/posicion.dir/src/posicion.cpp.o[0m
[6.186s] [ 90%] [32m[1mLinking CXX executable posicion[0m
[6.303s] [100%] [32m[1mLinking CXX executable posicion_control[0m
[6.450s] [100%] Built target posicion
[6.566s] [100%] Built target posicion_control
[6.575s] Invoked command in '/home/maria/rob_ws/build/tarea1' returned '0': CMAKE_PREFIX_PATH=${CMAKE_PREFIX_PATH}:/opt/ros/humble /usr/bin/cmake --build /home/maria/rob_ws/build/tarea1 -- -j12 -l12
[6.577s] Invoking command in '/home/maria/rob_ws/build/tarea1': CMAKE_PREFIX_PATH=${CMAKE_PREFIX_PATH}:/opt/ros/humble /usr/bin/cmake --install /home/maria/rob_ws/build/tarea1
[6.585s] -- Install configuration: ""
[6.585s] -- Up-to-date: /home/maria/rob_ws/install/tarea1/share/tarea1
[6.585s] -- Up-to-date: /home/maria/rob_ws/install/tarea1/lib/tarea1/velocidad
[6.585s] -- Installing: /home/maria/rob_ws/install/tarea1/lib/tarea1/posicion
[6.588s] -- Set runtime path of "/home/maria/rob_ws/install/tarea1/lib/tarea1/posicion" to ""
[6.588s] -- Up-to-date: /home/maria/rob_ws/install/tarea1/lib/tarea1/circulo
[6.588s] -- Installing: /home/maria/rob_ws/install/tarea1/lib/tarea1/posicion_control
[6.591s] -- Set runtime path of "/home/maria/rob_ws/install/tarea1/lib/tarea1/posicion_control" to ""
[6.591s] -- Up-to-date: /home/maria/rob_ws/install/tarea1/lib/tarea1/follow
[6.591s] -- Up-to-date: /home/maria/rob_ws/install/tarea1/share/ament_index/resource_index/package_run_dependencies/tarea1
[6.592s] -- Up-to-date: /home/maria/rob_ws/install/tarea1/share/ament_index/resource_index/parent_prefix_path/tarea1
[6.592s] -- Up-to-date: /home/maria/rob_ws/install/tarea1/share/tarea1/environment/ament_prefix_path.sh
[6.592s] -- Up-to-date: /home/maria/rob_ws/install/tarea1/share/tarea1/environment/ament_prefix_path.dsv
[6.592s] -- Up-to-date: /home/maria/rob_ws/install/tarea1/share/tarea1/environment/path.sh
[6.592s] -- Up-to-date: /home/maria/rob_ws/install/tarea1/share/tarea1/environment/path.dsv
[6.592s] -- Up-to-date: /home/maria/rob_ws/install/tarea1/share/tarea1/local_setup.bash
[6.592s] -- Up-to-date: /home/maria/rob_ws/install/tarea1/share/tarea1/local_setup.sh
[6.592s] -- Up-to-date: /home/maria/rob_ws/install/tarea1/share/tarea1/local_setup.zsh
[6.592s] -- Up-to-date: /home/maria/rob_ws/install/tarea1/share/tarea1/local_setup.dsv
[6.592s] -- Installing: /home/maria/rob_ws/install/tarea1/share/tarea1/package.dsv
[6.592s] -- Up-to-date: /home/maria/rob_ws/install/tarea1/share/ament_index/resource_index/packages/tarea1
[6.592s] -- Up-to-date: /home/maria/rob_ws/install/tarea1/share/tarea1/cmake/tarea1Config.cmake
[6.592s] -- Up-to-date: /home/maria/rob_ws/install/tarea1/share/tarea1/cmake/tarea1Config-version.cmake
[6.592s] -- Up-to-date: /home/maria/rob_ws/install/tarea1/share/tarea1/package.xml
[6.593s] Invoked command in '/home/maria/rob_ws/build/tarea1' returned '0': CMAKE_PREFIX_PATH=${CMAKE_PREFIX_PATH}:/opt/ros/humble /usr/bin/cmake --install /home/maria/rob_ws/build/tarea1
