[0.033s] Invoking command in '/home/maria/rob_ws/build/tarea1': CMAKE_PREFIX_PATH=${CMAKE_PREFIX_PATH}:/opt/ros/humble /usr/bin/cmake --build /home/maria/rob_ws/build/tarea1 -- -j12 -l12
[0.149s] [35m[1mConsolidate compiler generated dependencies of target circulo[0m
[0.200s] [ 30%] Built target posicion_control
[0.200s] [ 40%] Built target posicion
[0.203s] [ 60%] Built target follow
[0.204s] [ 80%] Built target velocidad
[0.218s] [ 90%] [32mBuilding CXX object CMakeFiles/circulo.dir/src/circulo.cpp.o[0m
[6.887s] [100%] [32m[1mLinking CXX executable circulo[0m
[7.176s] [100%] Built target circulo
[7.201s] Invoked command in '/home/maria/rob_ws/build/tarea1' returned '0': CMAKE_PREFIX_PATH=${CMAKE_PREFIX_PATH}:/opt/ros/humble /usr/bin/cmake --build /home/maria/rob_ws/build/tarea1 -- -j12 -l12
[7.204s] Invoking command in '/home/maria/rob_ws/build/tarea1': CMAKE_PREFIX_PATH=${CMAKE_PREFIX_PATH}:/opt/ros/humble /usr/bin/cmake --install /home/maria/rob_ws/build/tarea1
[7.224s] -- Install configuration: ""
[7.225s] -- Up-to-date: /home/maria/rob_ws/install/tarea1/share/tarea1
[7.225s] -- Up-to-date: /home/maria/rob_ws/install/tarea1/lib/tarea1/velocidad
[7.225s] -- Up-to-date: /home/maria/rob_ws/install/tarea1/lib/tarea1/posicion
[7.226s] -- Installing: /home/maria/rob_ws/install/tarea1/lib/tarea1/circulo
[7.229s] -- Set runtime path of "/home/maria/rob_ws/install/tarea1/lib/tarea1/circulo" to ""
[7.229s] -- Up-to-date: /home/maria/rob_ws/install/tarea1/lib/tarea1/posicion_control
[7.230s] -- Up-to-date: /home/maria/rob_ws/install/tarea1/lib/tarea1/follow
[7.230s] -- Up-to-date: /home/maria/rob_ws/install/tarea1/share/ament_index/resource_index/package_run_dependencies/tarea1
[7.230s] -- Up-to-date: /home/maria/rob_ws/install/tarea1/share/ament_index/resource_index/parent_prefix_path/tarea1
[7.230s] -- Up-to-date: /home/maria/rob_ws/install/tarea1/share/tarea1/environment/ament_prefix_path.sh
[7.231s] -- Up-to-date: /home/maria/rob_ws/install/tarea1/share/tarea1/environment/ament_prefix_path.dsv
[7.231s] -- Up-to-date: /home/maria/rob_ws/install/tarea1/share/tarea1/environment/path.sh
[7.231s] -- Up-to-date: /home/maria/rob_ws/install/tarea1/share/tarea1/environment/path.dsv
[7.231s] -- Up-to-date: /home/maria/rob_ws/install/tarea1/share/tarea1/local_setup.bash
[7.231s] -- Up-to-date: /home/maria/rob_ws/install/tarea1/share/tarea1/local_setup.sh
[7.232s] -- Up-to-date: /home/maria/rob_ws/install/tarea1/share/tarea1/local_setup.zsh
[7.232s] -- Up-to-date: /home/maria/rob_ws/install/tarea1/share/tarea1/local_setup.dsv
[7.232s] -- Installing: /home/maria/rob_ws/install/tarea1/share/tarea1/package.dsv
[7.232s] -- Up-to-date: /home/maria/rob_ws/install/tarea1/share/ament_index/resource_index/packages/tarea1
[7.232s] -- Up-to-date: /home/maria/rob_ws/install/tarea1/share/tarea1/cmake/tarea1Config.cmake
[7.232s] -- Up-to-date: /home/maria/rob_ws/install/tarea1/share/tarea1/cmake/tarea1Config-version.cmake
[7.233s] -- Up-to-date: /home/maria/rob_ws/install/tarea1/share/tarea1/package.xml
[7.236s] Invoked command in '/home/maria/rob_ws/build/tarea1' returned '0': CMAKE_PREFIX_PATH=${CMAKE_PREFIX_PATH}:/opt/ros/humble /usr/bin/cmake --install /home/maria/rob_ws/build/tarea1
