[0.008s] Invoking command in '/home/maria/rob_ws/build/tarea1': CMAKE_PREFIX_PATH=${CMAKE_PREFIX_PATH}:/opt/ros/humble /usr/bin/cmake --build /home/maria/rob_ws/build/tarea1 -- -j12 -l12
[0.044s] [35m[1mConsolidate compiler generated dependencies of target sensor_simple[0m
[0.055s] [ 28%] Built target follow
[0.055s] [ 28%] Built target posicion_control
[0.056s] [ 42%] Built target posicion
[0.058s] [ 57%] Built target circulo
[0.058s] [ 71%] Built target velocidad
[0.059s] [ 92%] Built target sensor
[0.059s] [ 92%] [32mBuilding CXX object CMakeFiles/sensor_simple.dir/src/sensor_simple.cpp.o[0m
[5.328s] [100%] [32m[1mLinking CXX executable sensor_simple[0m
[5.573s] [100%] Built target sensor_simple
[5.583s] Invoked command in '/home/maria/rob_ws/build/tarea1' returned '0': CMAKE_PREFIX_PATH=${CMAKE_PREFIX_PATH}:/opt/ros/humble /usr/bin/cmake --build /home/maria/rob_ws/build/tarea1 -- -j12 -l12
[5.584s] Invoking command in '/home/maria/rob_ws/build/tarea1': CMAKE_PREFIX_PATH=${CMAKE_PREFIX_PATH}:/opt/ros/humble /usr/bin/cmake --install /home/maria/rob_ws/build/tarea1
[5.591s] -- Install configuration: ""
[5.591s] -- Up-to-date: /home/maria/rob_ws/install/tarea1/share/tarea1
[5.591s] -- Up-to-date: /home/maria/rob_ws/install/tarea1/lib/tarea1/velocidad
[5.591s] -- Up-to-date: /home/maria/rob_ws/install/tarea1/lib/tarea1/posicion
[5.591s] -- Up-to-date: /home/maria/rob_ws/install/tarea1/lib/tarea1/circulo
[5.591s] -- Up-to-date: /home/maria/rob_ws/install/tarea1/lib/tarea1/posicion_control
[5.591s] -- Up-to-date: /home/maria/rob_ws/install/tarea1/lib/tarea1/follow
[5.591s] -- Up-to-date: /home/maria/rob_ws/install/tarea1/lib/tarea1/sensor
[5.591s] -- Installing: /home/maria/rob_ws/install/tarea1/lib/tarea1/sensor_simple
[5.594s] -- Set runtime path of "/home/maria/rob_ws/install/tarea1/lib/tarea1/sensor_simple" to ""
[5.594s] -- Up-to-date: /home/maria/rob_ws/install/tarea1/share/ament_index/resource_index/package_run_dependencies/tarea1
[5.594s] -- Up-to-date: /home/maria/rob_ws/install/tarea1/share/ament_index/resource_index/parent_prefix_path/tarea1
[5.594s] -- Up-to-date: /home/maria/rob_ws/install/tarea1/share/tarea1/environment/ament_prefix_path.sh
[5.594s] -- Up-to-date: /home/maria/rob_ws/install/tarea1/share/tarea1/environment/ament_prefix_path.dsv
[5.594s] -- Up-to-date: /home/maria/rob_ws/install/tarea1/share/tarea1/environment/path.sh
[5.594s] -- Up-to-date: /home/maria/rob_ws/install/tarea1/share/tarea1/environment/path.dsv
[5.594s] -- Up-to-date: /home/maria/rob_ws/install/tarea1/share/tarea1/local_setup.bash
[5.594s] -- Up-to-date: /home/maria/rob_ws/install/tarea1/share/tarea1/local_setup.sh
[5.594s] -- Up-to-date: /home/maria/rob_ws/install/tarea1/share/tarea1/local_setup.zsh
[5.594s] -- Up-to-date: /home/maria/rob_ws/install/tarea1/share/tarea1/local_setup.dsv
[5.594s] -- Installing: /home/maria/rob_ws/install/tarea1/share/tarea1/package.dsv
[5.594s] -- Up-to-date: /home/maria/rob_ws/install/tarea1/share/ament_index/resource_index/packages/tarea1
[5.594s] -- Up-to-date: /home/maria/rob_ws/install/tarea1/share/tarea1/cmake/tarea1Config.cmake
[5.594s] -- Up-to-date: /home/maria/rob_ws/install/tarea1/share/tarea1/cmake/tarea1Config-version.cmake
[5.594s] -- Up-to-date: /home/maria/rob_ws/install/tarea1/share/tarea1/package.xml
[5.596s] Invoked command in '/home/maria/rob_ws/build/tarea1' returned '0': CMAKE_PREFIX_PATH=${CMAKE_PREFIX_PATH}:/opt/ros/humble /usr/bin/cmake --install /home/maria/rob_ws/build/tarea1
