[35m[1mConsolidate compiler generated dependencies of target posicion_control[0m
[ 18%] [32mBuilding CXX object CMakeFiles/follow.dir/src/follow.cpp.o[0m
[ 31%] Built target mando
[ 31%] Built target circulo
[ 56%] Built target sensor
[ 56%] Built target posicion
[ 68%] Built target velocidad
[ 81%] Built target sensor_simple
[ 93%] Built target posicion_control
[01m[K/home/maria/rob_ws/src/tarea1/src/follow.cpp:[m[K In member function ‘[01m[Kvoid MM::pose_callback(geometry_msgs::msg::Pose_<std::allocator<void> >::SharedPtr)[m[K’:
[01m[K/home/maria/rob_ws/src/tarea1/src/follow.cpp:39:11:[m[K [01;35m[Kwarning: [m[Kcomparison of integer expressions of different signedness: ‘[01m[Kint[m[K’ and ‘[01m[Kstd::vector<std::array<float, 2> >::size_type[m[K’ {aka ‘[01m[Klong unsigned int[m[K’} [[01;35m[K]8;;https://gcc.gnu.org/onlinedocs/gcc/Warning-Options.html#index-Wsign-compare-Wsign-compare]8;;[m[K]
   39 |     if ([01;35m[Ki >= posiciones.size()[m[K) {
      |         [01;35m[K~~^~~~~~~~~~~~~~~~~~~~[m[K
[100%] [32m[1mLinking CXX executable follow[0m
[100%] Built target follow
-- Install configuration: ""
-- Up-to-date: /home/maria/rob_ws/install/tarea1/share/tarea1/launch
-- Up-to-date: /home/maria/rob_ws/install/tarea1/share/tarea1/launch/mando.launch.py
-- Up-to-date: /home/maria/rob_ws/install/tarea1/share/tarea1/launch/teleop.launch.py
-- Up-to-date: /home/maria/rob_ws/install/tarea1/share/tarea1/config
-- Up-to-date: /home/maria/rob_ws/install/tarea1/share/tarea1/config/teleop_twist_joy.yaml
-- Up-to-date: /home/maria/rob_ws/install/tarea1/lib/tarea1/velocidad
-- Up-to-date: /home/maria/rob_ws/install/tarea1/lib/tarea1/posicion
-- Up-to-date: /home/maria/rob_ws/install/tarea1/lib/tarea1/circulo
-- Up-to-date: /home/maria/rob_ws/install/tarea1/lib/tarea1/posicion_control
-- Installing: /home/maria/rob_ws/install/tarea1/lib/tarea1/follow
-- Set runtime path of "/home/maria/rob_ws/install/tarea1/lib/tarea1/follow" to ""
-- Up-to-date: /home/maria/rob_ws/install/tarea1/lib/tarea1/sensor
-- Up-to-date: /home/maria/rob_ws/install/tarea1/lib/tarea1/sensor_simple
-- Up-to-date: /home/maria/rob_ws/install/tarea1/lib/tarea1/mando
-- Up-to-date: /home/maria/rob_ws/install/tarea1/share/ament_index/resource_index/package_run_dependencies/tarea1
-- Up-to-date: /home/maria/rob_ws/install/tarea1/share/ament_index/resource_index/parent_prefix_path/tarea1
-- Up-to-date: /home/maria/rob_ws/install/tarea1/share/tarea1/environment/ament_prefix_path.sh
-- Up-to-date: /home/maria/rob_ws/install/tarea1/share/tarea1/environment/ament_prefix_path.dsv
-- Up-to-date: /home/maria/rob_ws/install/tarea1/share/tarea1/environment/path.sh
-- Up-to-date: /home/maria/rob_ws/install/tarea1/share/tarea1/environment/path.dsv
-- Up-to-date: /home/maria/rob_ws/install/tarea1/share/tarea1/local_setup.bash
-- Up-to-date: /home/maria/rob_ws/install/tarea1/share/tarea1/local_setup.sh
-- Up-to-date: /home/maria/rob_ws/install/tarea1/share/tarea1/local_setup.zsh
-- Up-to-date: /home/maria/rob_ws/install/tarea1/share/tarea1/local_setup.dsv
-- Installing: /home/maria/rob_ws/install/tarea1/share/tarea1/package.dsv
-- Up-to-date: /home/maria/rob_ws/install/tarea1/share/ament_index/resource_index/packages/tarea1
-- Up-to-date: /home/maria/rob_ws/install/tarea1/share/tarea1/cmake/tarea1Config.cmake
-- Up-to-date: /home/maria/rob_ws/install/tarea1/share/tarea1/cmake/tarea1Config-version.cmake
-- Up-to-date: /home/maria/rob_ws/install/tarea1/share/tarea1/package.xml
