-- Found ament_cmake: 1.3.12 (/opt/ros/humble/share/ament_cmake/cmake)
-- Found rclcpp: 16.0.15 (/opt/ros/humble/share/rclcpp/cmake)
-- Found rosidl_generator_c: 3.1.7 (/opt/ros/humble/share/rosidl_generator_c/cmake)
-- Found rosidl_adapter: 3.1.7 (/opt/ros/humble/share/rosidl_adapter/cmake)
-- Found rosidl_generator_cpp: 3.1.7 (/opt/ros/humble/share/rosidl_generator_cpp/cmake)
-- Using all available rosidl_typesupport_c: rosidl_typesupport_fastrtps_c;rosidl_typesupport_introspection_c
-- Using all available rosidl_typesupport_cpp: rosidl_typesupport_fastrtps_cpp;rosidl_typesupport_introspection_cpp
-- Found rmw_implementation_cmake: 6.1.2 (/opt/ros/humble/share/rmw_implementation_cmake/cmake)
-- Found rmw_fastrtps_cpp: 6.2.8 (/opt/ros/humble/share/rmw_fastrtps_cpp/cmake)
-- Using RMW implementation 'rmw_fastrtps_cpp' as default
-- Found geometry_msgs: 4.9.0 (/opt/ros/humble/share/geometry_msgs/cmake)
-- Configuring done
-- Generating done
-- Build files have been written to: /home/maria/rob_ws/build/tarea1
[35m[1mConsolidate compiler generated dependencies of target velocidad[0m
[35m[1mConsolidate compiler generated dependencies of target circulo[0m
[35m[1mConsolidate compiler generated dependencies of target posicion[0m
[ 10%] [32mBuilding CXX object CMakeFiles/follow.dir/src/follow.cpp.o[0m
[ 20%] [32mBuilding CXX object CMakeFiles/posicion_control.dir/src/posicion_control.cpp.o[0m
[ 80%] Built target velocidad
[ 80%] Built target circulo
[ 80%] Built target posicion
[01m[K/home/maria/rob_ws/src/tarea1/src/posicion_control.cpp:[m[K In member function ‘[01m[Kvoid MM::pose_callback(geometry_msgs::msg::Pose_<std::allocator<void> >::SharedPtr)[m[K’:
[01m[K/home/maria/rob_ws/src/tarea1/src/posicion_control.cpp:41:25:[m[K [01;31m[Kerror: [m[K‘[01m[Korientation[m[K’ was not declared in this scope; did you mean ‘[01m[Korientacion[m[K’?
   41 |         cmd.angular.z = [01;31m[Korientation[m[K * 0.5;
      |                         [01;31m[K^~~~~~~~~~~[m[K
      |                         [32m[Korientacion[m[K
[01m[K/home/maria/rob_ws/src/tarea1/src/follow.cpp:[m[K In member function ‘[01m[Kvoid MM::pose_callback(geometry_msgs::msg::Pose_<std::allocator<void> >::SharedPtr)[m[K’:
[01m[K/home/maria/rob_ws/src/tarea1/src/follow.cpp:36:16:[m[K [01;31m[Kerror: [m[K‘[01m[Kposiciones[m[K’ was not declared in this scope
   36 |     float dx = [01;31m[Kposiciones[m[K[i][0]-pos_x;
      |                [01;31m[K^~~~~~~~~~[m[K
[01m[K/home/maria/rob_ws/src/tarea1/src/posicion_control.cpp:32:12:[m[K [01;35m[Kwarning: [m[Kunused variable ‘[01m[Korientacion[m[K’ [[01;35m[K]8;;https://gcc.gnu.org/onlinedocs/gcc/Warning-Options.html#index-Wunused-variable-Wunused-variable]8;;[m[K]
   32 |     double [01;35m[Korientacion[m[K = msg->orientation.z;
      |            [01;35m[K^~~~~~~~~~~[m[K
[01m[K/home/maria/rob_ws/src/tarea1/src/follow.cpp:36:27:[m[K [01;31m[Kerror: [m[K‘[01m[Ki[m[K’ was not declared in this scope
   36 |     float dx = posiciones[[01;31m[Ki[m[K][0]-pos_x;
      |                           [01;31m[K^[m[K
[01m[K/home/maria/rob_ws/src/tarea1/src/follow.cpp:40:5:[m[K [01;31m[Kerror: [m[K‘[01m[Kdistancia[m[K’ was not declared in this scope
   40 |     [01;31m[Kdistancia[m[K = std::sqrt(std::pow(dx, 2) + std::pow(dy, 2));
      |     [01;31m[K^~~~~~~~~[m[K
[01m[K/home/maria/rob_ws/src/tarea1/src/follow.cpp:41:5:[m[K [01;31m[Kerror: [m[K‘[01m[Kdif[m[K’ was not declared in this scope; did you mean ‘[01m[Kdiv[m[K’?
   41 |     [01;31m[Kdif[m[K = theta - orientacion;
      |     [01;31m[K^~~[m[K
      |     [32m[Kdiv[m[K
gmake[2]: *** [CMakeFiles/follow.dir/build.make:76: CMakeFiles/follow.dir/src/follow.cpp.o] Error 1
gmake[1]: *** [CMakeFiles/Makefile2:249: CMakeFiles/follow.dir/all] Error 2
gmake[1]: *** Waiting for unfinished jobs....
gmake[2]: *** [CMakeFiles/posicion_control.dir/build.make:76: CMakeFiles/posicion_control.dir/src/posicion_control.cpp.o] Error 1
gmake[1]: *** [CMakeFiles/Makefile2:223: CMakeFiles/posicion_control.dir/all] Error 2
gmake: *** [Makefile:146: all] Error 2
