[0.012s] Invoking command in '/home/maria/rob_ws/build/tarea1': CMAKE_PREFIX_PATH=${CMAKE_PREFIX_PATH}:/opt/ros/humble /usr/bin/cmake --build /home/maria/rob_ws/build/tarea1 -- -j12 -l12
[0.058s] -- Found ament_cmake: 1.3.12 (/opt/ros/humble/share/ament_cmake/cmake)
[0.156s] -- Found rclcpp: 16.0.15 (/opt/ros/humble/share/rclcpp/cmake)
[0.178s] -- Found rosidl_generator_c: 3.1.7 (/opt/ros/humble/share/rosidl_generator_c/cmake)
[0.180s] -- Found rosidl_adapter: 3.1.7 (/opt/ros/humble/share/rosidl_adapter/cmake)
[0.187s] -- Found rosidl_generator_cpp: 3.1.7 (/opt/ros/humble/share/rosidl_generator_cpp/cmake)
[0.208s] -- Using all available rosidl_typesupport_c: rosidl_typesupport_fastrtps_c;rosidl_typesupport_introspection_c
[0.217s] -- Using all available rosidl_typesupport_cpp: rosidl_typesupport_fastrtps_cpp;rosidl_typesupport_introspection_cpp
[0.240s] -- Found rmw_implementation_cmake: 6.1.2 (/opt/ros/humble/share/rmw_implementation_cmake/cmake)
[0.241s] -- Found rmw_fastrtps_cpp: 6.2.8 (/opt/ros/humble/share/rmw_fastrtps_cpp/cmake)
[0.305s] -- Using RMW implementation 'rmw_fastrtps_cpp' as default
[0.340s] -- Found geometry_msgs: 4.9.0 (/opt/ros/humble/share/geometry_msgs/cmake)
[0.396s] -- Configuring done
[0.410s] -- Generating done
[0.415s] -- Build files have been written to: /home/maria/rob_ws/build/tarea1
[0.435s] [35m[1mConsolidate compiler generated dependencies of target velocidad[0m
[0.437s] [35m[1mConsolidate compiler generated dependencies of target circulo[0m
[0.437s] [35m[1mConsolidate compiler generated dependencies of target posicion[0m
[0.443s] [ 10%] [32mBuilding CXX object CMakeFiles/follow.dir/src/follow.cpp.o[0m
[0.445s] [ 20%] [32mBuilding CXX object CMakeFiles/posicion_control.dir/src/posicion_control.cpp.o[0m
[0.456s] [ 80%] Built target velocidad
[0.456s] [ 80%] Built target circulo
[0.456s] [ 80%] Built target posicion
[1.919s] [01m[K/home/maria/rob_ws/src/tarea1/src/posicion_control.cpp:[m[K In member function ‘[01m[Kvoid MM::pose_callback(geometry_msgs::msg::Pose_<std::allocator<void> >::SharedPtr)[m[K’:
[1.919s] [01m[K/home/maria/rob_ws/src/tarea1/src/posicion_control.cpp:41:25:[m[K [01;31m[Kerror: [m[K‘[01m[Korientation[m[K’ was not declared in this scope; did you mean ‘[01m[Korientacion[m[K’?
[1.919s]    41 |         cmd.angular.z = [01;31m[Korientation[m[K * 0.5;
[1.919s]       |                         [01;31m[K^~~~~~~~~~~[m[K
[1.919s]       |                         [32m[Korientacion[m[K
[1.919s] [01m[K/home/maria/rob_ws/src/tarea1/src/follow.cpp:[m[K In member function ‘[01m[Kvoid MM::pose_callback(geometry_msgs::msg::Pose_<std::allocator<void> >::SharedPtr)[m[K’:
[1.919s] [01m[K/home/maria/rob_ws/src/tarea1/src/follow.cpp:36:16:[m[K [01;31m[Kerror: [m[K‘[01m[Kposiciones[m[K’ was not declared in this scope
[1.919s]    36 |     float dx = [01;31m[Kposiciones[m[K[i][0]-pos_x;
[1.919s]       |                [01;31m[K^~~~~~~~~~[m[K
[1.919s] [01m[K/home/maria/rob_ws/src/tarea1/src/posicion_control.cpp:32:12:[m[K [01;35m[Kwarning: [m[Kunused variable ‘[01m[Korientacion[m[K’ [[01;35m[K]8;;https://gcc.gnu.org/onlinedocs/gcc/Warning-Options.html#index-Wunused-variable-Wunused-variable]8;;[m[K]
[1.919s]    32 |     double [01;35m[Korientacion[m[K = msg->orientation.z;
[1.919s]       |            [01;35m[K^~~~~~~~~~~[m[K
[1.921s] [01m[K/home/maria/rob_ws/src/tarea1/src/follow.cpp:36:27:[m[K [01;31m[Kerror: [m[K‘[01m[Ki[m[K’ was not declared in this scope
[1.922s]    36 |     float dx = posiciones[[01;31m[Ki[m[K][0]-pos_x;
[1.922s]       |                           [01;31m[K^[m[K
[1.925s] [01m[K/home/maria/rob_ws/src/tarea1/src/follow.cpp:40:5:[m[K [01;31m[Kerror: [m[K‘[01m[Kdistancia[m[K’ was not declared in this scope
[1.925s]    40 |     [01;31m[Kdistancia[m[K = std::sqrt(std::pow(dx, 2) + std::pow(dy, 2));
[1.925s]       |     [01;31m[K^~~~~~~~~[m[K
[1.928s] [01m[K/home/maria/rob_ws/src/tarea1/src/follow.cpp:41:5:[m[K [01;31m[Kerror: [m[K‘[01m[Kdif[m[K’ was not declared in this scope; did you mean ‘[01m[Kdiv[m[K’?
[1.928s]    41 |     [01;31m[Kdif[m[K = theta - orientacion;
[1.928s]       |     [01;31m[K^~~[m[K
[1.928s]       |     [32m[Kdiv[m[K
[3.467s] gmake[2]: *** [CMakeFiles/follow.dir/build.make:76: CMakeFiles/follow.dir/src/follow.cpp.o] Error 1
[3.467s] gmake[1]: *** [CMakeFiles/Makefile2:249: CMakeFiles/follow.dir/all] Error 2
[3.467s] gmake[1]: *** Waiting for unfinished jobs....
[3.474s] gmake[2]: *** [CMakeFiles/posicion_control.dir/build.make:76: CMakeFiles/posicion_control.dir/src/posicion_control.cpp.o] Error 1
[3.474s] gmake[1]: *** [CMakeFiles/Makefile2:223: CMakeFiles/posicion_control.dir/all] Error 2
[3.474s] gmake: *** [Makefile:146: all] Error 2
[3.476s] Invoked command in '/home/maria/rob_ws/build/tarea1' returned '2': CMAKE_PREFIX_PATH=${CMAKE_PREFIX_PATH}:/opt/ros/humble /usr/bin/cmake --build /home/maria/rob_ws/build/tarea1 -- -j12 -l12
