-- The C compiler identification is GNU 11.4.0
-- The CXX compiler identification is GNU 11.4.0
-- Detecting C compiler ABI info
-- Detecting C compiler ABI info - done
-- Check for working C compiler: /usr/bin/cc - skipped
-- Detecting C compile features
-- Detecting C compile features - done
-- Detecting CXX compiler ABI info
-- Detecting CXX compiler ABI info - done
-- Check for working CXX compiler: /usr/bin/c++ - skipped
-- Detecting CXX compile features
-- Detecting CXX compile features - done
-- Found ament_cmake: 1.3.12 (/opt/ros/humble/share/ament_cmake/cmake)
-- Found Python3: /usr/bin/python3 (found version "3.10.12") found components: Interpreter 
-- Found ament_lint_auto: 0.12.14 (/opt/ros/humble/share/ament_lint_auto/cmake)
-- Added test 'lint_cmake' to check CMake code style
-- Added test 'xmllint' to check XML markup files
-- Configuring done
-- Generating done
-- Build files have been written to: /home/maria/rob_ws/build/tarea1
-- Install configuration: ""
-- Installing: /home/maria/rob_ws/install/tarea1/share/ament_index/resource_index/package_run_dependencies/tarea1
-- Installing: /home/maria/rob_ws/install/tarea1/share/ament_index/resource_index/parent_prefix_path/tarea1
-- Installing: /home/maria/rob_ws/install/tarea1/share/tarea1/environment/ament_prefix_path.sh
-- Installing: /home/maria/rob_ws/install/tarea1/share/tarea1/environment/ament_prefix_path.dsv
-- Installing: /home/maria/rob_ws/install/tarea1/share/tarea1/environment/path.sh
-- Installing: /home/maria/rob_ws/install/tarea1/share/tarea1/environment/path.dsv
-- Installing: /home/maria/rob_ws/install/tarea1/share/tarea1/local_setup.bash
-- Installing: /home/maria/rob_ws/install/tarea1/share/tarea1/local_setup.sh
-- Installing: /home/maria/rob_ws/install/tarea1/share/tarea1/local_setup.zsh
-- Installing: /home/maria/rob_ws/install/tarea1/share/tarea1/local_setup.dsv
-- Installing: /home/maria/rob_ws/install/tarea1/share/tarea1/package.dsv
-- Installing: /home/maria/rob_ws/install/tarea1/share/ament_index/resource_index/packages/tarea1
-- Installing: /home/maria/rob_ws/install/tarea1/share/tarea1/cmake/tarea1Config.cmake
-- Installing: /home/maria/rob_ws/install/tarea1/share/tarea1/cmake/tarea1Config-version.cmake
-- Installing: /home/maria/rob_ws/install/tarea1/share/tarea1/package.xml
