[0.009s] Invoking command in '/home/maria/rob_ws/build/tarea1': CMAKE_PREFIX_PATH=${CMAKE_PREFIX_PATH}:/opt/ros/humble /usr/bin/cmake /home/maria/rob_ws/src/tarea1 -DCMAKE_INSTALL_PREFIX=/home/maria/rob_ws/install/tarea1
[0.049s] -- The C compiler identification is GNU 11.4.0
[0.089s] -- The CXX compiler identification is GNU 11.4.0
[0.095s] -- Detecting C compiler ABI info
[0.153s] -- Detecting C compiler ABI info - done
[0.157s] -- Check for working C compiler: /usr/bin/cc - skipped
[0.157s] -- Detecting C compile features
[0.158s] -- Detecting C compile features - done
[0.160s] -- Detecting CXX compiler ABI info
[0.222s] -- Detecting CXX compiler ABI info - done
[0.230s] -- Check for working CXX compiler: /usr/bin/c++ - skipped
[0.230s] -- Detecting CXX compile features
[0.230s] -- Detecting CXX compile features - done
[0.232s] -- Found ament_cmake: 1.3.12 (/opt/ros/humble/share/ament_cmake/cmake)
[0.351s] -- Found Python3: /usr/bin/python3 (found version "3.10.12") found components: Interpreter 
[0.419s] -- Found ament_lint_auto: 0.12.14 (/opt/ros/humble/share/ament_lint_auto/cmake)
[0.476s] -- Added test 'lint_cmake' to check CMake code style
[0.476s] -- Added test 'xmllint' to check XML markup files
[0.477s] -- Configuring done
[0.479s] -- Generating done
[0.479s] -- Build files have been written to: /home/maria/rob_ws/build/tarea1
[0.483s] Invoked command in '/home/maria/rob_ws/build/tarea1' returned '0': CMAKE_PREFIX_PATH=${CMAKE_PREFIX_PATH}:/opt/ros/humble /usr/bin/cmake /home/maria/rob_ws/src/tarea1 -DCMAKE_INSTALL_PREFIX=/home/maria/rob_ws/install/tarea1
[0.484s] Invoking command in '/home/maria/rob_ws/build/tarea1': CMAKE_PREFIX_PATH=${CMAKE_PREFIX_PATH}:/opt/ros/humble /usr/bin/cmake --build /home/maria/rob_ws/build/tarea1 -- -j12 -l12
[0.514s] Invoked command in '/home/maria/rob_ws/build/tarea1' returned '0': CMAKE_PREFIX_PATH=${CMAKE_PREFIX_PATH}:/opt/ros/humble /usr/bin/cmake --build /home/maria/rob_ws/build/tarea1 -- -j12 -l12
[0.515s] Invoking command in '/home/maria/rob_ws/build/tarea1': CMAKE_PREFIX_PATH=${CMAKE_PREFIX_PATH}:/opt/ros/humble /usr/bin/cmake --install /home/maria/rob_ws/build/tarea1
[0.521s] -- Install configuration: ""
[0.522s] -- Installing: /home/maria/rob_ws/install/tarea1/share/ament_index/resource_index/package_run_dependencies/tarea1
[0.522s] -- Installing: /home/maria/rob_ws/install/tarea1/share/ament_index/resource_index/parent_prefix_path/tarea1
[0.522s] -- Installing: /home/maria/rob_ws/install/tarea1/share/tarea1/environment/ament_prefix_path.sh
[0.522s] -- Installing: /home/maria/rob_ws/install/tarea1/share/tarea1/environment/ament_prefix_path.dsv
[0.522s] -- Installing: /home/maria/rob_ws/install/tarea1/share/tarea1/environment/path.sh
[0.522s] -- Installing: /home/maria/rob_ws/install/tarea1/share/tarea1/environment/path.dsv
[0.522s] -- Installing: /home/maria/rob_ws/install/tarea1/share/tarea1/local_setup.bash
[0.522s] -- Installing: /home/maria/rob_ws/install/tarea1/share/tarea1/local_setup.sh
[0.522s] -- Installing: /home/maria/rob_ws/install/tarea1/share/tarea1/local_setup.zsh
[0.522s] -- Installing: /home/maria/rob_ws/install/tarea1/share/tarea1/local_setup.dsv
[0.522s] -- Installing: /home/maria/rob_ws/install/tarea1/share/tarea1/package.dsv
[0.522s] -- Installing: /home/maria/rob_ws/install/tarea1/share/ament_index/resource_index/packages/tarea1
[0.522s] -- Installing: /home/maria/rob_ws/install/tarea1/share/tarea1/cmake/tarea1Config.cmake
[0.522s] -- Installing: /home/maria/rob_ws/install/tarea1/share/tarea1/cmake/tarea1Config-version.cmake
[0.522s] -- Installing: /home/maria/rob_ws/install/tarea1/share/tarea1/package.xml
[0.524s] Invoked command in '/home/maria/rob_ws/build/tarea1' returned '0': CMAKE_PREFIX_PATH=${CMAKE_PREFIX_PATH}:/opt/ros/humble /usr/bin/cmake --install /home/maria/rob_ws/build/tarea1
