[0.009s] Invoking command in '/home/maria/rob_ws/build/tarea1': CMAKE_PREFIX_PATH=${CMAKE_PREFIX_PATH}:/opt/ros/humble /usr/bin/cmake --build /home/maria/rob_ws/build/tarea1 -- -j12 -l12
[0.042s] [35m[1mConsolidate compiler generated dependencies of target sensor[0m
[0.049s] [ 16%] Built target posicion
[0.050s] [ 41%] Built target circulo
[0.050s] [ 50%] Built target follow
[0.051s] [ 66%] Built target velocidad
[0.053s] [ 83%] Built target posicion_control
[0.056s] [ 91%] [32mBuilding CXX object CMakeFiles/sensor.dir/src/sensor.cpp.o[0m
[5.982s] [100%] [32m[1mLinking CXX executable sensor[0m
[6.219s] [100%] Built target sensor
[6.228s] Invoked command in '/home/maria/rob_ws/build/tarea1' returned '0': CMAKE_PREFIX_PATH=${CMAKE_PREFIX_PATH}:/opt/ros/humble /usr/bin/cmake --build /home/maria/rob_ws/build/tarea1 -- -j12 -l12
[6.229s] Invoking command in '/home/maria/rob_ws/build/tarea1': CMAKE_PREFIX_PATH=${CMAKE_PREFIX_PATH}:/opt/ros/humble /usr/bin/cmake --install /home/maria/rob_ws/build/tarea1
[6.235s] -- Install configuration: ""
[6.235s] -- Up-to-date: /home/maria/rob_ws/install/tarea1/share/tarea1
[6.236s] -- Up-to-date: /home/maria/rob_ws/install/tarea1/lib/tarea1/velocidad
[6.236s] -- Up-to-date: /home/maria/rob_ws/install/tarea1/lib/tarea1/posicion
[6.236s] -- Up-to-date: /home/maria/rob_ws/install/tarea1/lib/tarea1/circulo
[6.236s] -- Up-to-date: /home/maria/rob_ws/install/tarea1/lib/tarea1/posicion_control
[6.236s] -- Up-to-date: /home/maria/rob_ws/install/tarea1/lib/tarea1/follow
[6.236s] -- Installing: /home/maria/rob_ws/install/tarea1/lib/tarea1/sensor
[6.239s] -- Set runtime path of "/home/maria/rob_ws/install/tarea1/lib/tarea1/sensor" to ""
[6.239s] -- Up-to-date: /home/maria/rob_ws/install/tarea1/share/ament_index/resource_index/package_run_dependencies/tarea1
[6.239s] -- Up-to-date: /home/maria/rob_ws/install/tarea1/share/ament_index/resource_index/parent_prefix_path/tarea1
[6.239s] -- Up-to-date: /home/maria/rob_ws/install/tarea1/share/tarea1/environment/ament_prefix_path.sh
[6.239s] -- Up-to-date: /home/maria/rob_ws/install/tarea1/share/tarea1/environment/ament_prefix_path.dsv
[6.239s] -- Up-to-date: /home/maria/rob_ws/install/tarea1/share/tarea1/environment/path.sh
[6.239s] -- Up-to-date: /home/maria/rob_ws/install/tarea1/share/tarea1/environment/path.dsv
[6.239s] -- Up-to-date: /home/maria/rob_ws/install/tarea1/share/tarea1/local_setup.bash
[6.239s] -- Up-to-date: /home/maria/rob_ws/install/tarea1/share/tarea1/local_setup.sh
[6.239s] -- Up-to-date: /home/maria/rob_ws/install/tarea1/share/tarea1/local_setup.zsh
[6.239s] -- Up-to-date: /home/maria/rob_ws/install/tarea1/share/tarea1/local_setup.dsv
[6.239s] -- Installing: /home/maria/rob_ws/install/tarea1/share/tarea1/package.dsv
[6.239s] -- Up-to-date: /home/maria/rob_ws/install/tarea1/share/ament_index/resource_index/packages/tarea1
[6.239s] -- Up-to-date: /home/maria/rob_ws/install/tarea1/share/tarea1/cmake/tarea1Config.cmake
[6.239s] -- Up-to-date: /home/maria/rob_ws/install/tarea1/share/tarea1/cmake/tarea1Config-version.cmake
[6.239s] -- Up-to-date: /home/maria/rob_ws/install/tarea1/share/tarea1/package.xml
[6.241s] Invoked command in '/home/maria/rob_ws/build/tarea1' returned '0': CMAKE_PREFIX_PATH=${CMAKE_PREFIX_PATH}:/opt/ros/humble /usr/bin/cmake --install /home/maria/rob_ws/build/tarea1
