[0.009s] Invoking command in '/home/maria/rob_ws/build/tarea1': CMAKE_PREFIX_PATH=${CMAKE_PREFIX_PATH}:/opt/ros/humble /usr/bin/cmake --build /home/maria/rob_ws/build/tarea1 -- -j12 -l12
[0.026s] -- Found ament_cmake: 1.3.12 (/opt/ros/humble/share/ament_cmake/cmake)
[0.120s] -- Found rclcpp: 16.0.15 (/opt/ros/humble/share/rclcpp/cmake)
[0.136s] -- Found rosidl_generator_c: 3.1.7 (/opt/ros/humble/share/rosidl_generator_c/cmake)
[0.138s] -- Found rosidl_adapter: 3.1.7 (/opt/ros/humble/share/rosidl_adapter/cmake)
[0.141s] -- Found rosidl_generator_cpp: 3.1.7 (/opt/ros/humble/share/rosidl_generator_cpp/cmake)
[0.148s] -- Using all available rosidl_typesupport_c: rosidl_typesupport_fastrtps_c;rosidl_typesupport_introspection_c
[0.155s] -- Using all available rosidl_typesupport_cpp: rosidl_typesupport_fastrtps_cpp;rosidl_typesupport_introspection_cpp
[0.175s] -- Found rmw_implementation_cmake: 6.1.2 (/opt/ros/humble/share/rmw_implementation_cmake/cmake)
[0.175s] -- Found rmw_fastrtps_cpp: 6.2.8 (/opt/ros/humble/share/rmw_fastrtps_cpp/cmake)
[0.241s] -- Using RMW implementation 'rmw_fastrtps_cpp' as default
[0.270s] -- Found geometry_msgs: 4.9.0 (/opt/ros/humble/share/geometry_msgs/cmake)
[0.323s] -- Configuring done
[0.333s] -- Generating done
[0.338s] -- Build files have been written to: /home/maria/rob_ws/build/tarea1
[0.358s] [35m[1mConsolidate compiler generated dependencies of target posicion[0m
[0.360s] [35m[1mConsolidate compiler generated dependencies of target velocidad[0m
[0.368s] [ 16%] [32mBuilding CXX object CMakeFiles/circulo.dir/src/posicion.cpp.o[0m
[0.370s] [ 50%] Built target posicion
[0.374s] [ 83%] Built target velocidad
[5.821s] [100%] [32m[1mLinking CXX executable circulo[0m
[6.093s] [100%] Built target circulo
[6.102s] Invoked command in '/home/maria/rob_ws/build/tarea1' returned '0': CMAKE_PREFIX_PATH=${CMAKE_PREFIX_PATH}:/opt/ros/humble /usr/bin/cmake --build /home/maria/rob_ws/build/tarea1 -- -j12 -l12
[6.102s] Invoking command in '/home/maria/rob_ws/build/tarea1': CMAKE_PREFIX_PATH=${CMAKE_PREFIX_PATH}:/opt/ros/humble /usr/bin/cmake --install /home/maria/rob_ws/build/tarea1
[6.110s] -- Install configuration: ""
[6.110s] -- Up-to-date: /home/maria/rob_ws/install/tarea1/share/tarea1
[6.110s] -- Up-to-date: /home/maria/rob_ws/install/tarea1/lib/tarea1/velocidad
[6.110s] -- Up-to-date: /home/maria/rob_ws/install/tarea1/lib/tarea1/posicion
[6.110s] -- Installing: /home/maria/rob_ws/install/tarea1/lib/tarea1/circulo
[6.112s] -- Set runtime path of "/home/maria/rob_ws/install/tarea1/lib/tarea1/circulo" to ""
[6.112s] -- Up-to-date: /home/maria/rob_ws/install/tarea1/share/ament_index/resource_index/package_run_dependencies/tarea1
[6.112s] -- Up-to-date: /home/maria/rob_ws/install/tarea1/share/ament_index/resource_index/parent_prefix_path/tarea1
[6.112s] -- Up-to-date: /home/maria/rob_ws/install/tarea1/share/tarea1/environment/ament_prefix_path.sh
[6.112s] -- Installing: /home/maria/rob_ws/install/tarea1/share/tarea1/environment/ament_prefix_path.dsv
[6.112s] -- Up-to-date: /home/maria/rob_ws/install/tarea1/share/tarea1/environment/path.sh
[6.112s] -- Installing: /home/maria/rob_ws/install/tarea1/share/tarea1/environment/path.dsv
[6.112s] -- Up-to-date: /home/maria/rob_ws/install/tarea1/share/tarea1/local_setup.bash
[6.113s] -- Up-to-date: /home/maria/rob_ws/install/tarea1/share/tarea1/local_setup.sh
[6.113s] -- Up-to-date: /home/maria/rob_ws/install/tarea1/share/tarea1/local_setup.zsh
[6.113s] -- Installing: /home/maria/rob_ws/install/tarea1/share/tarea1/local_setup.dsv
[6.113s] -- Installing: /home/maria/rob_ws/install/tarea1/share/tarea1/package.dsv
[6.113s] -- Up-to-date: /home/maria/rob_ws/install/tarea1/share/ament_index/resource_index/packages/tarea1
[6.113s] -- Up-to-date: /home/maria/rob_ws/install/tarea1/share/tarea1/cmake/tarea1Config.cmake
[6.113s] -- Up-to-date: /home/maria/rob_ws/install/tarea1/share/tarea1/cmake/tarea1Config-version.cmake
[6.113s] -- Up-to-date: /home/maria/rob_ws/install/tarea1/share/tarea1/package.xml
[6.114s] Invoked command in '/home/maria/rob_ws/build/tarea1' returned '0': CMAKE_PREFIX_PATH=${CMAKE_PREFIX_PATH}:/opt/ros/humble /usr/bin/cmake --install /home/maria/rob_ws/build/tarea1
