[0.009s] Invoking command in '/home/maria/rob_ws/build/tarea1': CMAKE_PREFIX_PATH=${CMAKE_PREFIX_PATH}:/opt/ros/humble /usr/bin/cmake --build /home/maria/rob_ws/build/tarea1 -- -j12 -l12
[0.027s] -- Found ament_cmake: 1.3.12 (/opt/ros/humble/share/ament_cmake/cmake)
[0.118s] -- Found rclcpp: 16.0.15 (/opt/ros/humble/share/rclcpp/cmake)
[0.134s] -- Found rosidl_generator_c: 3.1.7 (/opt/ros/humble/share/rosidl_generator_c/cmake)
[0.136s] -- Found rosidl_adapter: 3.1.7 (/opt/ros/humble/share/rosidl_adapter/cmake)
[0.139s] -- Found rosidl_generator_cpp: 3.1.7 (/opt/ros/humble/share/rosidl_generator_cpp/cmake)
[0.145s] -- Using all available rosidl_typesupport_c: rosidl_typesupport_fastrtps_c;rosidl_typesupport_introspection_c
[0.152s] -- Using all available rosidl_typesupport_cpp: rosidl_typesupport_fastrtps_cpp;rosidl_typesupport_introspection_cpp
[0.171s] -- Found rmw_implementation_cmake: 6.1.2 (/opt/ros/humble/share/rmw_implementation_cmake/cmake)
[0.172s] -- Found rmw_fastrtps_cpp: 6.2.8 (/opt/ros/humble/share/rmw_fastrtps_cpp/cmake)
[0.249s] -- Using RMW implementation 'rmw_fastrtps_cpp' as default
[0.278s] -- Found geometry_msgs: 4.9.0 (/opt/ros/humble/share/geometry_msgs/cmake)
[0.332s] -- Configuring done
[0.341s] -- Generating done
[0.344s] -- Build files have been written to: /home/maria/rob_ws/build/tarea1
[0.365s] [35m[1mConsolidate compiler generated dependencies of target posicion[0m
[0.366s] [35m[1mConsolidate compiler generated dependencies of target velocidad[0m
[0.375s] [ 16%] [32mBuilding CXX object CMakeFiles/circulo.dir/src/circulo.cpp.o[0m
[0.377s] [ 50%] Built target posicion
[0.379s] [ 83%] Built target velocidad
[3.091s] [100%] [32m[1mLinking CXX executable circulo[0m
[3.228s] [100%] Built target circulo
[3.238s] Invoked command in '/home/maria/rob_ws/build/tarea1' returned '0': CMAKE_PREFIX_PATH=${CMAKE_PREFIX_PATH}:/opt/ros/humble /usr/bin/cmake --build /home/maria/rob_ws/build/tarea1 -- -j12 -l12
[3.239s] Invoking command in '/home/maria/rob_ws/build/tarea1': CMAKE_PREFIX_PATH=${CMAKE_PREFIX_PATH}:/opt/ros/humble /usr/bin/cmake --install /home/maria/rob_ws/build/tarea1
[3.245s] -- Install configuration: ""
[3.245s] -- Up-to-date: /home/maria/rob_ws/install/tarea1/share/tarea1
[3.245s] -- Up-to-date: /home/maria/rob_ws/install/tarea1/lib/tarea1/velocidad
[3.245s] -- Up-to-date: /home/maria/rob_ws/install/tarea1/lib/tarea1/posicion
[3.245s] -- Installing: /home/maria/rob_ws/install/tarea1/lib/tarea1/circulo
[3.246s] -- Set runtime path of "/home/maria/rob_ws/install/tarea1/lib/tarea1/circulo" to ""
[3.246s] -- Up-to-date: /home/maria/rob_ws/install/tarea1/share/ament_index/resource_index/package_run_dependencies/tarea1
[3.246s] -- Up-to-date: /home/maria/rob_ws/install/tarea1/share/ament_index/resource_index/parent_prefix_path/tarea1
[3.246s] -- Up-to-date: /home/maria/rob_ws/install/tarea1/share/tarea1/environment/ament_prefix_path.sh
[3.246s] -- Installing: /home/maria/rob_ws/install/tarea1/share/tarea1/environment/ament_prefix_path.dsv
[3.246s] -- Up-to-date: /home/maria/rob_ws/install/tarea1/share/tarea1/environment/path.sh
[3.246s] -- Installing: /home/maria/rob_ws/install/tarea1/share/tarea1/environment/path.dsv
[3.246s] -- Up-to-date: /home/maria/rob_ws/install/tarea1/share/tarea1/local_setup.bash
[3.247s] -- Up-to-date: /home/maria/rob_ws/install/tarea1/share/tarea1/local_setup.sh
[3.247s] -- Up-to-date: /home/maria/rob_ws/install/tarea1/share/tarea1/local_setup.zsh
[3.247s] -- Installing: /home/maria/rob_ws/install/tarea1/share/tarea1/local_setup.dsv
[3.247s] -- Installing: /home/maria/rob_ws/install/tarea1/share/tarea1/package.dsv
[3.247s] -- Up-to-date: /home/maria/rob_ws/install/tarea1/share/ament_index/resource_index/packages/tarea1
[3.247s] -- Up-to-date: /home/maria/rob_ws/install/tarea1/share/tarea1/cmake/tarea1Config.cmake
[3.247s] -- Up-to-date: /home/maria/rob_ws/install/tarea1/share/tarea1/cmake/tarea1Config-version.cmake
[3.247s] -- Up-to-date: /home/maria/rob_ws/install/tarea1/share/tarea1/package.xml
[3.248s] Invoked command in '/home/maria/rob_ws/build/tarea1' returned '0': CMAKE_PREFIX_PATH=${CMAKE_PREFIX_PATH}:/opt/ros/humble /usr/bin/cmake --install /home/maria/rob_ws/build/tarea1
