[0.010s] Invoking command in '/home/maria/rob_ws/build/tarea1': CMAKE_PREFIX_PATH=${CMAKE_PREFIX_PATH}:/opt/ros/humble /usr/bin/cmake --build /home/maria/rob_ws/build/tarea1 -- -j12 -l12
[0.042s] [35m[1mConsolidate compiler generated dependencies of target circulo[0m
[0.050s] [ 42%] Built target sensor
[0.050s] [ 42%] Built target posicion
[0.050s] [ 42%] Built target posicion_control
[0.052s] [ 57%] Built target sensor_simple
[0.052s] [ 71%] Built target velocidad
[0.053s] [ 85%] Built target follow
[0.055s] [ 92%] [32mBuilding CXX object CMakeFiles/circulo.dir/src/circulo.cpp.o[0m
[2.645s] [100%] [32m[1mLinking CXX executable circulo[0m
[2.770s] [100%] Built target circulo
[2.779s] Invoked command in '/home/maria/rob_ws/build/tarea1' returned '0': CMAKE_PREFIX_PATH=${CMAKE_PREFIX_PATH}:/opt/ros/humble /usr/bin/cmake --build /home/maria/rob_ws/build/tarea1 -- -j12 -l12
[2.780s] Invoking command in '/home/maria/rob_ws/build/tarea1': CMAKE_PREFIX_PATH=${CMAKE_PREFIX_PATH}:/opt/ros/humble /usr/bin/cmake --install /home/maria/rob_ws/build/tarea1
[2.786s] -- Install configuration: ""
[2.786s] -- Up-to-date: /home/maria/rob_ws/install/tarea1/share/tarea1
[2.786s] -- Up-to-date: /home/maria/rob_ws/install/tarea1/lib/tarea1/velocidad
[2.787s] -- Up-to-date: /home/maria/rob_ws/install/tarea1/lib/tarea1/posicion
[2.787s] -- Installing: /home/maria/rob_ws/install/tarea1/lib/tarea1/circulo
[2.787s] -- Set runtime path of "/home/maria/rob_ws/install/tarea1/lib/tarea1/circulo" to ""
[2.788s] -- Up-to-date: /home/maria/rob_ws/install/tarea1/lib/tarea1/posicion_control
[2.788s] -- Up-to-date: /home/maria/rob_ws/install/tarea1/lib/tarea1/follow
[2.788s] -- Up-to-date: /home/maria/rob_ws/install/tarea1/lib/tarea1/sensor
[2.788s] -- Up-to-date: /home/maria/rob_ws/install/tarea1/lib/tarea1/sensor_simple
[2.788s] -- Up-to-date: /home/maria/rob_ws/install/tarea1/share/ament_index/resource_index/package_run_dependencies/tarea1
[2.788s] -- Up-to-date: /home/maria/rob_ws/install/tarea1/share/ament_index/resource_index/parent_prefix_path/tarea1
[2.788s] -- Up-to-date: /home/maria/rob_ws/install/tarea1/share/tarea1/environment/ament_prefix_path.sh
[2.788s] -- Up-to-date: /home/maria/rob_ws/install/tarea1/share/tarea1/environment/ament_prefix_path.dsv
[2.788s] -- Up-to-date: /home/maria/rob_ws/install/tarea1/share/tarea1/environment/path.sh
[2.788s] -- Up-to-date: /home/maria/rob_ws/install/tarea1/share/tarea1/environment/path.dsv
[2.788s] -- Up-to-date: /home/maria/rob_ws/install/tarea1/share/tarea1/local_setup.bash
[2.788s] -- Up-to-date: /home/maria/rob_ws/install/tarea1/share/tarea1/local_setup.sh
[2.788s] -- Up-to-date: /home/maria/rob_ws/install/tarea1/share/tarea1/local_setup.zsh
[2.788s] -- Up-to-date: /home/maria/rob_ws/install/tarea1/share/tarea1/local_setup.dsv
[2.788s] -- Installing: /home/maria/rob_ws/install/tarea1/share/tarea1/package.dsv
[2.788s] -- Up-to-date: /home/maria/rob_ws/install/tarea1/share/ament_index/resource_index/packages/tarea1
[2.788s] -- Up-to-date: /home/maria/rob_ws/install/tarea1/share/tarea1/cmake/tarea1Config.cmake
[2.788s] -- Up-to-date: /home/maria/rob_ws/install/tarea1/share/tarea1/cmake/tarea1Config-version.cmake
[2.788s] -- Up-to-date: /home/maria/rob_ws/install/tarea1/share/tarea1/package.xml
[2.790s] Invoked command in '/home/maria/rob_ws/build/tarea1' returned '0': CMAKE_PREFIX_PATH=${CMAKE_PREFIX_PATH}:/opt/ros/humble /usr/bin/cmake --install /home/maria/rob_ws/build/tarea1
