-- Found ament_cmake: 1.3.12 (/opt/ros/humble/share/ament_cmake/cmake)
-- Found rclcpp: 16.0.15 (/opt/ros/humble/share/rclcpp/cmake)
-- Found rosidl_generator_c: 3.1.7 (/opt/ros/humble/share/rosidl_generator_c/cmake)
-- Found rosidl_adapter: 3.1.7 (/opt/ros/humble/share/rosidl_adapter/cmake)
-- Found rosidl_generator_cpp: 3.1.7 (/opt/ros/humble/share/rosidl_generator_cpp/cmake)
-- Using all available rosidl_typesupport_c: rosidl_typesupport_fastrtps_c;rosidl_typesupport_introspection_c
-- Using all available rosidl_typesupport_cpp: rosidl_typesupport_fastrtps_cpp;rosidl_typesupport_introspection_cpp
-- Found rmw_implementation_cmake: 6.1.2 (/opt/ros/humble/share/rmw_implementation_cmake/cmake)
-- Found rmw_fastrtps_cpp: 6.2.8 (/opt/ros/humble/share/rmw_fastrtps_cpp/cmake)
-- Using RMW implementation 'rmw_fastrtps_cpp' as default
-- Found geometry_msgs: 4.9.0 (/opt/ros/humble/share/geometry_msgs/cmake)
-- Configuring done
-- Generating done
-- Build files have been written to: /home/maria/rob_ws/build/tarea1
[35m[1mConsolidate compiler generated dependencies of target velocidad[0m
[ 25%] [32mBuilding CXX object CMakeFiles/posicion.dir/src/posicion.cpp.o[0m
[ 75%] Built target velocidad
[01m[K/home/maria/rob_ws/src/tarea1/src/posicion.cpp:[m[K In constructor ‘[01m[KMM::MM()[m[K’:
[01m[K/home/maria/rob_ws/src/tarea1/src/posicion.cpp:10:43:[m[K [01;31m[Kerror: [m[K‘[01m[Ksensor_msgs[m[K’ was not declared in this scope
   10 |     sub_pose = this-> create_subscription<[01;31m[Ksensor_msgs[m[K::msg::Pose>(
      |                                           [01;31m[K^~~~~~~~~~~[m[K
[01m[K/home/maria/rob_ws/src/tarea1/src/posicion.cpp:10:23:[m[K [01;31m[Kerror: [m[Kparse error in template argument list
   10 |     sub_pose = this-> [01;31m[Kcreate_subscription<sensor_msgs::msg::Pose>[m[K(
      |                       [01;31m[K^~~~~~~~~~~~~~~~~~~~~~~~~~~~~~~~~~~~~~~~~~~[m[K
[01m[K/home/maria/rob_ws/src/tarea1/src/posicion.cpp:11:43:[m[K [01;31m[Kerror: [m[K‘[01m[Kpose_callback[m[K’ is not a member of ‘[01m[KMM[m[K’
   11 |         "/robot_pose", 10, std::bind(&MM::[01;31m[Kpose_callback[m[K, this, _1));
      |                                           [01;31m[K^~~~~~~~~~~~~[m[K
[01m[K/home/maria/rob_ws/src/tarea1/src/posicion.cpp:13:5:[m[K [01;31m[Kerror: [m[K‘[01m[Ktiempo[m[K’ was not declared in this scope
   13 |     [01;31m[Ktiempo[m[K = 0;
      |     [01;31m[K^~~~~~[m[K
[01m[K/home/maria/rob_ws/src/tarea1/src/posicion.cpp:[m[K At global scope:
[01m[K/home/maria/rob_ws/src/tarea1/src/posicion.cpp:30:6:[m[K [01;31m[Kerror: [m[Kno declaration matches ‘[01m[Kvoid MM::laser_callback(geometry_msgs::msg::Pose_<std::allocator<void> >::SharedPtr)[m[K’
   30 | void [01;31m[KMM[m[K::laser_callback(const geometry_msgs::msg::Pose::SharedPtr msg)
      |      [01;31m[K^~[m[K
[01m[K/home/maria/rob_ws/src/tarea1/src/posicion.cpp:30:6:[m[K [01;36m[Knote: [m[Kno functions named ‘[01m[Kvoid MM::laser_callback(geometry_msgs::msg::Pose_<std::allocator<void> >::SharedPtr)[m[K’
In file included from [01m[K/home/maria/rob_ws/src/tarea1/src/posicion.cpp:1[m[K:
[01m[K/home/maria/rob_ws/src/tarea1/include/tarea1/posicion.hpp:5:7:[m[K [01;36m[Knote: [m[K‘[01m[Kclass MM[m[K’ defined here
    5 | class [01;36m[KMM[m[K : public rclcpp::Node
      |       [01;36m[K^~[m[K
gmake[2]: *** [CMakeFiles/posicion.dir/build.make:76: CMakeFiles/posicion.dir/src/posicion.cpp.o] Error 1
gmake[1]: *** [CMakeFiles/Makefile2:165: CMakeFiles/posicion.dir/all] Error 2
gmake: *** [Makefile:146: all] Error 2
