[0.009s] Invoking command in '/home/maria/rob_ws/build/tarea1': CMAKE_PREFIX_PATH=${CMAKE_PREFIX_PATH}:/opt/ros/humble /usr/bin/cmake --build /home/maria/rob_ws/build/tarea1 -- -j12 -l12
[0.031s] -- Found ament_cmake: 1.3.12 (/opt/ros/humble/share/ament_cmake/cmake)
[0.143s] -- Found rclcpp: 16.0.15 (/opt/ros/humble/share/rclcpp/cmake)
[0.166s] -- Found rosidl_generator_c: 3.1.7 (/opt/ros/humble/share/rosidl_generator_c/cmake)
[0.168s] -- Found rosidl_adapter: 3.1.7 (/opt/ros/humble/share/rosidl_adapter/cmake)
[0.173s] -- Found rosidl_generator_cpp: 3.1.7 (/opt/ros/humble/share/rosidl_generator_cpp/cmake)
[0.181s] -- Using all available rosidl_typesupport_c: rosidl_typesupport_fastrtps_c;rosidl_typesupport_introspection_c
[0.191s] -- Using all available rosidl_typesupport_cpp: rosidl_typesupport_fastrtps_cpp;rosidl_typesupport_introspection_cpp
[0.216s] -- Found rmw_implementation_cmake: 6.1.2 (/opt/ros/humble/share/rmw_implementation_cmake/cmake)
[0.217s] -- Found rmw_fastrtps_cpp: 6.2.8 (/opt/ros/humble/share/rmw_fastrtps_cpp/cmake)
[0.295s] -- Using RMW implementation 'rmw_fastrtps_cpp' as default
[0.336s] -- Found geometry_msgs: 4.9.0 (/opt/ros/humble/share/geometry_msgs/cmake)
[0.392s] -- Configuring done
[0.400s] -- Generating done
[0.403s] -- Build files have been written to: /home/maria/rob_ws/build/tarea1
[0.424s] [35m[1mConsolidate compiler generated dependencies of target velocidad[0m
[0.432s] [ 25%] [32mBuilding CXX object CMakeFiles/posicion.dir/src/posicion.cpp.o[0m
[0.439s] [ 75%] Built target velocidad
[1.920s] [01m[K/home/maria/rob_ws/src/tarea1/src/posicion.cpp:[m[K In constructor ‘[01m[KMM::MM()[m[K’:
[1.920s] [01m[K/home/maria/rob_ws/src/tarea1/src/posicion.cpp:10:43:[m[K [01;31m[Kerror: [m[K‘[01m[Ksensor_msgs[m[K’ was not declared in this scope
[1.920s]    10 |     sub_pose = this-> create_subscription<[01;31m[Ksensor_msgs[m[K::msg::Pose>(
[1.920s]       |                                           [01;31m[K^~~~~~~~~~~[m[K
[1.920s] [01m[K/home/maria/rob_ws/src/tarea1/src/posicion.cpp:10:23:[m[K [01;31m[Kerror: [m[Kparse error in template argument list
[1.920s]    10 |     sub_pose = this-> [01;31m[Kcreate_subscription<sensor_msgs::msg::Pose>[m[K(
[1.920s]       |                       [01;31m[K^~~~~~~~~~~~~~~~~~~~~~~~~~~~~~~~~~~~~~~~~~~[m[K
[1.920s] [01m[K/home/maria/rob_ws/src/tarea1/src/posicion.cpp:11:43:[m[K [01;31m[Kerror: [m[K‘[01m[Kpose_callback[m[K’ is not a member of ‘[01m[KMM[m[K’
[1.920s]    11 |         "/robot_pose", 10, std::bind(&MM::[01;31m[Kpose_callback[m[K, this, _1));
[1.920s]       |                                           [01;31m[K^~~~~~~~~~~~~[m[K
[1.923s] [01m[K/home/maria/rob_ws/src/tarea1/src/posicion.cpp:13:5:[m[K [01;31m[Kerror: [m[K‘[01m[Ktiempo[m[K’ was not declared in this scope
[1.923s]    13 |     [01;31m[Ktiempo[m[K = 0;
[1.923s]       |     [01;31m[K^~~~~~[m[K
[1.924s] [01m[K/home/maria/rob_ws/src/tarea1/src/posicion.cpp:[m[K At global scope:
[1.924s] [01m[K/home/maria/rob_ws/src/tarea1/src/posicion.cpp:30:6:[m[K [01;31m[Kerror: [m[Kno declaration matches ‘[01m[Kvoid MM::laser_callback(geometry_msgs::msg::Pose_<std::allocator<void> >::SharedPtr)[m[K’
[1.924s]    30 | void [01;31m[KMM[m[K::laser_callback(const geometry_msgs::msg::Pose::SharedPtr msg)
[1.924s]       |      [01;31m[K^~[m[K
[1.924s] [01m[K/home/maria/rob_ws/src/tarea1/src/posicion.cpp:30:6:[m[K [01;36m[Knote: [m[Kno functions named ‘[01m[Kvoid MM::laser_callback(geometry_msgs::msg::Pose_<std::allocator<void> >::SharedPtr)[m[K’
[1.924s] In file included from [01m[K/home/maria/rob_ws/src/tarea1/src/posicion.cpp:1[m[K:
[1.924s] [01m[K/home/maria/rob_ws/src/tarea1/include/tarea1/posicion.hpp:5:7:[m[K [01;36m[Knote: [m[K‘[01m[Kclass MM[m[K’ defined here
[1.924s]     5 | class [01;36m[KMM[m[K : public rclcpp::Node
[1.924s]       |       [01;36m[K^~[m[K
[2.379s] gmake[2]: *** [CMakeFiles/posicion.dir/build.make:76: CMakeFiles/posicion.dir/src/posicion.cpp.o] Error 1
[2.379s] gmake[1]: *** [CMakeFiles/Makefile2:165: CMakeFiles/posicion.dir/all] Error 2
[2.380s] gmake: *** [Makefile:146: all] Error 2
[2.381s] Invoked command in '/home/maria/rob_ws/build/tarea1' returned '2': CMAKE_PREFIX_PATH=${CMAKE_PREFIX_PATH}:/opt/ros/humble /usr/bin/cmake --build /home/maria/rob_ws/build/tarea1 -- -j12 -l12
