[0.011s] Invoking command in '/home/maria/rob_ws/build/tarea1': CMAKE_PREFIX_PATH=${CMAKE_PREFIX_PATH}:/opt/ros/humble /usr/bin/cmake --build /home/maria/rob_ws/build/tarea1 -- -j12 -l12
[0.049s] [35m[1mConsolidate compiler generated dependencies of target follow[0m
[0.049s] [35m[1mConsolidate compiler generated dependencies of target posicion_control[0m
[0.054s] [ 40%] Built target posicion
[0.054s] [ 40%] Built target velocidad
[0.061s] [ 60%] Built target circulo
[0.062s] [ 80%] Built target posicion_control
[0.063s] [ 90%] [32mBuilding CXX object CMakeFiles/follow.dir/src/follow.cpp.o[0m
[1.514s] In file included from [01m[K/home/maria/rob_ws/src/tarea1/src/follow.cpp:1[m[K:
[1.514s] [01m[K/home/maria/rob_ws/src/tarea1/include/tarea1/follow.hpp:10:2:[m[K [01;31m[Kerror: [m[Kexpected ‘[01m[K;[m[K’ after struct definition
[1.514s]    10 | }
[1.514s]       |  [01;31m[K^[m[K
[1.514s]       |  [32m[K;[m[K
[1.543s] [01m[K/home/maria/rob_ws/src/tarea1/include/tarea1/follow.hpp:35:5:[m[K [01;31m[Kerror: [m[Kexpected ‘[01m[K;[m[K’ before ‘[01m[Kint[m[K’
[1.543s]    35 |     [01;31m[Kint[m[K i = 0;
[1.543s]       |     [01;31m[K^~~[m[K
[1.554s] [01m[K/home/maria/rob_ws/src/tarea1/src/follow.cpp:[m[K In member function ‘[01m[Kvoid MM::pose_callback(geometry_msgs::msg::Pose_<std::allocator<void> >::SharedPtr)[m[K’:
[1.554s] [01m[K/home/maria/rob_ws/src/tarea1/src/follow.cpp:36:27:[m[K [01;31m[Kerror: [m[K‘[01m[Ki[m[K’ was not declared in this scope
[1.554s]    36 |     float dx = posiciones[[01;31m[Ki[m[K][0]-pos_x;
[1.554s]       |                           [01;31m[K^[m[K
[3.200s] gmake[2]: *** [CMakeFiles/follow.dir/build.make:76: CMakeFiles/follow.dir/src/follow.cpp.o] Error 1
[3.201s] gmake[1]: *** [CMakeFiles/Makefile2:249: CMakeFiles/follow.dir/all] Error 2
[3.201s] gmake: *** [Makefile:146: all] Error 2
[3.203s] Invoked command in '/home/maria/rob_ws/build/tarea1' returned '2': CMAKE_PREFIX_PATH=${CMAKE_PREFIX_PATH}:/opt/ros/humble /usr/bin/cmake --build /home/maria/rob_ws/build/tarea1 -- -j12 -l12
