[35m[1mConsolidate compiler generated dependencies of target circulo[0m
[ 14%] Built target velocidad
[ 42%] Built target follow
[ 42%] Built target posicion
[ 57%] Built target sensor_simple
[ 71%] Built target posicion_control
[ 85%] Built target sensor
[100%] Built target circulo
-- Install configuration: ""
-- Up-to-date: /home/maria/rob_ws/install/tarea1/share/tarea1
-- Up-to-date: /home/maria/rob_ws/install/tarea1/lib/tarea1/velocidad
-- Up-to-date: /home/maria/rob_ws/install/tarea1/lib/tarea1/posicion
-- Up-to-date: /home/maria/rob_ws/install/tarea1/lib/tarea1/circulo
-- Up-to-date: /home/maria/rob_ws/install/tarea1/lib/tarea1/posicion_control
-- Up-to-date: /home/maria/rob_ws/install/tarea1/lib/tarea1/follow
-- Up-to-date: /home/maria/rob_ws/install/tarea1/lib/tarea1/sensor
-- Up-to-date: /home/maria/rob_ws/install/tarea1/lib/tarea1/sensor_simple
-- Up-to-date: /home/maria/rob_ws/install/tarea1/share/ament_index/resource_index/package_run_dependencies/tarea1
-- Up-to-date: /home/maria/rob_ws/install/tarea1/share/ament_index/resource_index/parent_prefix_path/tarea1
-- Up-to-date: /home/maria/rob_ws/install/tarea1/share/tarea1/environment/ament_prefix_path.sh
-- Up-to-date: /home/maria/rob_ws/install/tarea1/share/tarea1/environment/ament_prefix_path.dsv
-- Up-to-date: /home/maria/rob_ws/install/tarea1/share/tarea1/environment/path.sh
-- Up-to-date: /home/maria/rob_ws/install/tarea1/share/tarea1/environment/path.dsv
-- Up-to-date: /home/maria/rob_ws/install/tarea1/share/tarea1/local_setup.bash
-- Up-to-date: /home/maria/rob_ws/install/tarea1/share/tarea1/local_setup.sh
-- Up-to-date: /home/maria/rob_ws/install/tarea1/share/tarea1/local_setup.zsh
-- Up-to-date: /home/maria/rob_ws/install/tarea1/share/tarea1/local_setup.dsv
-- Installing: /home/maria/rob_ws/install/tarea1/share/tarea1/package.dsv
-- Up-to-date: /home/maria/rob_ws/install/tarea1/share/ament_index/resource_index/packages/tarea1
-- Up-to-date: /home/maria/rob_ws/install/tarea1/share/tarea1/cmake/tarea1Config.cmake
-- Up-to-date: /home/maria/rob_ws/install/tarea1/share/tarea1/cmake/tarea1Config-version.cmake
-- Up-to-date: /home/maria/rob_ws/install/tarea1/share/tarea1/package.xml
