[0.009s] Invoking command in '/home/maria/rob_ws/build/tarea1': CMAKE_PREFIX_PATH=${CMAKE_PREFIX_PATH}:/opt/ros/humble /usr/bin/cmake --build /home/maria/rob_ws/build/tarea1 -- -j12 -l12
[0.044s] [35m[1mConsolidate compiler generated dependencies of target posicion_control[0m
[0.056s] [ 12%] Built target posicion
[0.057s] [ 25%] Built target circulo
[0.057s] [ 37%] Built target sensor_simple
[0.057s] [ 50%] Built target sensor
[0.057s] [ 62%] Built target velocidad
[0.058s] [ 75%] Built target mando
[0.058s] [ 87%] Built target follow
[0.060s] [ 93%] [32mBuilding CXX object CMakeFiles/posicion_control.dir/src/posicion_control.cpp.o[0m
[5.183s] [100%] [32m[1mLinking CXX executable posicion_control[0m
[5.418s] [100%] Built target posicion_control
[5.428s] Invoked command in '/home/maria/rob_ws/build/tarea1' returned '0': CMAKE_PREFIX_PATH=${CMAKE_PREFIX_PATH}:/opt/ros/humble /usr/bin/cmake --build /home/maria/rob_ws/build/tarea1 -- -j12 -l12
[5.429s] Invoking command in '/home/maria/rob_ws/build/tarea1': CMAKE_PREFIX_PATH=${CMAKE_PREFIX_PATH}:/opt/ros/humble /usr/bin/cmake --install /home/maria/rob_ws/build/tarea1
[5.436s] -- Install configuration: ""
[5.437s] -- Up-to-date: /home/maria/rob_ws/install/tarea1/share/tarea1/launch
[5.437s] -- Up-to-date: /home/maria/rob_ws/install/tarea1/share/tarea1/launch/mando.launch.py
[5.437s] -- Up-to-date: /home/maria/rob_ws/install/tarea1/share/tarea1/launch/teleop.launch.py
[5.437s] -- Up-to-date: /home/maria/rob_ws/install/tarea1/share/tarea1/config
[5.437s] -- Up-to-date: /home/maria/rob_ws/install/tarea1/share/tarea1/config/teleop_twist_joy.yaml
[5.437s] -- Up-to-date: /home/maria/rob_ws/install/tarea1/lib/tarea1/velocidad
[5.437s] -- Up-to-date: /home/maria/rob_ws/install/tarea1/lib/tarea1/posicion
[5.437s] -- Up-to-date: /home/maria/rob_ws/install/tarea1/lib/tarea1/circulo
[5.437s] -- Installing: /home/maria/rob_ws/install/tarea1/lib/tarea1/posicion_control
[5.440s] -- Set runtime path of "/home/maria/rob_ws/install/tarea1/lib/tarea1/posicion_control" to ""
[5.440s] -- Up-to-date: /home/maria/rob_ws/install/tarea1/lib/tarea1/follow
[5.440s] -- Up-to-date: /home/maria/rob_ws/install/tarea1/lib/tarea1/sensor
[5.440s] -- Up-to-date: /home/maria/rob_ws/install/tarea1/lib/tarea1/sensor_simple
[5.440s] -- Up-to-date: /home/maria/rob_ws/install/tarea1/lib/tarea1/mando
[5.440s] -- Up-to-date: /home/maria/rob_ws/install/tarea1/share/ament_index/resource_index/package_run_dependencies/tarea1
[5.440s] -- Up-to-date: /home/maria/rob_ws/install/tarea1/share/ament_index/resource_index/parent_prefix_path/tarea1
[5.440s] -- Up-to-date: /home/maria/rob_ws/install/tarea1/share/tarea1/environment/ament_prefix_path.sh
[5.440s] -- Up-to-date: /home/maria/rob_ws/install/tarea1/share/tarea1/environment/ament_prefix_path.dsv
[5.440s] -- Up-to-date: /home/maria/rob_ws/install/tarea1/share/tarea1/environment/path.sh
[5.440s] -- Up-to-date: /home/maria/rob_ws/install/tarea1/share/tarea1/environment/path.dsv
[5.440s] -- Up-to-date: /home/maria/rob_ws/install/tarea1/share/tarea1/local_setup.bash
[5.441s] -- Up-to-date: /home/maria/rob_ws/install/tarea1/share/tarea1/local_setup.sh
[5.441s] -- Up-to-date: /home/maria/rob_ws/install/tarea1/share/tarea1/local_setup.zsh
[5.441s] -- Up-to-date: /home/maria/rob_ws/install/tarea1/share/tarea1/local_setup.dsv
[5.441s] -- Installing: /home/maria/rob_ws/install/tarea1/share/tarea1/package.dsv
[5.441s] -- Up-to-date: /home/maria/rob_ws/install/tarea1/share/ament_index/resource_index/packages/tarea1
[5.441s] -- Up-to-date: /home/maria/rob_ws/install/tarea1/share/tarea1/cmake/tarea1Config.cmake
[5.441s] -- Up-to-date: /home/maria/rob_ws/install/tarea1/share/tarea1/cmake/tarea1Config-version.cmake
[5.441s] -- Up-to-date: /home/maria/rob_ws/install/tarea1/share/tarea1/package.xml
[5.442s] Invoked command in '/home/maria/rob_ws/build/tarea1' returned '0': CMAKE_PREFIX_PATH=${CMAKE_PREFIX_PATH}:/opt/ros/humble /usr/bin/cmake --install /home/maria/rob_ws/build/tarea1
