[0.009s] Invoking command in '/home/maria/rob_ws/build/tarea1': CMAKE_PREFIX_PATH=${CMAKE_PREFIX_PATH}:/opt/ros/humble /usr/bin/cmake --build /home/maria/rob_ws/build/tarea1 -- -j12 -l12
[0.045s] [35m[1mConsolidate compiler generated dependencies of target mando[0m
[0.056s] [ 12%] Built target velocidad
[0.056s] [ 25%] Built target follow
[0.056s] [ 37%] Built target circulo
[0.056s] [ 50%] Built target sensor_simple
[0.056s] [ 62%] Built target posicion_control
[0.057s] [ 75%] Built target sensor
[0.059s] [ 87%] Built target posicion
[0.062s] [ 93%] [32mBuilding CXX object CMakeFiles/mando.dir/src/mando.cpp.o[0m
[1.542s] [01m[K/home/maria/rob_ws/src/tarea1/src/mando.cpp:[m[K In constructor ‘[01m[KMM::MM()[m[K’:
[1.542s] [01m[K/home/maria/rob_ws/src/tarea1/src/mando.cpp:11:59:[m[K [01;31m[Kerror: [m[Kno match for ‘[01m[Koperator=[m[K’ (operand types are ‘[01m[Krclcpp::Subscription<geometry_msgs::msg::Pose_<std::allocator<void> > >::SharedPtr[m[K’ {aka ‘[01m[Kstd::shared_ptr<rclcpp::Subscription<geometry_msgs::msg::Pose_<std::allocator<void> > > >[m[K’} and ‘[01m[Kstd::shared_ptr<rclcpp::Subscription<sensor_msgs::msg::Joy_<std::allocator<void> >, std::allocator<void>, sensor_msgs::msg::Joy_<std::allocator<void> >, sensor_msgs::msg::Joy_<std::allocator<void> >, rclcpp::message_memory_strategy::MessageMemoryStrategy<sensor_msgs::msg::Joy_<std::allocator<void> >, std::allocator<void> > > >[m[K’)
[1.542s]    11 |         "/joy", 10, std::bind(&MM::joy_callback, this, _1)[01;31m[K)[m[K;
[1.542s]       |                                                           [01;31m[K^[m[K
[1.542s] In file included from [01m[K/usr/include/c++/11/memory:77[m[K,
[1.542s]                  from [01m[K/opt/ros/humble/include/rclcpp/rclcpp/rclcpp.hpp:153[m[K,
[1.542s]                  from [01m[K/home/maria/rob_ws/src/tarea1/include/tarea1/mando.hpp:1[m[K,
[1.542s]                  from [01m[K/home/maria/rob_ws/src/tarea1/src/mando.cpp:1[m[K:
[1.542s] [01m[K/usr/include/c++/11/bits/shared_ptr.h:363:9:[m[K [01;36m[Knote: [m[Kcandidate: ‘[01m[Ktemplate<class _Yp> std::shared_ptr<_Tp>::_Assignable<const std::shared_ptr<_Yp>&> std::shared_ptr<_Tp>::operator=(const std::shared_ptr<_Yp>&) [with _Yp = _Yp; _Tp = rclcpp::Subscription<geometry_msgs::msg::Pose_<std::allocator<void> > >][m[K’
[1.542s]   363 |         [01;36m[Koperator[m[K=(const shared_ptr<_Yp>& __r) noexcept
[1.543s]       |         [01;36m[K^~~~~~~~[m[K
[1.543s] [01m[K/usr/include/c++/11/bits/shared_ptr.h:363:9:[m[K [01;36m[Knote: [m[K  template argument deduction/substitution failed:
[1.543s] /usr/include/c++/11/bits/shared_ptr.h: In substitution of ‘[01m[Ktemplate<class _Tp> template<class _Arg> using _Assignable = typename std::enable_if<std::is_assignable<std::__shared_ptr<_Tp>&, _Arg>::value, std::shared_ptr<_Tp>&>::type [with _Arg = const std::shared_ptr<rclcpp::Subscription<sensor_msgs::msg::Joy_<std::allocator<void> >, std::allocator<void>, sensor_msgs::msg::Joy_<std::allocator<void> >, sensor_msgs::msg::Joy_<std::allocator<void> >, rclcpp::message_memory_strategy::MessageMemoryStrategy<sensor_msgs::msg::Joy_<std::allocator<void> >, std::allocator<void> > > >&; _Tp = rclcpp::Subscription<geometry_msgs::msg::Pose_<std::allocator<void> > >][m[K’:
[1.543s] [01m[K/usr/include/c++/11/bits/shared_ptr.h:363:2:[m[K   required by substitution of ‘[01m[Ktemplate<class _Yp> std::shared_ptr<rclcpp::Subscription<geometry_msgs::msg::Pose_<std::allocator<void> > > >::_Assignable<const std::shared_ptr<_Tp>&> std::shared_ptr<rclcpp::Subscription<geometry_msgs::msg::Pose_<std::allocator<void> > > >::operator=<_Yp>(const std::shared_ptr<_Tp>&) [with _Yp = rclcpp::Subscription<sensor_msgs::msg::Joy_<std::allocator<void> >, std::allocator<void>, sensor_msgs::msg::Joy_<std::allocator<void> >, sensor_msgs::msg::Joy_<std::allocator<void> >, rclcpp::message_memory_strategy::MessageMemoryStrategy<sensor_msgs::msg::Joy_<std::allocator<void> >, std::allocator<void> > >][m[K’
[1.543s] [01m[K/home/maria/rob_ws/src/tarea1/src/mando.cpp:11:59:[m[K   required from here
[1.543s] [01m[K/usr/include/c++/11/bits/shared_ptr.h:130:15:[m[K [01;31m[Kerror: [m[Kno type named ‘[01m[Ktype[m[K’ in ‘[01m[Kstruct std::enable_if<false, std::shared_ptr<rclcpp::Subscription<geometry_msgs::msg::Pose_<std::allocator<void> > > >&>[m[K’
[1.543s]   130 |         using [01;31m[K_Assignable[m[K = typename enable_if<
[1.543s]       |               [01;31m[K^~~~~~~~~~~[m[K
[1.543s] [01m[K/usr/include/c++/11/bits/shared_ptr.h:374:9:[m[K [01;36m[Knote: [m[Kcandidate: ‘[01m[Ktemplate<class _Yp> std::shared_ptr<_Tp>::_Assignable<std::auto_ptr<_Up> > std::shared_ptr<_Tp>::operator=(std::auto_ptr<_Up>&&) [with _Yp = _Yp; _Tp = rclcpp::Subscription<geometry_msgs::msg::Pose_<std::allocator<void> > >][m[K’
[1.543s]   374 |         [01;36m[Koperator[m[K=(auto_ptr<_Yp>&& __r)
[1.543s]       |         [01;36m[K^~~~~~~~[m[K
[1.543s] [01m[K/usr/include/c++/11/bits/shared_ptr.h:374:9:[m[K [01;36m[Knote: [m[K  template argument deduction/substitution failed:
[1.543s] [01m[K/home/maria/rob_ws/src/tarea1/src/mando.cpp:11:59:[m[K [01;36m[Knote: [m[K  ‘[01m[Kstd::shared_ptr<rclcpp::Subscription<sensor_msgs::msg::Joy_<std::allocator<void> >, std::allocator<void>, sensor_msgs::msg::Joy_<std::allocator<void> >, sensor_msgs::msg::Joy_<std::allocator<void> >, rclcpp::message_memory_strategy::MessageMemoryStrategy<sensor_msgs::msg::Joy_<std::allocator<void> >, std::allocator<void> > > >[m[K’ is not derived from ‘[01m[Kstd::auto_ptr<_Up>[m[K’
[1.543s]    11 |         "/joy", 10, std::bind(&MM::joy_callback, this, _1)[01;36m[K)[m[K;
[1.543s]       |                                                           [01;36m[K^[m[K
[1.543s] In file included from [01m[K/usr/include/c++/11/memory:77[m[K,
[1.543s]                  from [01m[K/opt/ros/humble/include/rclcpp/rclcpp/rclcpp.hpp:153[m[K,
[1.543s]                  from [01m[K/home/maria/rob_ws/src/tarea1/include/tarea1/mando.hpp:1[m[K,
[1.543s]                  from [01m[K/home/maria/rob_ws/src/tarea1/src/mando.cpp:1[m[K:
[1.543s] [01m[K/usr/include/c++/11/bits/shared_ptr.h:391:9:[m[K [01;36m[Knote: [m[Kcandidate: ‘[01m[Ktemplate<class _Yp> std::shared_ptr<_Tp>::_Assignable<std::shared_ptr<_Yp> > std::shared_ptr<_Tp>::operator=(std::shared_ptr<_Yp>&&) [with _Yp = _Yp; _Tp = rclcpp::Subscription<geometry_msgs::msg::Pose_<std::allocator<void> > >][m[K’
[1.543s]   391 |         [01;36m[Koperator[m[K=(shared_ptr<_Yp>&& __r) noexcept
[1.543s]       |         [01;36m[K^~~~~~~~[m[K
[1.543s] [01m[K/usr/include/c++/11/bits/shared_ptr.h:391:9:[m[K [01;36m[Knote: [m[K  template argument deduction/substitution failed:
[1.543s] /usr/include/c++/11/bits/shared_ptr.h: In substitution of ‘[01m[Ktemplate<class _Tp> template<class _Arg> using _Assignable = typename std::enable_if<std::is_assignable<std::__shared_ptr<_Tp>&, _Arg>::value, std::shared_ptr<_Tp>&>::type [with _Arg = std::shared_ptr<rclcpp::Subscription<sensor_msgs::msg::Joy_<std::allocator<void> >, std::allocator<void>, sensor_msgs::msg::Joy_<std::allocator<void> >, sensor_msgs::msg::Joy_<std::allocator<void> >, rclcpp::message_memory_strategy::MessageMemoryStrategy<sensor_msgs::msg::Joy_<std::allocator<void> >, std::allocator<void> > > >; _Tp = rclcpp::Subscription<geometry_msgs::msg::Pose_<std::allocator<void> > >][m[K’:
[1.543s] [01m[K/usr/include/c++/11/bits/shared_ptr.h:391:2:[m[K   required by substitution of ‘[01m[Ktemplate<class _Yp> std::shared_ptr<rclcpp::Subscription<geometry_msgs::msg::Pose_<std::allocator<void> > > >::_Assignable<std::shared_ptr<_Tp> > std::shared_ptr<rclcpp::Subscription<geometry_msgs::msg::Pose_<std::allocator<void> > > >::operator=<_Yp>(std::shared_ptr<_Tp>&&) [with _Yp = rclcpp::Subscription<sensor_msgs::msg::Joy_<std::allocator<void> >, std::allocator<void>, sensor_msgs::msg::Joy_<std::allocator<void> >, sensor_msgs::msg::Joy_<std::allocator<void> >, rclcpp::message_memory_strategy::MessageMemoryStrategy<sensor_msgs::msg::Joy_<std::allocator<void> >, std::allocator<void> > >][m[K’
[1.543s] [01m[K/home/maria/rob_ws/src/tarea1/src/mando.cpp:11:59:[m[K   required from here
[1.543s] [01m[K/usr/include/c++/11/bits/shared_ptr.h:130:15:[m[K [01;31m[Kerror: [m[Kno type named ‘[01m[Ktype[m[K’ in ‘[01m[Kstruct std::enable_if<false, std::shared_ptr<rclcpp::Subscription<geometry_msgs::msg::Pose_<std::allocator<void> > > >&>[m[K’
[1.543s]   130 |         using [01;31m[K_Assignable[m[K = typename enable_if<
[1.543s]       |               [01;31m[K^~~~~~~~~~~[m[K
[1.543s] [01m[K/usr/include/c++/11/bits/shared_ptr.h:399:9:[m[K [01;36m[Knote: [m[Kcandidate: ‘[01m[Ktemplate<class _Yp, class _Del> std::shared_ptr<_Tp>::_Assignable<std::unique_ptr<_Up, _Ep> > std::shared_ptr<_Tp>::operator=(std::unique_ptr<_Up, _Ep>&&) [with _Yp = _Yp; _Del = _Del; _Tp = rclcpp::Subscription<geometry_msgs::msg::Pose_<std::allocator<void> > >][m[K’
[1.543s]   399 |         [01;36m[Koperator[m[K=(unique_ptr<_Yp, _Del>&& __r)
[1.543s]       |         [01;36m[K^~~~~~~~[m[K
[1.543s] [01m[K/usr/include/c++/11/bits/shared_ptr.h:399:9:[m[K [01;36m[Knote: [m[K  template argument deduction/substitution failed:
[1.543s] [01m[K/home/maria/rob_ws/src/tarea1/src/mando.cpp:11:59:[m[K [01;36m[Knote: [m[K  ‘[01m[Kstd::shared_ptr<rclcpp::Subscription<sensor_msgs::msg::Joy_<std::allocator<void> >, std::allocator<void>, sensor_msgs::msg::Joy_<std::allocator<void> >, sensor_msgs::msg::Joy_<std::allocator<void> >, rclcpp::message_memory_strategy::MessageMemoryStrategy<sensor_msgs::msg::Joy_<std::allocator<void> >, std::allocator<void> > > >[m[K’ is not derived from ‘[01m[Kstd::unique_ptr<_Tp, _Dp>[m[K’
[1.543s]    11 |         "/joy", 10, std::bind(&MM::joy_callback, this, _1)[01;36m[K)[m[K;
[1.543s]       |                                                           [01;36m[K^[m[K
[1.543s] In file included from [01m[K/usr/include/c++/11/memory:77[m[K,
[1.543s]                  from [01m[K/opt/ros/humble/include/rclcpp/rclcpp/rclcpp.hpp:153[m[K,
[1.543s]                  from [01m[K/home/maria/rob_ws/src/tarea1/include/tarea1/mando.hpp:1[m[K,
[1.543s]                  from [01m[K/home/maria/rob_ws/src/tarea1/src/mando.cpp:1[m[K:
[1.544s] [01m[K/usr/include/c++/11/bits/shared_ptr.h:359:19:[m[K [01;36m[Knote: [m[Kcandidate: ‘[01m[Kstd::shared_ptr<_Tp>& std::shared_ptr<_Tp>::operator=(const std::shared_ptr<_Tp>&) [with _Tp = rclcpp::Subscription<geometry_msgs::msg::Pose_<std::allocator<void> > >][m[K’
[1.544s]   359 |       shared_ptr& [01;36m[Koperator[m[K=(const shared_ptr&) noexcept = default;
[1.544s]       |                   [01;36m[K^~~~~~~~[m[K
[1.544s] [01m[K/usr/include/c++/11/bits/shared_ptr.h:359:29:[m[K [01;36m[Knote: [m[K  no known conversion for argument 1 from ‘[01m[Kstd::shared_ptr<rclcpp::Subscription<sensor_msgs::msg::Joy_<std::allocator<void> >, std::allocator<void>, sensor_msgs::msg::Joy_<std::allocator<void> >, sensor_msgs::msg::Joy_<std::allocator<void> >, rclcpp::message_memory_strategy::MessageMemoryStrategy<sensor_msgs::msg::Joy_<std::allocator<void> >, std::allocator<void> > > >[m[K’ to ‘[01m[Kconst std::shared_ptr<rclcpp::Subscription<geometry_msgs::msg::Pose_<std::allocator<void> > > >&[m[K’
[1.544s]   359 |       shared_ptr& operator=([01;36m[Kconst shared_ptr&[m[K) noexcept = default;
[1.544s]       |                             [01;36m[K^~~~~~~~~~~~~~~~~[m[K
[1.544s] [01m[K/usr/include/c++/11/bits/shared_ptr.h:383:7:[m[K [01;36m[Knote: [m[Kcandidate: ‘[01m[Kstd::shared_ptr<_Tp>& std::shared_ptr<_Tp>::operator=(std::shared_ptr<_Tp>&&) [with _Tp = rclcpp::Subscription<geometry_msgs::msg::Pose_<std::allocator<void> > >][m[K’
[1.544s]   383 |       [01;36m[Koperator[m[K=(shared_ptr&& __r) noexcept
[1.544s]       |       [01;36m[K^~~~~~~~[m[K
[1.544s] [01m[K/usr/include/c++/11/bits/shared_ptr.h:383:30:[m[K [01;36m[Knote: [m[K  no known conversion for argument 1 from ‘[01m[Kstd::shared_ptr<rclcpp::Subscription<sensor_msgs::msg::Joy_<std::allocator<void> >, std::allocator<void>, sensor_msgs::msg::Joy_<std::allocator<void> >, sensor_msgs::msg::Joy_<std::allocator<void> >, rclcpp::message_memory_strategy::MessageMemoryStrategy<sensor_msgs::msg::Joy_<std::allocator<void> >, std::allocator<void> > > >[m[K’ to ‘[01m[Kstd::shared_ptr<rclcpp::Subscription<geometry_msgs::msg::Pose_<std::allocator<void> > > >&&[m[K’
[1.544s]   383 |       operator=([01;36m[Kshared_ptr&& __r[m[K) noexcept
[1.544s]       |                 [01;36m[K~~~~~~~~~~~~~^~~[m[K
[1.547s] [01m[K/home/maria/rob_ws/src/tarea1/src/mando.cpp:13:9:[m[K [01;31m[Kerror: [m[K‘[01m[Kaxis_linear_[m[K’ was not declared in this scope
[1.548s]    13 |         [01;31m[Kaxis_linear_[m[K = 1; // eje Y del stick izquierdo
[1.548s]       |         [01;31m[K^~~~~~~~~~~~[m[K
[1.552s] [01m[K/home/maria/rob_ws/src/tarea1/src/mando.cpp:14:9:[m[K [01;31m[Kerror: [m[K‘[01m[Kaxis_angular_[m[K’ was not declared in this scope
[1.552s]    14 |         [01;31m[Kaxis_angular_[m[K = 0; // eje X del stick izquierdo
[1.552s]       |         [01;31m[K^~~~~~~~~~~~~[m[K
[1.556s] [01m[K/home/maria/rob_ws/src/tarea1/src/mando.cpp:15:9:[m[K [01;31m[Kerror: [m[K‘[01m[Kscale_linear_[m[K’ was not declared in this scope
[1.557s]    15 |         [01;31m[Kscale_linear_[m[K = 0.5;
[1.557s]       |         [01;31m[K^~~~~~~~~~~~~[m[K
[1.562s] [01m[K/home/maria/rob_ws/src/tarea1/src/mando.cpp:16:9:[m[K [01;31m[Kerror: [m[K‘[01m[Kscale_angular_[m[K’ was not declared in this scope
[1.562s]    16 |         [01;31m[Kscale_angular_[m[K = 0.5;
[1.562s]       |         [01;31m[K^~~~~~~~~~~~~~[m[K
[1.564s] [01m[K/home/maria/rob_ws/src/tarea1/src/mando.cpp:[m[K In member function ‘[01m[Kvoid MM::joy_callback(sensor_msgs::msg::Joy_<std::allocator<void> >::SharedPtr)[m[K’:
[1.564s] [01m[K/home/maria/rob_ws/src/tarea1/src/mando.cpp:35:13:[m[K [01;31m[Kerror: [m[K‘[01m[Kusing element_type = struct sensor_msgs::msg::Joy_<std::allocator<void> >[m[K’ {aka ‘[01m[Kstruct sensor_msgs::msg::Joy_<std::allocator<void> >[m[K’} has no member named ‘[01m[Kbuttoms[m[K’; did you mean ‘[01m[Kbuttons[m[K’?
[1.565s]    35 |     if(msg->[01;31m[Kbuttoms[m[K[4]==1){
[1.565s]       |             [01;31m[K^~~~~~~[m[K
[1.565s]       |             [32m[Kbuttons[m[K
[1.569s] [01m[K/home/maria/rob_ws/src/tarea1/src/mando.cpp:36:39:[m[K [01;31m[Kerror: [m[K‘[01m[Kscale_linear_[m[K’ was not declared in this scope
[1.569s]    36 |         cmd.linear.x = msg->axes[1] * [01;31m[Kscale_linear_[m[K;
[1.569s]       |                                       [01;31m[K^~~~~~~~~~~~~[m[K
[1.574s] [01m[K/home/maria/rob_ws/src/tarea1/src/mando.cpp:37:40:[m[K [01;31m[Kerror: [m[K‘[01m[Kscale_angular_[m[K’ was not declared in this scope
[1.574s]    37 |         cmd.angular.z = msg->axes[0] * [01;31m[Kscale_angular_[m[K;
[1.575s]       |                                        [01;31m[K^~~~~~~~~~~~~~[m[K
[3.154s] gmake[2]: *** [CMakeFiles/mando.dir/build.make:76: CMakeFiles/mando.dir/src/mando.cpp.o] Error 1
[3.154s] gmake[1]: *** [CMakeFiles/Makefile2:333: CMakeFiles/mando.dir/all] Error 2
[3.154s] gmake: *** [Makefile:146: all] Error 2
[3.157s] Invoked command in '/home/maria/rob_ws/build/tarea1' returned '2': CMAKE_PREFIX_PATH=${CMAKE_PREFIX_PATH}:/opt/ros/humble /usr/bin/cmake --build /home/maria/rob_ws/build/tarea1 -- -j12 -l12
