[0.010s] Invoking command in '/home/maria/rob_ws/build/tarea1': CMAKE_PREFIX_PATH=${CMAKE_PREFIX_PATH}:/opt/ros/humble /usr/bin/cmake --build /home/maria/rob_ws/build/tarea1 -- -j12 -l12
[0.077s] [35m[1mConsolidate compiler generated dependencies of target follow[0m
[0.095s] [ 80%] Built target posicion_control
[0.095s] [ 80%] Built target circulo
[0.095s] [ 80%] Built target posicion
[0.096s] [ 80%] Built target velocidad
[0.098s] [100%] Built target follow
[0.108s] Invoked command in '/home/maria/rob_ws/build/tarea1' returned '0': CMAKE_PREFIX_PATH=${CMAKE_PREFIX_PATH}:/opt/ros/humble /usr/bin/cmake --build /home/maria/rob_ws/build/tarea1 -- -j12 -l12
[0.116s] Invoking command in '/home/maria/rob_ws/build/tarea1': CMAKE_PREFIX_PATH=${CMAKE_PREFIX_PATH}:/opt/ros/humble /usr/bin/cmake --install /home/maria/rob_ws/build/tarea1
[0.124s] -- Install configuration: ""
[0.124s] -- Up-to-date: /home/maria/rob_ws/install/tarea1/share/tarea1
[0.126s] -- Up-to-date: /home/maria/rob_ws/install/tarea1/lib/tarea1/velocidad
[0.126s] -- Up-to-date: /home/maria/rob_ws/install/tarea1/lib/tarea1/posicion
[0.126s] -- Up-to-date: /home/maria/rob_ws/install/tarea1/lib/tarea1/circulo
[0.126s] -- Up-to-date: /home/maria/rob_ws/install/tarea1/lib/tarea1/posicion_control
[0.127s] -- Up-to-date: /home/maria/rob_ws/install/tarea1/lib/tarea1/follow
[0.127s] -- Up-to-date: /home/maria/rob_ws/install/tarea1/share/ament_index/resource_index/package_run_dependencies/tarea1
[0.127s] -- Up-to-date: /home/maria/rob_ws/install/tarea1/share/ament_index/resource_index/parent_prefix_path/tarea1
[0.127s] -- Up-to-date: /home/maria/rob_ws/install/tarea1/share/tarea1/environment/ament_prefix_path.sh
[0.127s] -- Up-to-date: /home/maria/rob_ws/install/tarea1/share/tarea1/environment/ament_prefix_path.dsv
[0.127s] -- Up-to-date: /home/maria/rob_ws/install/tarea1/share/tarea1/environment/path.sh
[0.127s] -- Up-to-date: /home/maria/rob_ws/install/tarea1/share/tarea1/environment/path.dsv
[0.127s] -- Up-to-date: /home/maria/rob_ws/install/tarea1/share/tarea1/local_setup.bash
[0.128s] -- Up-to-date: /home/maria/rob_ws/install/tarea1/share/tarea1/local_setup.sh
[0.128s] -- Up-to-date: /home/maria/rob_ws/install/tarea1/share/tarea1/local_setup.zsh
[0.128s] -- Up-to-date: /home/maria/rob_ws/install/tarea1/share/tarea1/local_setup.dsv
[0.128s] -- Installing: /home/maria/rob_ws/install/tarea1/share/tarea1/package.dsv
[0.128s] -- Up-to-date: /home/maria/rob_ws/install/tarea1/share/ament_index/resource_index/packages/tarea1
[0.128s] -- Up-to-date: /home/maria/rob_ws/install/tarea1/share/tarea1/cmake/tarea1Config.cmake
[0.128s] -- Up-to-date: /home/maria/rob_ws/install/tarea1/share/tarea1/cmake/tarea1Config-version.cmake
[0.128s] -- Up-to-date: /home/maria/rob_ws/install/tarea1/share/tarea1/package.xml
[0.144s] Invoked command in '/home/maria/rob_ws/build/tarea1' returned '0': CMAKE_PREFIX_PATH=${CMAKE_PREFIX_PATH}:/opt/ros/humble /usr/bin/cmake --install /home/maria/rob_ws/build/tarea1
