[0.008s] Invoking command in '/home/maria/rob_ws/build/tarea1': CMAKE_PREFIX_PATH=${CMAKE_PREFIX_PATH}:/opt/ros/humble /usr/bin/cmake --build /home/maria/rob_ws/build/tarea1 -- -j12 -l12
[0.040s] [35m[1mConsolidate compiler generated dependencies of target posicion[0m
[0.051s] [ 50%] Built target velocidad
[0.052s] [ 75%] [32mBuilding CXX object CMakeFiles/posicion.dir/src/posicion.cpp.o[0m
[1.595s] [01m[K/home/maria/rob_ws/src/tarea1/src/posicion.cpp:[m[K In constructor ‘[01m[KMM::MM()[m[K’:
[1.596s] [01m[K/home/maria/rob_ws/src/tarea1/src/posicion.cpp:11:43:[m[K [01;31m[Kerror: [m[K‘[01m[Kpose_callback[m[K’ is not a member of ‘[01m[KMM[m[K’
[1.596s]    11 |         "/robot_pose", 10, std::bind(&MM::[01;31m[Kpose_callback[m[K, this, _1));
[1.596s]       |                                           [01;31m[K^~~~~~~~~~~~~[m[K
[1.600s] [01m[K/home/maria/rob_ws/src/tarea1/src/posicion.cpp:13:5:[m[K [01;31m[Kerror: [m[K‘[01m[Ktiempo[m[K’ was not declared in this scope
[1.600s]    13 |     [01;31m[Ktiempo[m[K = 0;
[1.600s]       |     [01;31m[K^~~~~~[m[K
[1.600s] [01m[K/home/maria/rob_ws/src/tarea1/src/posicion.cpp:[m[K At global scope:
[1.600s] [01m[K/home/maria/rob_ws/src/tarea1/src/posicion.cpp:30:6:[m[K [01;31m[Kerror: [m[Kno declaration matches ‘[01m[Kvoid MM::laser_callback(geometry_msgs::msg::Pose_<std::allocator<void> >::SharedPtr)[m[K’
[1.600s]    30 | void [01;31m[KMM[m[K::laser_callback(const geometry_msgs::msg::Pose::SharedPtr msg)
[1.600s]       |      [01;31m[K^~[m[K
[1.600s] [01m[K/home/maria/rob_ws/src/tarea1/src/posicion.cpp:30:6:[m[K [01;36m[Knote: [m[Kno functions named ‘[01m[Kvoid MM::laser_callback(geometry_msgs::msg::Pose_<std::allocator<void> >::SharedPtr)[m[K’
[1.600s] In file included from [01m[K/home/maria/rob_ws/src/tarea1/src/posicion.cpp:1[m[K:
[1.600s] [01m[K/home/maria/rob_ws/src/tarea1/include/tarea1/posicion.hpp:5:7:[m[K [01;36m[Knote: [m[K‘[01m[Kclass MM[m[K’ defined here
[1.600s]     5 | class [01;36m[KMM[m[K : public rclcpp::Node
[1.600s]       |       [01;36m[K^~[m[K
[2.079s] gmake[2]: *** [CMakeFiles/posicion.dir/build.make:76: CMakeFiles/posicion.dir/src/posicion.cpp.o] Error 1
[2.080s] gmake[1]: *** [CMakeFiles/Makefile2:165: CMakeFiles/posicion.dir/all] Error 2
[2.080s] gmake: *** [Makefile:146: all] Error 2
[2.082s] Invoked command in '/home/maria/rob_ws/build/tarea1' returned '2': CMAKE_PREFIX_PATH=${CMAKE_PREFIX_PATH}:/opt/ros/humble /usr/bin/cmake --build /home/maria/rob_ws/build/tarea1 -- -j12 -l12
