[35m[1mConsolidate compiler generated dependencies of target mando[0m
[ 31%] Built target circulo
[ 37%] Built target posicion_control
[ 31%] Built target sensor
[ 50%] Built target follow
[ 62%] Built target sensor_simple
[ 75%] Built target velocidad
[ 87%] Built target posicion
[ 93%] [32mBuilding CXX object CMakeFiles/mando.dir/src/mando.cpp.o[0m
[01m[K/home/maria/rob_ws/src/tarea1/src/mando.cpp:[m[K In member function ‘[01m[Kvoid MM::joy_callback(sensor_msgs::msg::Joy_<std::allocator<void> >::SharedPtr)[m[K’:
[01m[K/home/maria/rob_ws/src/tarea1/src/mando.cpp:35:25:[m[K [01;31m[Kerror: [m[Kexpected ‘[01m[K;[m[K’ before ‘[01m[Kcmd[m[K’
   35 |         cmd.linear.x = 0
      |                         [01;31m[K^[m[K
      |                         [32m[K;[m[K
   36 |         [32m[Kcmd[m[K.angular.z = 1;
      |         [32m[K~~~[m[K              
[01m[K/home/maria/rob_ws/src/tarea1/src/mando.cpp:38:25:[m[K [01;31m[Kerror: [m[Kexpected ‘[01m[K;[m[K’ before ‘[01m[Kcmd[m[K’
   38 |         cmd.linear.x = 0
      |                         [01;31m[K^[m[K
      |                         [32m[K;[m[K
   39 |         [32m[Kcmd[m[K.angular.z = 1;
      |         [32m[K~~~[m[K              
gmake[2]: *** [CMakeFiles/mando.dir/build.make:76: CMakeFiles/mando.dir/src/mando.cpp.o] Error 1
gmake[1]: *** [CMakeFiles/Makefile2:333: CMakeFiles/mando.dir/all] Error 2
gmake: *** [Makefile:146: all] Error 2
