[0.010s] Invoking command in '/home/maria/rob_ws/build/tarea1': CMAKE_PREFIX_PATH=${CMAKE_PREFIX_PATH}:/opt/ros/humble /usr/bin/cmake --build /home/maria/rob_ws/build/tarea1 -- -j12 -l12
[0.053s] [35m[1mConsolidate compiler generated dependencies of target mando[0m
[0.060s] [ 31%] Built target circulo
[0.060s] [ 37%] Built target posicion_control
[0.060s] [ 31%] Built target sensor
[0.060s] [ 50%] Built target follow
[0.060s] [ 62%] Built target sensor_simple
[0.062s] [ 75%] Built target velocidad
[0.063s] [ 87%] Built target posicion
[0.068s] [ 93%] [32mBuilding CXX object CMakeFiles/mando.dir/src/mando.cpp.o[0m
[1.566s] [01m[K/home/maria/rob_ws/src/tarea1/src/mando.cpp:[m[K In member function ‘[01m[Kvoid MM::joy_callback(sensor_msgs::msg::Joy_<std::allocator<void> >::SharedPtr)[m[K’:
[1.566s] [01m[K/home/maria/rob_ws/src/tarea1/src/mando.cpp:35:25:[m[K [01;31m[Kerror: [m[Kexpected ‘[01m[K;[m[K’ before ‘[01m[Kcmd[m[K’
[1.566s]    35 |         cmd.linear.x = 0
[1.566s]       |                         [01;31m[K^[m[K
[1.566s]       |                         [32m[K;[m[K
[1.566s]    36 |         [32m[Kcmd[m[K.angular.z = 1;
[1.566s]       |         [32m[K~~~[m[K              
[1.566s] [01m[K/home/maria/rob_ws/src/tarea1/src/mando.cpp:38:25:[m[K [01;31m[Kerror: [m[Kexpected ‘[01m[K;[m[K’ before ‘[01m[Kcmd[m[K’
[1.567s]    38 |         cmd.linear.x = 0
[1.567s]       |                         [01;31m[K^[m[K
[1.567s]       |                         [32m[K;[m[K
[1.567s]    39 |         [32m[Kcmd[m[K.angular.z = 1;
[1.567s]       |         [32m[K~~~[m[K              
[3.251s] gmake[2]: *** [CMakeFiles/mando.dir/build.make:76: CMakeFiles/mando.dir/src/mando.cpp.o] Error 1
[3.251s] gmake[1]: *** [CMakeFiles/Makefile2:333: CMakeFiles/mando.dir/all] Error 2
[3.251s] gmake: *** [Makefile:146: all] Error 2
[3.254s] Invoked command in '/home/maria/rob_ws/build/tarea1' returned '2': CMAKE_PREFIX_PATH=${CMAKE_PREFIX_PATH}:/opt/ros/humble /usr/bin/cmake --build /home/maria/rob_ws/build/tarea1 -- -j12 -l12
