[0.010s] Invoking command in '/home/maria/rob_ws/build/tarea1': CMAKE_PREFIX_PATH=${CMAKE_PREFIX_PATH}:/opt/ros/humble /usr/bin/cmake --build /home/maria/rob_ws/build/tarea1 -- -j12 -l12
[0.070s] [35m[1mConsolidate compiler generated dependencies of target mando[0m
[0.086s] [ 18%] Built target circulo
[0.087s] [ 25%] Built target sensor_simple
[0.087s] [ 43%] Built target follow
[0.087s] [ 43%] [32mBuilding CXX object CMakeFiles/posicion_control.dir/src/posicion_control.cpp.o[0m
[0.087s] [ 56%] Built target posicion
[0.088s] [ 68%] Built target velocidad
[0.088s] [ 81%] Built target sensor
[0.089s] [ 93%] Built target mando
[5.360s] [100%] [32m[1mLinking CXX executable posicion_control[0m
[5.611s] [100%] Built target posicion_control
[5.620s] Invoked command in '/home/maria/rob_ws/build/tarea1' returned '0': CMAKE_PREFIX_PATH=${CMAKE_PREFIX_PATH}:/opt/ros/humble /usr/bin/cmake --build /home/maria/rob_ws/build/tarea1 -- -j12 -l12
[5.621s] Invoking command in '/home/maria/rob_ws/build/tarea1': CMAKE_PREFIX_PATH=${CMAKE_PREFIX_PATH}:/opt/ros/humble /usr/bin/cmake --install /home/maria/rob_ws/build/tarea1
[5.629s] -- Install configuration: ""
[5.629s] -- Up-to-date: /home/maria/rob_ws/install/tarea1/share/tarea1/launch
[5.629s] -- Up-to-date: /home/maria/rob_ws/install/tarea1/share/tarea1/launch/mando.launch.py
[5.629s] -- Up-to-date: /home/maria/rob_ws/install/tarea1/share/tarea1/launch/teleop.launch.py
[5.629s] -- Up-to-date: /home/maria/rob_ws/install/tarea1/share/tarea1/config
[5.629s] -- Up-to-date: /home/maria/rob_ws/install/tarea1/share/tarea1/config/teleop_twist_joy.yaml
[5.629s] -- Up-to-date: /home/maria/rob_ws/install/tarea1/lib/tarea1/velocidad
[5.630s] -- Up-to-date: /home/maria/rob_ws/install/tarea1/lib/tarea1/posicion
[5.630s] -- Up-to-date: /home/maria/rob_ws/install/tarea1/lib/tarea1/circulo
[5.630s] -- Installing: /home/maria/rob_ws/install/tarea1/lib/tarea1/posicion_control
[5.632s] -- Set runtime path of "/home/maria/rob_ws/install/tarea1/lib/tarea1/posicion_control" to ""
[5.632s] -- Up-to-date: /home/maria/rob_ws/install/tarea1/lib/tarea1/follow
[5.633s] -- Up-to-date: /home/maria/rob_ws/install/tarea1/lib/tarea1/sensor
[5.633s] -- Up-to-date: /home/maria/rob_ws/install/tarea1/lib/tarea1/sensor_simple
[5.633s] -- Up-to-date: /home/maria/rob_ws/install/tarea1/lib/tarea1/mando
[5.633s] -- Up-to-date: /home/maria/rob_ws/install/tarea1/share/ament_index/resource_index/package_run_dependencies/tarea1
[5.633s] -- Up-to-date: /home/maria/rob_ws/install/tarea1/share/ament_index/resource_index/parent_prefix_path/tarea1
[5.633s] -- Up-to-date: /home/maria/rob_ws/install/tarea1/share/tarea1/environment/ament_prefix_path.sh
[5.633s] -- Up-to-date: /home/maria/rob_ws/install/tarea1/share/tarea1/environment/ament_prefix_path.dsv
[5.633s] -- Up-to-date: /home/maria/rob_ws/install/tarea1/share/tarea1/environment/path.sh
[5.633s] -- Up-to-date: /home/maria/rob_ws/install/tarea1/share/tarea1/environment/path.dsv
[5.633s] -- Up-to-date: /home/maria/rob_ws/install/tarea1/share/tarea1/local_setup.bash
[5.633s] -- Up-to-date: /home/maria/rob_ws/install/tarea1/share/tarea1/local_setup.sh
[5.634s] -- Up-to-date: /home/maria/rob_ws/install/tarea1/share/tarea1/local_setup.zsh
[5.634s] -- Up-to-date: /home/maria/rob_ws/install/tarea1/share/tarea1/local_setup.dsv
[5.634s] -- Installing: /home/maria/rob_ws/install/tarea1/share/tarea1/package.dsv
[5.634s] -- Up-to-date: /home/maria/rob_ws/install/tarea1/share/ament_index/resource_index/packages/tarea1
[5.634s] -- Up-to-date: /home/maria/rob_ws/install/tarea1/share/tarea1/cmake/tarea1Config.cmake
[5.634s] -- Up-to-date: /home/maria/rob_ws/install/tarea1/share/tarea1/cmake/tarea1Config-version.cmake
[5.634s] -- Up-to-date: /home/maria/rob_ws/install/tarea1/share/tarea1/package.xml
[5.635s] Invoked command in '/home/maria/rob_ws/build/tarea1' returned '0': CMAKE_PREFIX_PATH=${CMAKE_PREFIX_PATH}:/opt/ros/humble /usr/bin/cmake --install /home/maria/rob_ws/build/tarea1
