[0.008s] Invoking command in '/home/maria/rob_ws/build/tarea1': CMAKE_PREFIX_PATH=${CMAKE_PREFIX_PATH}:/opt/ros/humble /usr/bin/cmake --build /home/maria/rob_ws/build/tarea1 -- -j12 -l12
[0.038s] [35m[1mConsolidate compiler generated dependencies of target sensor_simple[0m
[0.048s] [  7%] [32mBuilding CXX object CMakeFiles/sensor_simple.dir/src/sensor_simple.cpp.o[0m
[0.049s] [ 21%] Built target posicion
[0.049s] [ 35%] Built target sensor
[0.049s] [ 57%] Built target follow
[0.049s] [ 64%] Built target circulo
[0.051s] [ 78%] Built target posicion_control
[0.052s] [ 92%] Built target velocidad
[5.354s] [100%] [32m[1mLinking CXX executable sensor_simple[0m
[5.605s] [100%] Built target sensor_simple
[5.614s] Invoked command in '/home/maria/rob_ws/build/tarea1' returned '0': CMAKE_PREFIX_PATH=${CMAKE_PREFIX_PATH}:/opt/ros/humble /usr/bin/cmake --build /home/maria/rob_ws/build/tarea1 -- -j12 -l12
[5.615s] Invoking command in '/home/maria/rob_ws/build/tarea1': CMAKE_PREFIX_PATH=${CMAKE_PREFIX_PATH}:/opt/ros/humble /usr/bin/cmake --install /home/maria/rob_ws/build/tarea1
[5.622s] -- Install configuration: ""
[5.622s] -- Up-to-date: /home/maria/rob_ws/install/tarea1/share/tarea1
[5.623s] -- Up-to-date: /home/maria/rob_ws/install/tarea1/lib/tarea1/velocidad
[5.623s] -- Up-to-date: /home/maria/rob_ws/install/tarea1/lib/tarea1/posicion
[5.623s] -- Up-to-date: /home/maria/rob_ws/install/tarea1/lib/tarea1/circulo
[5.623s] -- Up-to-date: /home/maria/rob_ws/install/tarea1/lib/tarea1/posicion_control
[5.623s] -- Up-to-date: /home/maria/rob_ws/install/tarea1/lib/tarea1/follow
[5.623s] -- Up-to-date: /home/maria/rob_ws/install/tarea1/lib/tarea1/sensor
[5.623s] -- Installing: /home/maria/rob_ws/install/tarea1/lib/tarea1/sensor_simple
[5.625s] -- Set runtime path of "/home/maria/rob_ws/install/tarea1/lib/tarea1/sensor_simple" to ""
[5.625s] -- Up-to-date: /home/maria/rob_ws/install/tarea1/share/ament_index/resource_index/package_run_dependencies/tarea1
[5.625s] -- Up-to-date: /home/maria/rob_ws/install/tarea1/share/ament_index/resource_index/parent_prefix_path/tarea1
[5.625s] -- Up-to-date: /home/maria/rob_ws/install/tarea1/share/tarea1/environment/ament_prefix_path.sh
[5.625s] -- Installing: /home/maria/rob_ws/install/tarea1/share/tarea1/environment/ament_prefix_path.dsv
[5.625s] -- Up-to-date: /home/maria/rob_ws/install/tarea1/share/tarea1/environment/path.sh
[5.625s] -- Installing: /home/maria/rob_ws/install/tarea1/share/tarea1/environment/path.dsv
[5.625s] -- Up-to-date: /home/maria/rob_ws/install/tarea1/share/tarea1/local_setup.bash
[5.626s] -- Up-to-date: /home/maria/rob_ws/install/tarea1/share/tarea1/local_setup.sh
[5.626s] -- Up-to-date: /home/maria/rob_ws/install/tarea1/share/tarea1/local_setup.zsh
[5.626s] -- Installing: /home/maria/rob_ws/install/tarea1/share/tarea1/local_setup.dsv
[5.626s] -- Up-to-date: /home/maria/rob_ws/install/tarea1/share/tarea1/package.dsv
[5.626s] -- Up-to-date: /home/maria/rob_ws/install/tarea1/share/ament_index/resource_index/packages/tarea1
[5.626s] -- Up-to-date: /home/maria/rob_ws/install/tarea1/share/tarea1/cmake/tarea1Config.cmake
[5.626s] -- Up-to-date: /home/maria/rob_ws/install/tarea1/share/tarea1/cmake/tarea1Config-version.cmake
[5.626s] -- Up-to-date: /home/maria/rob_ws/install/tarea1/share/tarea1/package.xml
[5.627s] Invoked command in '/home/maria/rob_ws/build/tarea1' returned '0': CMAKE_PREFIX_PATH=${CMAKE_PREFIX_PATH}:/opt/ros/humble /usr/bin/cmake --install /home/maria/rob_ws/build/tarea1
