[35m[1mConsolidate compiler generated dependencies of target circulo[0m
[ 66%] [32mBuilding CXX object CMakeFiles/circulo.dir/src/circulo.cpp.o[0m
[ 83%] Built target posicion
[ 66%] Built target velocidad
[100%] [32m[1mLinking CXX executable circulo[0m
[100%] Built target circulo
-- Install configuration: ""
-- Up-to-date: /home/maria/rob_ws/install/tarea1/share/tarea1
-- Up-to-date: /home/maria/rob_ws/install/tarea1/lib/tarea1/velocidad
-- Up-to-date: /home/maria/rob_ws/install/tarea1/lib/tarea1/posicion
-- Installing: /home/maria/rob_ws/install/tarea1/lib/tarea1/circulo
-- Set runtime path of "/home/maria/rob_ws/install/tarea1/lib/tarea1/circulo" to ""
-- Up-to-date: /home/maria/rob_ws/install/tarea1/share/ament_index/resource_index/package_run_dependencies/tarea1
-- Up-to-date: /home/maria/rob_ws/install/tarea1/share/ament_index/resource_index/parent_prefix_path/tarea1
-- Up-to-date: /home/maria/rob_ws/install/tarea1/share/tarea1/environment/ament_prefix_path.sh
-- Up-to-date: /home/maria/rob_ws/install/tarea1/share/tarea1/environment/ament_prefix_path.dsv
-- Up-to-date: /home/maria/rob_ws/install/tarea1/share/tarea1/environment/path.sh
-- Up-to-date: /home/maria/rob_ws/install/tarea1/share/tarea1/environment/path.dsv
-- Up-to-date: /home/maria/rob_ws/install/tarea1/share/tarea1/local_setup.bash
-- Up-to-date: /home/maria/rob_ws/install/tarea1/share/tarea1/local_setup.sh
-- Up-to-date: /home/maria/rob_ws/install/tarea1/share/tarea1/local_setup.zsh
-- Up-to-date: /home/maria/rob_ws/install/tarea1/share/tarea1/local_setup.dsv
-- Installing: /home/maria/rob_ws/install/tarea1/share/tarea1/package.dsv
-- Up-to-date: /home/maria/rob_ws/install/tarea1/share/ament_index/resource_index/packages/tarea1
-- Up-to-date: /home/maria/rob_ws/install/tarea1/share/tarea1/cmake/tarea1Config.cmake
-- Up-to-date: /home/maria/rob_ws/install/tarea1/share/tarea1/cmake/tarea1Config-version.cmake
-- Up-to-date: /home/maria/rob_ws/install/tarea1/share/tarea1/package.xml
