-- Found ament_cmake: 1.3.12 (/opt/ros/humble/share/ament_cmake/cmake)
-- Found rclcpp: 16.0.15 (/opt/ros/humble/share/rclcpp/cmake)
-- Found rosidl_generator_c: 3.1.7 (/opt/ros/humble/share/rosidl_generator_c/cmake)
-- Found rosidl_adapter: 3.1.7 (/opt/ros/humble/share/rosidl_adapter/cmake)
-- Found rosidl_generator_cpp: 3.1.7 (/opt/ros/humble/share/rosidl_generator_cpp/cmake)
-- Using all available rosidl_typesupport_c: rosidl_typesupport_fastrtps_c;rosidl_typesupport_introspection_c
-- Using all available rosidl_typesupport_cpp: rosidl_typesupport_fastrtps_cpp;rosidl_typesupport_introspection_cpp
-- Found rmw_implementation_cmake: 6.1.2 (/opt/ros/humble/share/rmw_implementation_cmake/cmake)
-- Found rmw_fastrtps_cpp: 6.2.8 (/opt/ros/humble/share/rmw_fastrtps_cpp/cmake)
-- Using RMW implementation 'rmw_fastrtps_cpp' as default
-- Found geometry_msgs: 4.9.0 (/opt/ros/humble/share/geometry_msgs/cmake)
-- Configuring done
-- Generating done
-- Build files have been written to: /home/maria/rob_ws/build/tarea1
[35m[1mConsolidate compiler generated dependencies of target follow[0m
[35m[1mConsolidate compiler generated dependencies of target sensor[0m
[35m[1mConsolidate compiler generated dependencies of target posicion_control[0m
[35m[1mConsolidate compiler generated dependencies of target circulo[0m
[35m[1mConsolidate compiler generated dependencies of target posicion[0m
[35m[1mConsolidate compiler generated dependencies of target velocidad[0m
[  7%] [32mBuilding CXX object CMakeFiles/sensor_simple.dir/src/sensor_simple.cpp.o[0m
[ 21%] Built target follow
[ 35%] Built target sensor
[ 50%] Built target circulo
[ 64%] Built target posicion
[ 78%] Built target posicion_control
[ 92%] Built target velocidad
[01m[K/home/maria/rob_ws/src/tarea1/src/sensor_simple.cpp:4:12:[m[K [01;31m[Kerror: [m[K‘[01m[Kstd::placeholders[m[K’ has not been declared
    4 | using std::[01;31m[Kplaceholders[m[K::_1;
      |            [01;31m[K^~~~~~~~~~~~[m[K
[01m[K/home/maria/rob_ws/src/tarea1/src/sensor_simple.cpp:7:1:[m[K [01;31m[Kerror: [m[K‘[01m[KMM[m[K’ does not name a type
    7 | [01;31m[KMM[m[K::MM(): Node("posicion")
      | [01;31m[K^~[m[K
[01m[K/home/maria/rob_ws/src/tarea1/src/sensor_simple.cpp:25:1:[m[K [01;31m[Kerror: [m[K‘[01m[KMM[m[K’ does not name a type
   25 | [01;31m[KMM[m[K::~MM()
      | [01;31m[K^~[m[K
[01m[K/home/maria/rob_ws/src/tarea1/src/sensor_simple.cpp:30:6:[m[K [01;31m[Kerror: [m[K‘[01m[KMM[m[K’ has not been declared
   30 | void [01;31m[KMM[m[K::sensor_callback(const geometry_msgs::msg::Vector3::SharedPtr msg)
      |      [01;31m[K^~[m[K
[01m[K/home/maria/rob_ws/src/tarea1/src/sensor_simple.cpp:30:32:[m[K [01;31m[Kerror: [m[K‘[01m[Kgeometry_msgs[m[K’ does not name a type
   30 | void MM::sensor_callback(const [01;31m[Kgeometry_msgs[m[K::msg::Vector3::SharedPtr msg)
      |                                [01;31m[K^~~~~~~~~~~~~[m[K
[01m[K/home/maria/rob_ws/src/tarea1/src/sensor_simple.cpp:30:50:[m[K [01;31m[Kerror: [m[Kexpected unqualified-id before ‘[01m[K::[m[K’ token
   30 | void MM::sensor_callback(const geometry_msgs::msg[01;31m[K::[m[KVector3::SharedPtr msg)
      |                                                  [01;31m[K^~[m[K
[01m[K/home/maria/rob_ws/src/tarea1/src/sensor_simple.cpp:30:50:[m[K [01;31m[Kerror: [m[Kexpected ‘[01m[K)[m[K’ before ‘[01m[K::[m[K’ token
   30 | void MM::sensor_callback[34m[K([m[Kconst geometry_msgs::msg[01;31m[K:[m[K[32m[K:[m[KVector3::SharedPtr msg)
      |                         [34m[K~[m[K                        [01;31m[K^[m[K[32m[K~[m[K
      |                                                  [32m[K)[m[K
[01m[K/home/maria/rob_ws/src/tarea1/src/sensor_simple.cpp:30:50:[m[K [01;31m[Kerror: [m[Kexpected initializer before ‘[01m[K::[m[K’ token
   30 | void MM::sensor_callback(const geometry_msgs::msg[01;31m[K::[m[KVector3::SharedPtr msg)
      |                                                  [01;31m[K^~[m[K
[01m[K/home/maria/rob_ws/src/tarea1/src/sensor_simple.cpp:[m[K In function ‘[01m[Kint main(int, char**)[m[K’:
[01m[K/home/maria/rob_ws/src/tarea1/src/sensor_simple.cpp:52:5:[m[K [01;31m[Kerror: [m[K‘[01m[Krclcpp[m[K’ has not been declared
   52 |     [01;31m[Krclcpp[m[K::init( argc, argv);
      |     [01;31m[K^~~~~~[m[K
[01m[K/home/maria/rob_ws/src/tarea1/src/sensor_simple.cpp:55:22:[m[K [01;31m[Kerror: [m[K‘[01m[Kmake_shared[m[K’ is not a member of ‘[01m[Kstd[m[K’
   55 |     auto node = std::[01;31m[Kmake_shared[m[K<MM>();
      |                      [01;31m[K^~~~~~~~~~~[m[K
[01m[K/home/maria/rob_ws/src/tarea1/src/sensor_simple.cpp:3:1:[m[K [01;36m[Knote: [m[K‘[01m[Kstd::make_shared[m[K’ is defined in header ‘[01m[K<memory>[m[K’; did you forget to ‘[01m[K#include <memory>[m[K’?
    2 | #include <cmath>
  +++ |+[32m[K#include <memory>[m[K
    3 | 
[01m[K/home/maria/rob_ws/src/tarea1/src/sensor_simple.cpp:55:34:[m[K [01;31m[Kerror: [m[K‘[01m[KMM[m[K’ was not declared in this scope
   55 |     auto node = std::make_shared<[01;31m[KMM[m[K>();
      |                                  [01;31m[K^~[m[K
[01m[K/home/maria/rob_ws/src/tarea1/src/sensor_simple.cpp:55:38:[m[K [01;31m[Kerror: [m[Kexpected primary-expression before ‘[01m[K)[m[K’ token
   55 |     auto node = std::make_shared<MM>([01;31m[K)[m[K;
      |                                      [01;31m[K^[m[K
[01m[K/home/maria/rob_ws/src/tarea1/src/sensor_simple.cpp:59:5:[m[K [01;31m[Kerror: [m[K‘[01m[Krclcpp[m[K’ has not been declared
   59 |     [01;31m[Krclcpp[m[K::Rate loop_rate(5.0);
      |     [01;31m[K^~~~~~[m[K
[01m[K/home/maria/rob_ws/src/tarea1/src/sensor_simple.cpp:60:5:[m[K [01;31m[Kerror: [m[K‘[01m[KRCLCPP_INFO[m[K’ was not declared in this scope
   60 |     [01;31m[KRCLCPP_INFO[m[K(node->get_logger(), "Starting Main Loop...");
      |     [01;31m[K^~~~~~~~~~~[m[K
[01m[K/home/maria/rob_ws/src/tarea1/src/sensor_simple.cpp:62:12:[m[K [01;31m[Kerror: [m[K‘[01m[Krclcpp[m[K’ has not been declared
   62 |     while ([01;31m[Krclcpp[m[K::ok())
      |            [01;31m[K^~~~~~[m[K
[01m[K/home/maria/rob_ws/src/tarea1/src/sensor_simple.cpp:64:9:[m[K [01;31m[Kerror: [m[K‘[01m[Krclcpp[m[K’ has not been declared
   64 |         [01;31m[Krclcpp[m[K::spin_some(node);  // attend subscriptions and srv request
      |         [01;31m[K^~~~~~[m[K
[01m[K/home/maria/rob_ws/src/tarea1/src/sensor_simple.cpp:65:9:[m[K [01;31m[Kerror: [m[K‘[01m[Kloop_rate[m[K’ was not declared in this scope
   65 |         [01;31m[Kloop_rate[m[K.sleep();  // sleep till next step time
      |         [01;31m[K^~~~~~~~~[m[K
[01m[K/home/maria/rob_ws/src/tarea1/src/sensor_simple.cpp:68:5:[m[K [01;31m[Kerror: [m[K‘[01m[Krclcpp[m[K’ has not been declared
   68 |     [01;31m[Krclcpp[m[K::shutdown();
      |     [01;31m[K^~~~~~[m[K
gmake[2]: *** [CMakeFiles/sensor_simple.dir/build.make:76: CMakeFiles/sensor_simple.dir/src/sensor_simple.cpp.o] Error 1
gmake[1]: *** [CMakeFiles/Makefile2:305: CMakeFiles/sensor_simple.dir/all] Error 2
gmake: *** [Makefile:146: all] Error 2
