[0.008s] Invoking command in '/home/maria/rob_ws/build/tarea1': CMAKE_PREFIX_PATH=${CMAKE_PREFIX_PATH}:/opt/ros/humble /usr/bin/cmake --build /home/maria/rob_ws/build/tarea1 -- -j12 -l12
[0.024s] -- Found ament_cmake: 1.3.12 (/opt/ros/humble/share/ament_cmake/cmake)
[0.113s] -- Found rclcpp: 16.0.15 (/opt/ros/humble/share/rclcpp/cmake)
[0.129s] -- Found rosidl_generator_c: 3.1.7 (/opt/ros/humble/share/rosidl_generator_c/cmake)
[0.130s] -- Found rosidl_adapter: 3.1.7 (/opt/ros/humble/share/rosidl_adapter/cmake)
[0.133s] -- Found rosidl_generator_cpp: 3.1.7 (/opt/ros/humble/share/rosidl_generator_cpp/cmake)
[0.138s] -- Using all available rosidl_typesupport_c: rosidl_typesupport_fastrtps_c;rosidl_typesupport_introspection_c
[0.145s] -- Using all available rosidl_typesupport_cpp: rosidl_typesupport_fastrtps_cpp;rosidl_typesupport_introspection_cpp
[0.164s] -- Found rmw_implementation_cmake: 6.1.2 (/opt/ros/humble/share/rmw_implementation_cmake/cmake)
[0.165s] -- Found rmw_fastrtps_cpp: 6.2.8 (/opt/ros/humble/share/rmw_fastrtps_cpp/cmake)
[0.224s] -- Using RMW implementation 'rmw_fastrtps_cpp' as default
[0.251s] -- Found geometry_msgs: 4.9.0 (/opt/ros/humble/share/geometry_msgs/cmake)
[0.301s] -- Configuring done
[0.315s] -- Generating done
[0.321s] -- Build files have been written to: /home/maria/rob_ws/build/tarea1
[0.340s] [35m[1mConsolidate compiler generated dependencies of target follow[0m
[0.340s] [35m[1mConsolidate compiler generated dependencies of target sensor[0m
[0.340s] [35m[1mConsolidate compiler generated dependencies of target posicion_control[0m
[0.341s] [35m[1mConsolidate compiler generated dependencies of target circulo[0m
[0.342s] [35m[1mConsolidate compiler generated dependencies of target posicion[0m
[0.342s] [35m[1mConsolidate compiler generated dependencies of target velocidad[0m
[0.350s] [  7%] [32mBuilding CXX object CMakeFiles/sensor_simple.dir/src/sensor_simple.cpp.o[0m
[0.351s] [ 21%] Built target follow
[0.351s] [ 35%] Built target sensor
[0.353s] [ 50%] Built target circulo
[0.353s] [ 64%] Built target posicion
[0.355s] [ 78%] Built target posicion_control
[0.356s] [ 92%] Built target velocidad
[0.410s] [01m[K/home/maria/rob_ws/src/tarea1/src/sensor_simple.cpp:4:12:[m[K [01;31m[Kerror: [m[K‘[01m[Kstd::placeholders[m[K’ has not been declared
[0.410s]     4 | using std::[01;31m[Kplaceholders[m[K::_1;
[0.410s]       |            [01;31m[K^~~~~~~~~~~~[m[K
[0.410s] [01m[K/home/maria/rob_ws/src/tarea1/src/sensor_simple.cpp:7:1:[m[K [01;31m[Kerror: [m[K‘[01m[KMM[m[K’ does not name a type
[0.410s]     7 | [01;31m[KMM[m[K::MM(): Node("posicion")
[0.410s]       | [01;31m[K^~[m[K
[0.410s] [01m[K/home/maria/rob_ws/src/tarea1/src/sensor_simple.cpp:25:1:[m[K [01;31m[Kerror: [m[K‘[01m[KMM[m[K’ does not name a type
[0.410s]    25 | [01;31m[KMM[m[K::~MM()
[0.411s]       | [01;31m[K^~[m[K
[0.411s] [01m[K/home/maria/rob_ws/src/tarea1/src/sensor_simple.cpp:30:6:[m[K [01;31m[Kerror: [m[K‘[01m[KMM[m[K’ has not been declared
[0.411s]    30 | void [01;31m[KMM[m[K::sensor_callback(const geometry_msgs::msg::Vector3::SharedPtr msg)
[0.411s]       |      [01;31m[K^~[m[K
[0.411s] [01m[K/home/maria/rob_ws/src/tarea1/src/sensor_simple.cpp:30:32:[m[K [01;31m[Kerror: [m[K‘[01m[Kgeometry_msgs[m[K’ does not name a type
[0.411s]    30 | void MM::sensor_callback(const [01;31m[Kgeometry_msgs[m[K::msg::Vector3::SharedPtr msg)
[0.411s]       |                                [01;31m[K^~~~~~~~~~~~~[m[K
[0.411s] [01m[K/home/maria/rob_ws/src/tarea1/src/sensor_simple.cpp:30:50:[m[K [01;31m[Kerror: [m[Kexpected unqualified-id before ‘[01m[K::[m[K’ token
[0.411s]    30 | void MM::sensor_callback(const geometry_msgs::msg[01;31m[K::[m[KVector3::SharedPtr msg)
[0.411s]       |                                                  [01;31m[K^~[m[K
[0.411s] [01m[K/home/maria/rob_ws/src/tarea1/src/sensor_simple.cpp:30:50:[m[K [01;31m[Kerror: [m[Kexpected ‘[01m[K)[m[K’ before ‘[01m[K::[m[K’ token
[0.411s]    30 | void MM::sensor_callback[34m[K([m[Kconst geometry_msgs::msg[01;31m[K:[m[K[32m[K:[m[KVector3::SharedPtr msg)
[0.411s]       |                         [34m[K~[m[K                        [01;31m[K^[m[K[32m[K~[m[K
[0.411s]       |                                                  [32m[K)[m[K
[0.411s] [01m[K/home/maria/rob_ws/src/tarea1/src/sensor_simple.cpp:30:50:[m[K [01;31m[Kerror: [m[Kexpected initializer before ‘[01m[K::[m[K’ token
[0.411s]    30 | void MM::sensor_callback(const geometry_msgs::msg[01;31m[K::[m[KVector3::SharedPtr msg)
[0.412s]       |                                                  [01;31m[K^~[m[K
[0.412s] [01m[K/home/maria/rob_ws/src/tarea1/src/sensor_simple.cpp:[m[K In function ‘[01m[Kint main(int, char**)[m[K’:
[0.412s] [01m[K/home/maria/rob_ws/src/tarea1/src/sensor_simple.cpp:52:5:[m[K [01;31m[Kerror: [m[K‘[01m[Krclcpp[m[K’ has not been declared
[0.412s]    52 |     [01;31m[Krclcpp[m[K::init( argc, argv);
[0.412s]       |     [01;31m[K^~~~~~[m[K
[0.412s] [01m[K/home/maria/rob_ws/src/tarea1/src/sensor_simple.cpp:55:22:[m[K [01;31m[Kerror: [m[K‘[01m[Kmake_shared[m[K’ is not a member of ‘[01m[Kstd[m[K’
[0.412s]    55 |     auto node = std::[01;31m[Kmake_shared[m[K<MM>();
[0.412s]       |                      [01;31m[K^~~~~~~~~~~[m[K
[0.412s] [01m[K/home/maria/rob_ws/src/tarea1/src/sensor_simple.cpp:3:1:[m[K [01;36m[Knote: [m[K‘[01m[Kstd::make_shared[m[K’ is defined in header ‘[01m[K<memory>[m[K’; did you forget to ‘[01m[K#include <memory>[m[K’?
[0.412s]     2 | #include <cmath>
[0.412s]   +++ |+[32m[K#include <memory>[m[K
[0.412s]     3 | 
[0.412s] [01m[K/home/maria/rob_ws/src/tarea1/src/sensor_simple.cpp:55:34:[m[K [01;31m[Kerror: [m[K‘[01m[KMM[m[K’ was not declared in this scope
[0.412s]    55 |     auto node = std::make_shared<[01;31m[KMM[m[K>();
[0.412s]       |                                  [01;31m[K^~[m[K
[0.412s] [01m[K/home/maria/rob_ws/src/tarea1/src/sensor_simple.cpp:55:38:[m[K [01;31m[Kerror: [m[Kexpected primary-expression before ‘[01m[K)[m[K’ token
[0.412s]    55 |     auto node = std::make_shared<MM>([01;31m[K)[m[K;
[0.413s]       |                                      [01;31m[K^[m[K
[0.413s] [01m[K/home/maria/rob_ws/src/tarea1/src/sensor_simple.cpp:59:5:[m[K [01;31m[Kerror: [m[K‘[01m[Krclcpp[m[K’ has not been declared
[0.413s]    59 |     [01;31m[Krclcpp[m[K::Rate loop_rate(5.0);
[0.413s]       |     [01;31m[K^~~~~~[m[K
[0.413s] [01m[K/home/maria/rob_ws/src/tarea1/src/sensor_simple.cpp:60:5:[m[K [01;31m[Kerror: [m[K‘[01m[KRCLCPP_INFO[m[K’ was not declared in this scope
[0.413s]    60 |     [01;31m[KRCLCPP_INFO[m[K(node->get_logger(), "Starting Main Loop...");
[0.413s]       |     [01;31m[K^~~~~~~~~~~[m[K
[0.413s] [01m[K/home/maria/rob_ws/src/tarea1/src/sensor_simple.cpp:62:12:[m[K [01;31m[Kerror: [m[K‘[01m[Krclcpp[m[K’ has not been declared
[0.413s]    62 |     while ([01;31m[Krclcpp[m[K::ok())
[0.413s]       |            [01;31m[K^~~~~~[m[K
[0.413s] [01m[K/home/maria/rob_ws/src/tarea1/src/sensor_simple.cpp:64:9:[m[K [01;31m[Kerror: [m[K‘[01m[Krclcpp[m[K’ has not been declared
[0.413s]    64 |         [01;31m[Krclcpp[m[K::spin_some(node);  // attend subscriptions and srv request
[0.413s]       |         [01;31m[K^~~~~~[m[K
[0.413s] [01m[K/home/maria/rob_ws/src/tarea1/src/sensor_simple.cpp:65:9:[m[K [01;31m[Kerror: [m[K‘[01m[Kloop_rate[m[K’ was not declared in this scope
[0.413s]    65 |         [01;31m[Kloop_rate[m[K.sleep();  // sleep till next step time
[0.413s]       |         [01;31m[K^~~~~~~~~[m[K
[0.413s] [01m[K/home/maria/rob_ws/src/tarea1/src/sensor_simple.cpp:68:5:[m[K [01;31m[Kerror: [m[K‘[01m[Krclcpp[m[K’ has not been declared
[0.414s]    68 |     [01;31m[Krclcpp[m[K::shutdown();
[0.414s]       |     [01;31m[K^~~~~~[m[K
[0.431s] gmake[2]: *** [CMakeFiles/sensor_simple.dir/build.make:76: CMakeFiles/sensor_simple.dir/src/sensor_simple.cpp.o] Error 1
[0.432s] gmake[1]: *** [CMakeFiles/Makefile2:305: CMakeFiles/sensor_simple.dir/all] Error 2
[0.432s] gmake: *** [Makefile:146: all] Error 2
[0.434s] Invoked command in '/home/maria/rob_ws/build/tarea1' returned '2': CMAKE_PREFIX_PATH=${CMAKE_PREFIX_PATH}:/opt/ros/humble /usr/bin/cmake --build /home/maria/rob_ws/build/tarea1 -- -j12 -l12
