-- Found ament_cmake: 1.3.12 (/opt/ros/humble/share/ament_cmake/cmake)
-- Found rclcpp: 16.0.15 (/opt/ros/humble/share/rclcpp/cmake)
-- Found rosidl_generator_c: 3.1.7 (/opt/ros/humble/share/rosidl_generator_c/cmake)
-- Found rosidl_adapter: 3.1.7 (/opt/ros/humble/share/rosidl_adapter/cmake)
-- Found rosidl_generator_cpp: 3.1.7 (/opt/ros/humble/share/rosidl_generator_cpp/cmake)
-- Using all available rosidl_typesupport_c: rosidl_typesupport_fastrtps_c;rosidl_typesupport_introspection_c
-- Using all available rosidl_typesupport_cpp: rosidl_typesupport_fastrtps_cpp;rosidl_typesupport_introspection_cpp
-- Found rmw_implementation_cmake: 6.1.2 (/opt/ros/humble/share/rmw_implementation_cmake/cmake)
-- Found rmw_fastrtps_cpp: 6.2.8 (/opt/ros/humble/share/rmw_fastrtps_cpp/cmake)
-- Using RMW implementation 'rmw_fastrtps_cpp' as default
-- Found geometry_msgs: 4.9.0 (/opt/ros/humble/share/geometry_msgs/cmake)
-- Found sensor_msgs: 4.9.0 (/opt/ros/humble/share/sensor_msgs/cmake)
-- Configuring done
-- Generating done
-- Build files have been written to: /home/maria/rob_ws/build/tarea1
[35m[1mConsolidate compiler generated dependencies of target posicion[0m
[35m[1mConsolidate compiler generated dependencies of target follow[0m
[35m[1mConsolidate compiler generated dependencies of target sensor[0m
[35m[1mConsolidate compiler generated dependencies of target circulo[0m
[35m[1mConsolidate compiler generated dependencies of target posicion_control[0m
[35m[1mConsolidate compiler generated dependencies of target velocidad[0m
[35m[1mConsolidate compiler generated dependencies of target sensor_simple[0m
[  6%] [32mBuilding CXX object CMakeFiles/mando.dir/src/mando.cpp.o[0m
[ 18%] Built target posicion
[ 31%] Built target follow
[ 43%] Built target posicion_control
[ 56%] Built target velocidad
[ 68%] Built target circulo
[ 81%] Built target sensor
[ 93%] Built target sensor_simple
