[0.007s] Invoking command in '/home/maria/rob_ws/build/tarea1': CMAKE_PREFIX_PATH=${CMAKE_PREFIX_PATH}:/opt/ros/humble /usr/bin/cmake --build /home/maria/rob_ws/build/tarea1 -- -j12 -l12
[0.026s] -- Found ament_cmake: 1.3.12 (/opt/ros/humble/share/ament_cmake/cmake)
[0.112s] -- Found rclcpp: 16.0.15 (/opt/ros/humble/share/rclcpp/cmake)
[0.128s] -- Found rosidl_generator_c: 3.1.7 (/opt/ros/humble/share/rosidl_generator_c/cmake)
[0.129s] -- Found rosidl_adapter: 3.1.7 (/opt/ros/humble/share/rosidl_adapter/cmake)
[0.132s] -- Found rosidl_generator_cpp: 3.1.7 (/opt/ros/humble/share/rosidl_generator_cpp/cmake)
[0.137s] -- Using all available rosidl_typesupport_c: rosidl_typesupport_fastrtps_c;rosidl_typesupport_introspection_c
[0.144s] -- Using all available rosidl_typesupport_cpp: rosidl_typesupport_fastrtps_cpp;rosidl_typesupport_introspection_cpp
[0.162s] -- Found rmw_implementation_cmake: 6.1.2 (/opt/ros/humble/share/rmw_implementation_cmake/cmake)
[0.163s] -- Found rmw_fastrtps_cpp: 6.2.8 (/opt/ros/humble/share/rmw_fastrtps_cpp/cmake)
[0.223s] -- Using RMW implementation 'rmw_fastrtps_cpp' as default
[0.250s] -- Found geometry_msgs: 4.9.0 (/opt/ros/humble/share/geometry_msgs/cmake)
[0.261s] -- Found sensor_msgs: 4.9.0 (/opt/ros/humble/share/sensor_msgs/cmake)
[0.317s] -- Configuring done
[0.332s] -- Generating done
[0.339s] -- Build files have been written to: /home/maria/rob_ws/build/tarea1
[0.358s] [35m[1mConsolidate compiler generated dependencies of target posicion[0m
[0.358s] [35m[1mConsolidate compiler generated dependencies of target follow[0m
[0.358s] [35m[1mConsolidate compiler generated dependencies of target sensor[0m
[0.358s] [35m[1mConsolidate compiler generated dependencies of target circulo[0m
[0.359s] [35m[1mConsolidate compiler generated dependencies of target posicion_control[0m
[0.359s] [35m[1mConsolidate compiler generated dependencies of target velocidad[0m
[0.361s] [35m[1mConsolidate compiler generated dependencies of target sensor_simple[0m
[0.368s] [  6%] [32mBuilding CXX object CMakeFiles/mando.dir/src/mando.cpp.o[0m
[0.370s] [ 18%] Built target posicion
[0.370s] [ 31%] Built target follow
[0.371s] [ 43%] Built target posicion_control
[0.372s] [ 56%] Built target velocidad
[0.373s] [ 68%] Built target circulo
[0.373s] [ 81%] Built target sensor
[0.375s] [ 93%] Built target sensor_simple
[1.746s] [01m[K/home/maria/rob_ws/src/tarea1/src/mando.cpp:[m[K In constructor ‘[01m[KMM::MM()[m[K’:
[1.746s] [01m[K/home/maria/rob_ws/src/tarea1/src/mando.cpp:11:59:[m[K [01;31m[Kerror: [m[Kno match for ‘[01m[Koperator=[m[K’ (operand types are ‘[01m[Krclcpp::Subscription<geometry_msgs::msg::Pose_<std::allocator<void> > >::SharedPtr[m[K’ {aka ‘[01m[Kstd::shared_ptr<rclcpp::Subscription<geometry_msgs::msg::Pose_<std::allocator<void> > > >[m[K’} and ‘[01m[Kstd::shared_ptr<rclcpp::Subscription<sensor_msgs::msg::Joy_<std::allocator<void> >, std::allocator<void>, sensor_msgs::msg::Joy_<std::allocator<void> >, sensor_msgs::msg::Joy_<std::allocator<void> >, rclcpp::message_memory_strategy::MessageMemoryStrategy<sensor_msgs::msg::Joy_<std::allocator<void> >, std::allocator<void> > > >[m[K’)
[1.746s]    11 |         "/joy", 10, std::bind(&MM::joy_callback, this, _1)[01;31m[K)[m[K;
[1.746s]       |                                                           [01;31m[K^[m[K
[1.746s] In file included from [01m[K/usr/include/c++/11/memory:77[m[K,
[1.746s]                  from [01m[K/opt/ros/humble/include/rclcpp/rclcpp/rclcpp.hpp:153[m[K,
[1.746s]                  from [01m[K/home/maria/rob_ws/src/tarea1/include/tarea1/mando.hpp:1[m[K,
[1.746s]                  from [01m[K/home/maria/rob_ws/src/tarea1/src/mando.cpp:1[m[K:
[1.746s] [01m[K/usr/include/c++/11/bits/shared_ptr.h:363:9:[m[K [01;36m[Knote: [m[Kcandidate: ‘[01m[Ktemplate<class _Yp> std::shared_ptr<_Tp>::_Assignable<const std::shared_ptr<_Yp>&> std::shared_ptr<_Tp>::operator=(const std::shared_ptr<_Yp>&) [with _Yp = _Yp; _Tp = rclcpp::Subscription<geometry_msgs::msg::Pose_<std::allocator<void> > >][m[K’
[1.746s]   363 |         [01;36m[Koperator[m[K=(const shared_ptr<_Yp>& __r) noexcept
[1.746s]       |         [01;36m[K^~~~~~~~[m[K
[1.747s] [01m[K/usr/include/c++/11/bits/shared_ptr.h:363:9:[m[K [01;36m[Knote: [m[K  template argument deduction/substitution failed:
[1.747s] /usr/include/c++/11/bits/shared_ptr.h: In substitution of ‘[01m[Ktemplate<class _Tp> template<class _Arg> using _Assignable = typename std::enable_if<std::is_assignable<std::__shared_ptr<_Tp>&, _Arg>::value, std::shared_ptr<_Tp>&>::type [with _Arg = const std::shared_ptr<rclcpp::Subscription<sensor_msgs::msg::Joy_<std::allocator<void> >, std::allocator<void>, sensor_msgs::msg::Joy_<std::allocator<void> >, sensor_msgs::msg::Joy_<std::allocator<void> >, rclcpp::message_memory_strategy::MessageMemoryStrategy<sensor_msgs::msg::Joy_<std::allocator<void> >, std::allocator<void> > > >&; _Tp = rclcpp::Subscription<geometry_msgs::msg::Pose_<std::allocator<void> > >][m[K’:
[1.747s] [01m[K/usr/include/c++/11/bits/shared_ptr.h:363:2:[m[K   required by substitution of ‘[01m[Ktemplate<class _Yp> std::shared_ptr<rclcpp::Subscription<geometry_msgs::msg::Pose_<std::allocator<void> > > >::_Assignable<const std::shared_ptr<_Tp>&> std::shared_ptr<rclcpp::Subscription<geometry_msgs::msg::Pose_<std::allocator<void> > > >::operator=<_Yp>(const std::shared_ptr<_Tp>&) [with _Yp = rclcpp::Subscription<sensor_msgs::msg::Joy_<std::allocator<void> >, std::allocator<void>, sensor_msgs::msg::Joy_<std::allocator<void> >, sensor_msgs::msg::Joy_<std::allocator<void> >, rclcpp::message_memory_strategy::MessageMemoryStrategy<sensor_msgs::msg::Joy_<std::allocator<void> >, std::allocator<void> > >][m[K’
[1.747s] [01m[K/home/maria/rob_ws/src/tarea1/src/mando.cpp:11:59:[m[K   required from here
[1.747s] [01m[K/usr/include/c++/11/bits/shared_ptr.h:130:15:[m[K [01;31m[Kerror: [m[Kno type named ‘[01m[Ktype[m[K’ in ‘[01m[Kstruct std::enable_if<false, std::shared_ptr<rclcpp::Subscription<geometry_msgs::msg::Pose_<std::allocator<void> > > >&>[m[K’
[1.747s]   130 |         using [01;31m[K_Assignable[m[K = typename enable_if<
[1.747s]       |               [01;31m[K^~~~~~~~~~~[m[K
[1.747s] [01m[K/usr/include/c++/11/bits/shared_ptr.h:374:9:[m[K [01;36m[Knote: [m[Kcandidate: ‘[01m[Ktemplate<class _Yp> std::shared_ptr<_Tp>::_Assignable<std::auto_ptr<_Up> > std::shared_ptr<_Tp>::operator=(std::auto_ptr<_Up>&&) [with _Yp = _Yp; _Tp = rclcpp::Subscription<geometry_msgs::msg::Pose_<std::allocator<void> > >][m[K’
[1.747s]   374 |         [01;36m[Koperator[m[K=(auto_ptr<_Yp>&& __r)
[1.747s]       |         [01;36m[K^~~~~~~~[m[K
[1.747s] [01m[K/usr/include/c++/11/bits/shared_ptr.h:374:9:[m[K [01;36m[Knote: [m[K  template argument deduction/substitution failed:
[1.747s] [01m[K/home/maria/rob_ws/src/tarea1/src/mando.cpp:11:59:[m[K [01;36m[Knote: [m[K  ‘[01m[Kstd::shared_ptr<rclcpp::Subscription<sensor_msgs::msg::Joy_<std::allocator<void> >, std::allocator<void>, sensor_msgs::msg::Joy_<std::allocator<void> >, sensor_msgs::msg::Joy_<std::allocator<void> >, rclcpp::message_memory_strategy::MessageMemoryStrategy<sensor_msgs::msg::Joy_<std::allocator<void> >, std::allocator<void> > > >[m[K’ is not derived from ‘[01m[Kstd::auto_ptr<_Up>[m[K’
[1.747s]    11 |         "/joy", 10, std::bind(&MM::joy_callback, this, _1)[01;36m[K)[m[K;
[1.747s]       |                                                           [01;36m[K^[m[K
[1.747s] In file included from [01m[K/usr/include/c++/11/memory:77[m[K,
[1.747s]                  from [01m[K/opt/ros/humble/include/rclcpp/rclcpp/rclcpp.hpp:153[m[K,
[1.747s]                  from [01m[K/home/maria/rob_ws/src/tarea1/include/tarea1/mando.hpp:1[m[K,
[1.748s]                  from [01m[K/home/maria/rob_ws/src/tarea1/src/mando.cpp:1[m[K:
[1.748s] [01m[K/usr/include/c++/11/bits/shared_ptr.h:391:9:[m[K [01;36m[Knote: [m[Kcandidate: ‘[01m[Ktemplate<class _Yp> std::shared_ptr<_Tp>::_Assignable<std::shared_ptr<_Yp> > std::shared_ptr<_Tp>::operator=(std::shared_ptr<_Yp>&&) [with _Yp = _Yp; _Tp = rclcpp::Subscription<geometry_msgs::msg::Pose_<std::allocator<void> > >][m[K’
[1.748s]   391 |         [01;36m[Koperator[m[K=(shared_ptr<_Yp>&& __r) noexcept
[1.748s]       |         [01;36m[K^~~~~~~~[m[K
[1.748s] [01m[K/usr/include/c++/11/bits/shared_ptr.h:391:9:[m[K [01;36m[Knote: [m[K  template argument deduction/substitution failed:
[1.748s] /usr/include/c++/11/bits/shared_ptr.h: In substitution of ‘[01m[Ktemplate<class _Tp> template<class _Arg> using _Assignable = typename std::enable_if<std::is_assignable<std::__shared_ptr<_Tp>&, _Arg>::value, std::shared_ptr<_Tp>&>::type [with _Arg = std::shared_ptr<rclcpp::Subscription<sensor_msgs::msg::Joy_<std::allocator<void> >, std::allocator<void>, sensor_msgs::msg::Joy_<std::allocator<void> >, sensor_msgs::msg::Joy_<std::allocator<void> >, rclcpp::message_memory_strategy::MessageMemoryStrategy<sensor_msgs::msg::Joy_<std::allocator<void> >, std::allocator<void> > > >; _Tp = rclcpp::Subscription<geometry_msgs::msg::Pose_<std::allocator<void> > >][m[K’:
[1.748s] [01m[K/usr/include/c++/11/bits/shared_ptr.h:391:2:[m[K   required by substitution of ‘[01m[Ktemplate<class _Yp> std::shared_ptr<rclcpp::Subscription<geometry_msgs::msg::Pose_<std::allocator<void> > > >::_Assignable<std::shared_ptr<_Tp> > std::shared_ptr<rclcpp::Subscription<geometry_msgs::msg::Pose_<std::allocator<void> > > >::operator=<_Yp>(std::shared_ptr<_Tp>&&) [with _Yp = rclcpp::Subscription<sensor_msgs::msg::Joy_<std::allocator<void> >, std::allocator<void>, sensor_msgs::msg::Joy_<std::allocator<void> >, sensor_msgs::msg::Joy_<std::allocator<void> >, rclcpp::message_memory_strategy::MessageMemoryStrategy<sensor_msgs::msg::Joy_<std::allocator<void> >, std::allocator<void> > >][m[K’
[1.748s] [01m[K/home/maria/rob_ws/src/tarea1/src/mando.cpp:11:59:[m[K   required from here
[1.748s] [01m[K/usr/include/c++/11/bits/shared_ptr.h:130:15:[m[K [01;31m[Kerror: [m[Kno type named ‘[01m[Ktype[m[K’ in ‘[01m[Kstruct std::enable_if<false, std::shared_ptr<rclcpp::Subscription<geometry_msgs::msg::Pose_<std::allocator<void> > > >&>[m[K’
[1.748s]   130 |         using [01;31m[K_Assignable[m[K = typename enable_if<
[1.748s]       |               [01;31m[K^~~~~~~~~~~[m[K
[1.748s] [01m[K/usr/include/c++/11/bits/shared_ptr.h:399:9:[m[K [01;36m[Knote: [m[Kcandidate: ‘[01m[Ktemplate<class _Yp, class _Del> std::shared_ptr<_Tp>::_Assignable<std::unique_ptr<_Up, _Ep> > std::shared_ptr<_Tp>::operator=(std::unique_ptr<_Up, _Ep>&&) [with _Yp = _Yp; _Del = _Del; _Tp = rclcpp::Subscription<geometry_msgs::msg::Pose_<std::allocator<void> > >][m[K’
[1.748s]   399 |         [01;36m[Koperator[m[K=(unique_ptr<_Yp, _Del>&& __r)
[1.748s]       |         [01;36m[K^~~~~~~~[m[K
[1.748s] [01m[K/usr/include/c++/11/bits/shared_ptr.h:399:9:[m[K [01;36m[Knote: [m[K  template argument deduction/substitution failed:
[1.748s] [01m[K/home/maria/rob_ws/src/tarea1/src/mando.cpp:11:59:[m[K [01;36m[Knote: [m[K  ‘[01m[Kstd::shared_ptr<rclcpp::Subscription<sensor_msgs::msg::Joy_<std::allocator<void> >, std::allocator<void>, sensor_msgs::msg::Joy_<std::allocator<void> >, sensor_msgs::msg::Joy_<std::allocator<void> >, rclcpp::message_memory_strategy::MessageMemoryStrategy<sensor_msgs::msg::Joy_<std::allocator<void> >, std::allocator<void> > > >[m[K’ is not derived from ‘[01m[Kstd::unique_ptr<_Tp, _Dp>[m[K’
[1.748s]    11 |         "/joy", 10, std::bind(&MM::joy_callback, this, _1)[01;36m[K)[m[K;
[1.749s]       |                                                           [01;36m[K^[m[K
[1.749s] In file included from [01m[K/usr/include/c++/11/memory:77[m[K,
[1.749s]                  from [01m[K/opt/ros/humble/include/rclcpp/rclcpp/rclcpp.hpp:153[m[K,
[1.749s]                  from [01m[K/home/maria/rob_ws/src/tarea1/include/tarea1/mando.hpp:1[m[K,
[1.749s]                  from [01m[K/home/maria/rob_ws/src/tarea1/src/mando.cpp:1[m[K:
[1.749s] [01m[K/usr/include/c++/11/bits/shared_ptr.h:359:19:[m[K [01;36m[Knote: [m[Kcandidate: ‘[01m[Kstd::shared_ptr<_Tp>& std::shared_ptr<_Tp>::operator=(const std::shared_ptr<_Tp>&) [with _Tp = rclcpp::Subscription<geometry_msgs::msg::Pose_<std::allocator<void> > >][m[K’
[1.749s]   359 |       shared_ptr& [01;36m[Koperator[m[K=(const shared_ptr&) noexcept = default;
[1.749s]       |                   [01;36m[K^~~~~~~~[m[K
[1.749s] [01m[K/usr/include/c++/11/bits/shared_ptr.h:359:29:[m[K [01;36m[Knote: [m[K  no known conversion for argument 1 from ‘[01m[Kstd::shared_ptr<rclcpp::Subscription<sensor_msgs::msg::Joy_<std::allocator<void> >, std::allocator<void>, sensor_msgs::msg::Joy_<std::allocator<void> >, sensor_msgs::msg::Joy_<std::allocator<void> >, rclcpp::message_memory_strategy::MessageMemoryStrategy<sensor_msgs::msg::Joy_<std::allocator<void> >, std::allocator<void> > > >[m[K’ to ‘[01m[Kconst std::shared_ptr<rclcpp::Subscription<geometry_msgs::msg::Pose_<std::allocator<void> > > >&[m[K’
[1.749s]   359 |       shared_ptr& operator=([01;36m[Kconst shared_ptr&[m[K) noexcept = default;
[1.749s]       |                             [01;36m[K^~~~~~~~~~~~~~~~~[m[K
[1.749s] [01m[K/usr/include/c++/11/bits/shared_ptr.h:383:7:[m[K [01;36m[Knote: [m[Kcandidate: ‘[01m[Kstd::shared_ptr<_Tp>& std::shared_ptr<_Tp>::operator=(std::shared_ptr<_Tp>&&) [with _Tp = rclcpp::Subscription<geometry_msgs::msg::Pose_<std::allocator<void> > >][m[K’
[1.749s]   383 |       [01;36m[Koperator[m[K=(shared_ptr&& __r) noexcept
[1.749s]       |       [01;36m[K^~~~~~~~[m[K
[1.749s] [01m[K/usr/include/c++/11/bits/shared_ptr.h:383:30:[m[K [01;36m[Knote: [m[K  no known conversion for argument 1 from ‘[01m[Kstd::shared_ptr<rclcpp::Subscription<sensor_msgs::msg::Joy_<std::allocator<void> >, std::allocator<void>, sensor_msgs::msg::Joy_<std::allocator<void> >, sensor_msgs::msg::Joy_<std::allocator<void> >, rclcpp::message_memory_strategy::MessageMemoryStrategy<sensor_msgs::msg::Joy_<std::allocator<void> >, std::allocator<void> > > >[m[K’ to ‘[01m[Kstd::shared_ptr<rclcpp::Subscription<geometry_msgs::msg::Pose_<std::allocator<void> > > >&&[m[K’
[1.749s]   383 |       operator=([01;36m[Kshared_ptr&& __r[m[K) noexcept
[1.749s]       |                 [01;36m[K~~~~~~~~~~~~~^~~[m[K
[1.760s] [01m[K/home/maria/rob_ws/src/tarea1/src/mando.cpp:13:9:[m[K [01;31m[Kerror: [m[K‘[01m[Kaxis_linear_[m[K’ was not declared in this scope
[1.760s]    13 |         [01;31m[Kaxis_linear_[m[K = 1; // eje Y del stick izquierdo
[1.760s]       |         [01;31m[K^~~~~~~~~~~~[m[K
[1.764s] [01m[K/home/maria/rob_ws/src/tarea1/src/mando.cpp:14:9:[m[K [01;31m[Kerror: [m[K‘[01m[Kaxis_angular_[m[K’ was not declared in this scope
[1.764s]    14 |         [01;31m[Kaxis_angular_[m[K = 0; // eje X del stick izquierdo
[1.765s]       |         [01;31m[K^~~~~~~~~~~~~[m[K
[1.769s] [01m[K/home/maria/rob_ws/src/tarea1/src/mando.cpp:15:9:[m[K [01;31m[Kerror: [m[K‘[01m[Kscale_linear_[m[K’ was not declared in this scope
[1.769s]    15 |         [01;31m[Kscale_linear_[m[K = 0.5;
[1.769s]       |         [01;31m[K^~~~~~~~~~~~~[m[K
[1.773s] [01m[K/home/maria/rob_ws/src/tarea1/src/mando.cpp:16:9:[m[K [01;31m[Kerror: [m[K‘[01m[Kscale_angular_[m[K’ was not declared in this scope
[1.773s]    16 |         [01;31m[Kscale_angular_[m[K = 0.5;
[1.773s]       |         [01;31m[K^~~~~~~~~~~~~~[m[K
[1.775s] [01m[K/home/maria/rob_ws/src/tarea1/src/mando.cpp:[m[K At global scope:
[1.775s] [01m[K/home/maria/rob_ws/src/tarea1/src/mando.cpp:33:29:[m[K [01;31m[Kerror: [m[K‘[01m[Kensor_msgs[m[K’ does not name a type
[1.775s]    33 | void MM::joy_callback(const [01;31m[Kensor_msgs[m[K::msg::Joy::SharedPtr msg)
[1.775s]       |                             [01;31m[K^~~~~~~~~~[m[K
[1.775s] [01m[K/home/maria/rob_ws/src/tarea1/src/mando.cpp:33:44:[m[K [01;31m[Kerror: [m[Kexpected unqualified-id before ‘[01m[K::[m[K’ token
[1.775s]    33 | void MM::joy_callback(const ensor_msgs::msg[01;31m[K::[m[KJoy::SharedPtr msg)
[1.775s]       |                                            [01;31m[K^~[m[K
[1.775s] [01m[K/home/maria/rob_ws/src/tarea1/src/mando.cpp:33:44:[m[K [01;31m[Kerror: [m[Kexpected ‘[01m[K)[m[K’ before ‘[01m[K::[m[K’ token
[1.775s]    33 | void MM::joy_callback[34m[K([m[Kconst ensor_msgs::msg[01;31m[K:[m[K[32m[K:[m[KJoy::SharedPtr msg)
[1.775s]       |                      [34m[K~[m[K                     [01;31m[K^[m[K[32m[K~[m[K
[1.775s]       |                                            [32m[K)[m[K
[1.775s] [01m[K/home/maria/rob_ws/src/tarea1/src/mando.cpp:33:44:[m[K [01;31m[Kerror: [m[Kexpected initializer before ‘[01m[K::[m[K’ token
[1.775s]    33 | void MM::joy_callback(const ensor_msgs::msg[01;31m[K::[m[KJoy::SharedPtr msg)
[1.775s]       |                                            [01;31m[K^~[m[K
[3.147s] gmake[2]: *** [CMakeFiles/mando.dir/build.make:76: CMakeFiles/mando.dir/src/mando.cpp.o] Error 1
[3.147s] gmake[1]: *** [CMakeFiles/Makefile2:333: CMakeFiles/mando.dir/all] Error 2
[3.147s] gmake: *** [Makefile:146: all] Error 2
[3.149s] Invoked command in '/home/maria/rob_ws/build/tarea1' returned '2': CMAKE_PREFIX_PATH=${CMAKE_PREFIX_PATH}:/opt/ros/humble /usr/bin/cmake --build /home/maria/rob_ws/build/tarea1 -- -j12 -l12
