[0.009s] Invoking command in '/home/maria/rob_ws/build/tarea1': CMAKE_PREFIX_PATH=${CMAKE_PREFIX_PATH}:/opt/ros/humble /usr/bin/cmake --build /home/maria/rob_ws/build/tarea1 -- -j12 -l12
[0.040s] [35m[1mConsolidate compiler generated dependencies of target follow[0m
[0.053s] [ 10%] [32mBuilding CXX object CMakeFiles/posicion.dir/src/posicion.cpp.o[0m
[0.054s] [ 50%] Built target velocidad
[0.054s] [ 50%] Built target follow
[0.054s] [ 70%] Built target circulo
[0.059s] [ 90%] Built target posicion_control
[5.532s] [100%] [32m[1mLinking CXX executable posicion[0m
[5.782s] [100%] Built target posicion
[5.790s] Invoked command in '/home/maria/rob_ws/build/tarea1' returned '0': CMAKE_PREFIX_PATH=${CMAKE_PREFIX_PATH}:/opt/ros/humble /usr/bin/cmake --build /home/maria/rob_ws/build/tarea1 -- -j12 -l12
[5.791s] Invoking command in '/home/maria/rob_ws/build/tarea1': CMAKE_PREFIX_PATH=${CMAKE_PREFIX_PATH}:/opt/ros/humble /usr/bin/cmake --install /home/maria/rob_ws/build/tarea1
[5.796s] -- Install configuration: ""
[5.796s] -- Up-to-date: /home/maria/rob_ws/install/tarea1/share/tarea1
[5.796s] -- Up-to-date: /home/maria/rob_ws/install/tarea1/lib/tarea1/velocidad
[5.796s] -- Installing: /home/maria/rob_ws/install/tarea1/lib/tarea1/posicion
[5.798s] -- Set runtime path of "/home/maria/rob_ws/install/tarea1/lib/tarea1/posicion" to ""
[5.798s] -- Up-to-date: /home/maria/rob_ws/install/tarea1/lib/tarea1/circulo
[5.798s] -- Up-to-date: /home/maria/rob_ws/install/tarea1/lib/tarea1/posicion_control
[5.798s] -- Up-to-date: /home/maria/rob_ws/install/tarea1/lib/tarea1/follow
[5.798s] -- Up-to-date: /home/maria/rob_ws/install/tarea1/share/ament_index/resource_index/package_run_dependencies/tarea1
[5.798s] -- Up-to-date: /home/maria/rob_ws/install/tarea1/share/ament_index/resource_index/parent_prefix_path/tarea1
[5.798s] -- Up-to-date: /home/maria/rob_ws/install/tarea1/share/tarea1/environment/ament_prefix_path.sh
[5.798s] -- Up-to-date: /home/maria/rob_ws/install/tarea1/share/tarea1/environment/ament_prefix_path.dsv
[5.798s] -- Up-to-date: /home/maria/rob_ws/install/tarea1/share/tarea1/environment/path.sh
[5.799s] -- Up-to-date: /home/maria/rob_ws/install/tarea1/share/tarea1/environment/path.dsv
[5.799s] -- Up-to-date: /home/maria/rob_ws/install/tarea1/share/tarea1/local_setup.bash
[5.799s] -- Up-to-date: /home/maria/rob_ws/install/tarea1/share/tarea1/local_setup.sh
[5.799s] -- Up-to-date: /home/maria/rob_ws/install/tarea1/share/tarea1/local_setup.zsh
[5.799s] -- Up-to-date: /home/maria/rob_ws/install/tarea1/share/tarea1/local_setup.dsv
[5.799s] -- Installing: /home/maria/rob_ws/install/tarea1/share/tarea1/package.dsv
[5.799s] -- Up-to-date: /home/maria/rob_ws/install/tarea1/share/ament_index/resource_index/packages/tarea1
[5.799s] -- Up-to-date: /home/maria/rob_ws/install/tarea1/share/tarea1/cmake/tarea1Config.cmake
[5.799s] -- Up-to-date: /home/maria/rob_ws/install/tarea1/share/tarea1/cmake/tarea1Config-version.cmake
[5.799s] -- Up-to-date: /home/maria/rob_ws/install/tarea1/share/tarea1/package.xml
[5.800s] Invoked command in '/home/maria/rob_ws/build/tarea1' returned '0': CMAKE_PREFIX_PATH=${CMAKE_PREFIX_PATH}:/opt/ros/humble /usr/bin/cmake --install /home/maria/rob_ws/build/tarea1
