[0.009s] Invoking command in '/home/maria/rob_ws/build/tarea1': CMAKE_PREFIX_PATH=${CMAKE_PREFIX_PATH}:/opt/ros/humble /usr/bin/cmake --build /home/maria/rob_ws/build/tarea1 -- -j12 -l12
[0.051s] [ 14%] Built target posicion_control
[0.052s] [ 28%] Built target sensor_simple
[0.054s] [ 42%] Built target posicion
[0.054s] [ 57%] Built target follow
[0.057s] [ 71%] Built target velocidad
[0.057s] [ 85%] Built target circulo
[0.057s] [100%] Built target sensor
[0.066s] Invoked command in '/home/maria/rob_ws/build/tarea1' returned '0': CMAKE_PREFIX_PATH=${CMAKE_PREFIX_PATH}:/opt/ros/humble /usr/bin/cmake --build /home/maria/rob_ws/build/tarea1 -- -j12 -l12
[0.073s] Invoking command in '/home/maria/rob_ws/build/tarea1': CMAKE_PREFIX_PATH=${CMAKE_PREFIX_PATH}:/opt/ros/humble /usr/bin/cmake --install /home/maria/rob_ws/build/tarea1
[0.079s] -- Install configuration: ""
[0.079s] -- Up-to-date: /home/maria/rob_ws/install/tarea1/share/tarea1/launch
[0.079s] -- Up-to-date: /home/maria/rob_ws/install/tarea1/share/tarea1/launch/teleop.launch.py
[0.079s] -- Up-to-date: /home/maria/rob_ws/install/tarea1/share/tarea1/config
[0.079s] -- Installing: /home/maria/rob_ws/install/tarea1/share/tarea1/config/teleop_twist_joy.yaml
[0.079s] -- Up-to-date: /home/maria/rob_ws/install/tarea1/lib/tarea1/velocidad
[0.080s] -- Up-to-date: /home/maria/rob_ws/install/tarea1/lib/tarea1/posicion
[0.080s] -- Up-to-date: /home/maria/rob_ws/install/tarea1/lib/tarea1/circulo
[0.080s] -- Up-to-date: /home/maria/rob_ws/install/tarea1/lib/tarea1/posicion_control
[0.081s] -- Up-to-date: /home/maria/rob_ws/install/tarea1/lib/tarea1/follow
[0.081s] -- Up-to-date: /home/maria/rob_ws/install/tarea1/lib/tarea1/sensor
[0.081s] -- Up-to-date: /home/maria/rob_ws/install/tarea1/lib/tarea1/sensor_simple
[0.081s] -- Up-to-date: /home/maria/rob_ws/install/tarea1/share/ament_index/resource_index/package_run_dependencies/tarea1
[0.081s] -- Up-to-date: /home/maria/rob_ws/install/tarea1/share/ament_index/resource_index/parent_prefix_path/tarea1
[0.081s] -- Up-to-date: /home/maria/rob_ws/install/tarea1/share/tarea1/environment/ament_prefix_path.sh
[0.081s] -- Up-to-date: /home/maria/rob_ws/install/tarea1/share/tarea1/environment/ament_prefix_path.dsv
[0.082s] -- Up-to-date: /home/maria/rob_ws/install/tarea1/share/tarea1/environment/path.sh
[0.082s] -- Up-to-date: /home/maria/rob_ws/install/tarea1/share/tarea1/environment/path.dsv
[0.082s] -- Up-to-date: /home/maria/rob_ws/install/tarea1/share/tarea1/local_setup.bash
[0.082s] -- Up-to-date: /home/maria/rob_ws/install/tarea1/share/tarea1/local_setup.sh
[0.082s] -- Up-to-date: /home/maria/rob_ws/install/tarea1/share/tarea1/local_setup.zsh
[0.082s] -- Up-to-date: /home/maria/rob_ws/install/tarea1/share/tarea1/local_setup.dsv
[0.082s] -- Installing: /home/maria/rob_ws/install/tarea1/share/tarea1/package.dsv
[0.082s] -- Up-to-date: /home/maria/rob_ws/install/tarea1/share/ament_index/resource_index/packages/tarea1
[0.082s] -- Up-to-date: /home/maria/rob_ws/install/tarea1/share/tarea1/cmake/tarea1Config.cmake
[0.082s] -- Up-to-date: /home/maria/rob_ws/install/tarea1/share/tarea1/cmake/tarea1Config-version.cmake
[0.082s] -- Up-to-date: /home/maria/rob_ws/install/tarea1/share/tarea1/package.xml
[0.095s] Invoked command in '/home/maria/rob_ws/build/tarea1' returned '0': CMAKE_PREFIX_PATH=${CMAKE_PREFIX_PATH}:/opt/ros/humble /usr/bin/cmake --install /home/maria/rob_ws/build/tarea1
