[0.124s] DEBUG:colcon:Command line arguments: ['/usr/bin/colcon', 'build']
[0.124s] DEBUG:colcon:Parsed command line arguments: Namespace(log_base=None, log_level=None, verb_name='build', build_base='build', install_base='install', merge_install=False, symlink_install=False, test_result_base=None, continue_on_error=False, executor='parallel', parallel_workers=12, event_handlers=None, ignore_user_meta=False, metas=['./colcon.meta'], base_paths=['.'], packages_ignore=None, packages_ignore_regex=None, paths=None, packages_up_to=None, packages_up_to_regex=None, packages_above=None, packages_above_and_dependencies=None, packages_above_depth=None, packages_select_by_dep=None, packages_skip_by_dep=None, packages_skip_up_to=None, packages_select_build_failed=False, packages_skip_build_finished=False, packages_select_test_failures=False, packages_skip_test_passed=False, packages_select=None, packages_skip=None, packages_select_regex=None, packages_skip_regex=None, packages_start=None, packages_end=None, allow_overriding=[], cmake_args=None, cmake_target=None, cmake_target_skip_unavailable=False, cmake_clean_cache=False, cmake_clean_first=False, cmake_force_configure=False, ament_cmake_args=None, catkin_cmake_args=None, catkin_skip_building_tests=False, verb_parser=<colcon_defaults.argument_parser.defaults.DefaultArgumentsDecorator object at 0x7c9a76154d30>, verb_extension=<colcon_core.verb.build.BuildVerb object at 0x7c9a761547f0>, main=<bound method BuildVerb.main of <colcon_core.verb.build.BuildVerb object at 0x7c9a761547f0>>)
[0.364s] Level 1:colcon.colcon_core.package_discovery:discover_packages(colcon_meta) check parameters
[0.365s] Level 1:colcon.colcon_core.package_discovery:discover_packages(recursive) check parameters
[0.365s] Level 1:colcon.colcon_core.package_discovery:discover_packages(ignore) check parameters
[0.365s] Level 1:colcon.colcon_core.package_discovery:discover_packages(path) check parameters
[0.365s] Level 1:colcon.colcon_core.package_discovery:discover_packages(colcon_meta) discover
[0.365s] Level 1:colcon.colcon_core.package_discovery:discover_packages(recursive) discover
[0.365s] INFO:colcon.colcon_core.package_discovery:Crawling recursively for packages in '/home/maria/rob_ws'
[0.365s] Level 1:colcon.colcon_core.package_identification:_identify(.) by extensions ['ignore', 'ignore_ament_install']
[0.366s] Level 1:colcon.colcon_core.package_identification:_identify(.) by extension 'ignore'
[0.366s] Level 1:colcon.colcon_core.package_identification:_identify(.) by extension 'ignore_ament_install'
[0.366s] Level 1:colcon.colcon_core.package_identification:_identify(.) by extensions ['colcon_pkg']
[0.366s] Level 1:colcon.colcon_core.package_identification:_identify(.) by extension 'colcon_pkg'
[0.366s] Level 1:colcon.colcon_core.package_identification:_identify(.) by extensions ['colcon_meta']
[0.366s] Level 1:colcon.colcon_core.package_identification:_identify(.) by extension 'colcon_meta'
[0.366s] Level 1:colcon.colcon_core.package_identification:_identify(.) by extensions ['ros']
[0.366s] Level 1:colcon.colcon_core.package_identification:_identify(.) by extension 'ros'
[0.398s] Level 1:colcon.colcon_core.package_identification:_identify(.) by extensions ['cmake', 'python']
[0.398s] Level 1:colcon.colcon_core.package_identification:_identify(.) by extension 'cmake'
[0.399s] Level 1:colcon.colcon_core.package_identification:_identify(.) by extension 'python'
[0.399s] Level 1:colcon.colcon_core.package_identification:_identify(.) by extensions ['python_setup_py']
[0.399s] Level 1:colcon.colcon_core.package_identification:_identify(.) by extension 'python_setup_py'
[0.399s] Level 1:colcon.colcon_core.package_identification:_identify(build) by extensions ['ignore', 'ignore_ament_install']
[0.400s] Level 1:colcon.colcon_core.package_identification:_identify(build) by extension 'ignore'
[0.400s] Level 1:colcon.colcon_core.package_identification:_identify(build) ignored
[0.400s] Level 1:colcon.colcon_core.package_identification:_identify(install) by extensions ['ignore', 'ignore_ament_install']
[0.400s] Level 1:colcon.colcon_core.package_identification:_identify(install) by extension 'ignore'
[0.400s] Level 1:colcon.colcon_core.package_identification:_identify(install) ignored
[0.401s] Level 1:colcon.colcon_core.package_identification:_identify(log) by extensions ['ignore', 'ignore_ament_install']
[0.401s] Level 1:colcon.colcon_core.package_identification:_identify(log) by extension 'ignore'
[0.401s] Level 1:colcon.colcon_core.package_identification:_identify(log) ignored
[0.401s] Level 1:colcon.colcon_core.package_identification:_identify(src) by extensions ['ignore', 'ignore_ament_install']
[0.402s] Level 1:colcon.colcon_core.package_identification:_identify(src) by extension 'ignore'
[0.402s] Level 1:colcon.colcon_core.package_identification:_identify(src) by extension 'ignore_ament_install'
[0.402s] Level 1:colcon.colcon_core.package_identification:_identify(src) by extensions ['colcon_pkg']
[0.402s] Level 1:colcon.colcon_core.package_identification:_identify(src) by extension 'colcon_pkg'
[0.402s] Level 1:colcon.colcon_core.package_identification:_identify(src) by extensions ['colcon_meta']
[0.402s] Level 1:colcon.colcon_core.package_identification:_identify(src) by extension 'colcon_meta'
[0.402s] Level 1:colcon.colcon_core.package_identification:_identify(src) by extensions ['ros']
[0.402s] Level 1:colcon.colcon_core.package_identification:_identify(src) by extension 'ros'
[0.402s] Level 1:colcon.colcon_core.package_identification:_identify(src) by extensions ['cmake', 'python']
[0.402s] Level 1:colcon.colcon_core.package_identification:_identify(src) by extension 'cmake'
[0.402s] Level 1:colcon.colcon_core.package_identification:_identify(src) by extension 'python'
[0.402s] Level 1:colcon.colcon_core.package_identification:_identify(src) by extensions ['python_setup_py']
[0.403s] Level 1:colcon.colcon_core.package_identification:_identify(src) by extension 'python_setup_py'
[0.403s] Level 1:colcon.colcon_core.package_identification:_identify(src/micro-ROS-Agent) by extensions ['ignore', 'ignore_ament_install']
[0.403s] Level 1:colcon.colcon_core.package_identification:_identify(src/micro-ROS-Agent) by extension 'ignore'
[0.403s] Level 1:colcon.colcon_core.package_identification:_identify(src/micro-ROS-Agent) by extension 'ignore_ament_install'
[0.403s] Level 1:colcon.colcon_core.package_identification:_identify(src/micro-ROS-Agent) by extensions ['colcon_pkg']
[0.403s] Level 1:colcon.colcon_core.package_identification:_identify(src/micro-ROS-Agent) by extension 'colcon_pkg'
[0.403s] Level 1:colcon.colcon_core.package_identification:_identify(src/micro-ROS-Agent) by extensions ['colcon_meta']
[0.403s] Level 1:colcon.colcon_core.package_identification:_identify(src/micro-ROS-Agent) by extension 'colcon_meta'
[0.403s] Level 1:colcon.colcon_core.package_identification:_identify(src/micro-ROS-Agent) by extensions ['ros']
[0.403s] Level 1:colcon.colcon_core.package_identification:_identify(src/micro-ROS-Agent) by extension 'ros'
[0.404s] Level 1:colcon.colcon_core.package_identification:_identify(src/micro-ROS-Agent) by extensions ['cmake', 'python']
[0.404s] Level 1:colcon.colcon_core.package_identification:_identify(src/micro-ROS-Agent) by extension 'cmake'
[0.404s] Level 1:colcon.colcon_core.package_identification:_identify(src/micro-ROS-Agent) by extension 'python'
[0.404s] Level 1:colcon.colcon_core.package_identification:_identify(src/micro-ROS-Agent) by extensions ['python_setup_py']
[0.404s] Level 1:colcon.colcon_core.package_identification:_identify(src/micro-ROS-Agent) by extension 'python_setup_py'
[0.404s] Level 1:colcon.colcon_core.package_identification:_identify(src/micro-ROS-Agent/micro_ros_agent) by extensions ['ignore', 'ignore_ament_install']
[0.404s] Level 1:colcon.colcon_core.package_identification:_identify(src/micro-ROS-Agent/micro_ros_agent) by extension 'ignore'
[0.404s] Level 1:colcon.colcon_core.package_identification:_identify(src/micro-ROS-Agent/micro_ros_agent) by extension 'ignore_ament_install'
[0.404s] Level 1:colcon.colcon_core.package_identification:_identify(src/micro-ROS-Agent/micro_ros_agent) by extensions ['colcon_pkg']
[0.404s] Level 1:colcon.colcon_core.package_identification:_identify(src/micro-ROS-Agent/micro_ros_agent) by extension 'colcon_pkg'
[0.404s] Level 1:colcon.colcon_core.package_identification:_identify(src/micro-ROS-Agent/micro_ros_agent) by extensions ['colcon_meta']
[0.405s] Level 1:colcon.colcon_core.package_identification:_identify(src/micro-ROS-Agent/micro_ros_agent) by extension 'colcon_meta'
[0.405s] Level 1:colcon.colcon_core.package_identification:_identify(src/micro-ROS-Agent/micro_ros_agent) by extensions ['ros']
[0.405s] Level 1:colcon.colcon_core.package_identification:_identify(src/micro-ROS-Agent/micro_ros_agent) by extension 'ros'
[0.413s] DEBUG:colcon.colcon_core.package_identification:Package 'src/micro-ROS-Agent/micro_ros_agent' with type 'ros.ament_cmake' and name 'micro_ros_agent'
[0.414s] Level 1:colcon.colcon_core.package_identification:_identify(src/micro-ROS-Agent/snap) by extensions ['ignore', 'ignore_ament_install']
[0.414s] Level 1:colcon.colcon_core.package_identification:_identify(src/micro-ROS-Agent/snap) by extension 'ignore'
[0.414s] Level 1:colcon.colcon_core.package_identification:_identify(src/micro-ROS-Agent/snap) by extension 'ignore_ament_install'
[0.414s] Level 1:colcon.colcon_core.package_identification:_identify(src/micro-ROS-Agent/snap) by extensions ['colcon_pkg']
[0.414s] Level 1:colcon.colcon_core.package_identification:_identify(src/micro-ROS-Agent/snap) by extension 'colcon_pkg'
[0.414s] Level 1:colcon.colcon_core.package_identification:_identify(src/micro-ROS-Agent/snap) by extensions ['colcon_meta']
[0.414s] Level 1:colcon.colcon_core.package_identification:_identify(src/micro-ROS-Agent/snap) by extension 'colcon_meta'
[0.415s] Level 1:colcon.colcon_core.package_identification:_identify(src/micro-ROS-Agent/snap) by extensions ['ros']
[0.415s] Level 1:colcon.colcon_core.package_identification:_identify(src/micro-ROS-Agent/snap) by extension 'ros'
[0.415s] Level 1:colcon.colcon_core.package_identification:_identify(src/micro-ROS-Agent/snap) by extensions ['cmake', 'python']
[0.415s] Level 1:colcon.colcon_core.package_identification:_identify(src/micro-ROS-Agent/snap) by extension 'cmake'
[0.415s] Level 1:colcon.colcon_core.package_identification:_identify(src/micro-ROS-Agent/snap) by extension 'python'
[0.415s] Level 1:colcon.colcon_core.package_identification:_identify(src/micro-ROS-Agent/snap) by extensions ['python_setup_py']
[0.415s] Level 1:colcon.colcon_core.package_identification:_identify(src/micro-ROS-Agent/snap) by extension 'python_setup_py'
[0.415s] Level 1:colcon.colcon_core.package_identification:_identify(src/micro-ROS-Agent/snap/hooks) by extensions ['ignore', 'ignore_ament_install']
[0.415s] Level 1:colcon.colcon_core.package_identification:_identify(src/micro-ROS-Agent/snap/hooks) by extension 'ignore'
[0.416s] Level 1:colcon.colcon_core.package_identification:_identify(src/micro-ROS-Agent/snap/hooks) by extension 'ignore_ament_install'
[0.416s] Level 1:colcon.colcon_core.package_identification:_identify(src/micro-ROS-Agent/snap/hooks) by extensions ['colcon_pkg']
[0.416s] Level 1:colcon.colcon_core.package_identification:_identify(src/micro-ROS-Agent/snap/hooks) by extension 'colcon_pkg'
[0.416s] Level 1:colcon.colcon_core.package_identification:_identify(src/micro-ROS-Agent/snap/hooks) by extensions ['colcon_meta']
[0.416s] Level 1:colcon.colcon_core.package_identification:_identify(src/micro-ROS-Agent/snap/hooks) by extension 'colcon_meta'
[0.416s] Level 1:colcon.colcon_core.package_identification:_identify(src/micro-ROS-Agent/snap/hooks) by extensions ['ros']
[0.416s] Level 1:colcon.colcon_core.package_identification:_identify(src/micro-ROS-Agent/snap/hooks) by extension 'ros'
[0.416s] Level 1:colcon.colcon_core.package_identification:_identify(src/micro-ROS-Agent/snap/hooks) by extensions ['cmake', 'python']
[0.416s] Level 1:colcon.colcon_core.package_identification:_identify(src/micro-ROS-Agent/snap/hooks) by extension 'cmake'
[0.416s] Level 1:colcon.colcon_core.package_identification:_identify(src/micro-ROS-Agent/snap/hooks) by extension 'python'
[0.416s] Level 1:colcon.colcon_core.package_identification:_identify(src/micro-ROS-Agent/snap/hooks) by extensions ['python_setup_py']
[0.416s] Level 1:colcon.colcon_core.package_identification:_identify(src/micro-ROS-Agent/snap/hooks) by extension 'python_setup_py'
[0.417s] Level 1:colcon.colcon_core.package_identification:_identify(src/micro-ROS-Agent/snap/local) by extensions ['ignore', 'ignore_ament_install']
[0.417s] Level 1:colcon.colcon_core.package_identification:_identify(src/micro-ROS-Agent/snap/local) by extension 'ignore'
[0.417s] Level 1:colcon.colcon_core.package_identification:_identify(src/micro-ROS-Agent/snap/local) by extension 'ignore_ament_install'
[0.417s] Level 1:colcon.colcon_core.package_identification:_identify(src/micro-ROS-Agent/snap/local) by extensions ['colcon_pkg']
[0.417s] Level 1:colcon.colcon_core.package_identification:_identify(src/micro-ROS-Agent/snap/local) by extension 'colcon_pkg'
[0.417s] Level 1:colcon.colcon_core.package_identification:_identify(src/micro-ROS-Agent/snap/local) by extensions ['colcon_meta']
[0.417s] Level 1:colcon.colcon_core.package_identification:_identify(src/micro-ROS-Agent/snap/local) by extension 'colcon_meta'
[0.417s] Level 1:colcon.colcon_core.package_identification:_identify(src/micro-ROS-Agent/snap/local) by extensions ['ros']
[0.417s] Level 1:colcon.colcon_core.package_identification:_identify(src/micro-ROS-Agent/snap/local) by extension 'ros'
[0.417s] Level 1:colcon.colcon_core.package_identification:_identify(src/micro-ROS-Agent/snap/local) by extensions ['cmake', 'python']
[0.417s] Level 1:colcon.colcon_core.package_identification:_identify(src/micro-ROS-Agent/snap/local) by extension 'cmake'
[0.417s] Level 1:colcon.colcon_core.package_identification:_identify(src/micro-ROS-Agent/snap/local) by extension 'python'
[0.417s] Level 1:colcon.colcon_core.package_identification:_identify(src/micro-ROS-Agent/snap/local) by extensions ['python_setup_py']
[0.418s] Level 1:colcon.colcon_core.package_identification:_identify(src/micro-ROS-Agent/snap/local) by extension 'python_setup_py'
[0.418s] Level 1:colcon.colcon_core.package_identification:_identify(src/tarea1) by extensions ['ignore', 'ignore_ament_install']
[0.418s] Level 1:colcon.colcon_core.package_identification:_identify(src/tarea1) by extension 'ignore'
[0.418s] Level 1:colcon.colcon_core.package_identification:_identify(src/tarea1) by extension 'ignore_ament_install'
[0.418s] Level 1:colcon.colcon_core.package_identification:_identify(src/tarea1) by extensions ['colcon_pkg']
[0.418s] Level 1:colcon.colcon_core.package_identification:_identify(src/tarea1) by extension 'colcon_pkg'
[0.418s] Level 1:colcon.colcon_core.package_identification:_identify(src/tarea1) by extensions ['colcon_meta']
[0.418s] Level 1:colcon.colcon_core.package_identification:_identify(src/tarea1) by extension 'colcon_meta'
[0.418s] Level 1:colcon.colcon_core.package_identification:_identify(src/tarea1) by extensions ['ros']
[0.418s] Level 1:colcon.colcon_core.package_identification:_identify(src/tarea1) by extension 'ros'
[0.420s] DEBUG:colcon.colcon_core.package_identification:Package 'src/tarea1' with type 'ros.ament_cmake' and name 'tarea1'
[0.420s] Level 1:colcon.colcon_core.package_discovery:discover_packages(recursive) using defaults
[0.420s] Level 1:colcon.colcon_core.package_discovery:discover_packages(ignore) discover
[0.420s] Level 1:colcon.colcon_core.package_discovery:discover_packages(ignore) using defaults
[0.420s] Level 1:colcon.colcon_core.package_discovery:discover_packages(path) discover
[0.420s] Level 1:colcon.colcon_core.package_discovery:discover_packages(path) using defaults
[0.462s] Level 1:colcon.colcon_core.package_discovery:discover_packages(prefix_path) check parameters
[0.462s] Level 1:colcon.colcon_core.package_discovery:discover_packages(prefix_path) discover
[0.467s] DEBUG:colcon.colcon_installed_package_information.package_discovery:Found 2 installed packages in /home/maria/rob_ws/install
[0.467s] DEBUG:colcon.colcon_installed_package_information.package_discovery:Found 1 installed packages in /home/maria/irb_ws/install
[0.468s] DEBUG:colcon.colcon_installed_package_information.package_discovery:Found 4 installed packages in /home/maria/rosgame_ws/install
[0.469s] DEBUG:colcon.colcon_installed_package_information.package_discovery:Found 2 installed packages in /home/maria/clase_ws/install
[0.469s] DEBUG:colcon.colcon_installed_package_information.package_discovery:Found 1 installed packages in /home/maria/dev_ws/install
[0.470s] DEBUG:colcon.colcon_installed_package_information.package_discovery:Found 4 installed packages in /home/maria/cypr_ws/install
[0.470s] DEBUG:colcon.colcon_installed_package_information.package_discovery:Found 1 installed packages in /home/maria/tarea/install
[0.472s] DEBUG:colcon.colcon_installed_package_information.package_discovery:Found 272 installed packages in /opt/ros/humble
[0.478s] Level 1:colcon.colcon_core.package_discovery:discover_packages(prefix_path) using defaults
[0.570s] Level 5:colcon.colcon_core.verb:set package 'micro_ros_agent' build argument 'cmake_args' from command line to 'None'
[0.570s] Level 5:colcon.colcon_core.verb:set package 'micro_ros_agent' build argument 'cmake_target' from command line to 'None'
[0.571s] Level 5:colcon.colcon_core.verb:set package 'micro_ros_agent' build argument 'cmake_target_skip_unavailable' from command line to 'False'
[0.571s] Level 5:colcon.colcon_core.verb:set package 'micro_ros_agent' build argument 'cmake_clean_cache' from command line to 'False'
[0.571s] Level 5:colcon.colcon_core.verb:set package 'micro_ros_agent' build argument 'cmake_clean_first' from command line to 'False'
[0.571s] Level 5:colcon.colcon_core.verb:set package 'micro_ros_agent' build argument 'cmake_force_configure' from command line to 'False'
[0.571s] Level 5:colcon.colcon_core.verb:set package 'micro_ros_agent' build argument 'ament_cmake_args' from command line to 'None'
[0.571s] Level 5:colcon.colcon_core.verb:set package 'micro_ros_agent' build argument 'catkin_cmake_args' from command line to 'None'
[0.571s] Level 5:colcon.colcon_core.verb:set package 'micro_ros_agent' build argument 'catkin_skip_building_tests' from command line to 'False'
[0.571s] DEBUG:colcon.colcon_core.verb:Building package 'micro_ros_agent' with the following arguments: {'ament_cmake_args': None, 'build_base': '/home/maria/rob_ws/build/micro_ros_agent', 'catkin_cmake_args': None, 'catkin_skip_building_tests': False, 'cmake_args': None, 'cmake_clean_cache': False, 'cmake_clean_first': False, 'cmake_force_configure': False, 'cmake_target': None, 'cmake_target_skip_unavailable': False, 'install_base': '/home/maria/rob_ws/install/micro_ros_agent', 'merge_install': False, 'path': '/home/maria/rob_ws/src/micro-ROS-Agent/micro_ros_agent', 'symlink_install': False, 'test_result_base': None}
[0.571s] Level 5:colcon.colcon_core.verb:set package 'tarea1' build argument 'cmake_args' from command line to 'None'
[0.571s] Level 5:colcon.colcon_core.verb:set package 'tarea1' build argument 'cmake_target' from command line to 'None'
[0.571s] Level 5:colcon.colcon_core.verb:set package 'tarea1' build argument 'cmake_target_skip_unavailable' from command line to 'False'
[0.571s] Level 5:colcon.colcon_core.verb:set package 'tarea1' build argument 'cmake_clean_cache' from command line to 'False'
[0.572s] Level 5:colcon.colcon_core.verb:set package 'tarea1' build argument 'cmake_clean_first' from command line to 'False'
[0.572s] Level 5:colcon.colcon_core.verb:set package 'tarea1' build argument 'cmake_force_configure' from command line to 'False'
[0.572s] Level 5:colcon.colcon_core.verb:set package 'tarea1' build argument 'ament_cmake_args' from command line to 'None'
[0.572s] Level 5:colcon.colcon_core.verb:set package 'tarea1' build argument 'catkin_cmake_args' from command line to 'None'
[0.572s] Level 5:colcon.colcon_core.verb:set package 'tarea1' build argument 'catkin_skip_building_tests' from command line to 'False'
[0.572s] DEBUG:colcon.colcon_core.verb:Building package 'tarea1' with the following arguments: {'ament_cmake_args': None, 'build_base': '/home/maria/rob_ws/build/tarea1', 'catkin_cmake_args': None, 'catkin_skip_building_tests': False, 'cmake_args': None, 'cmake_clean_cache': False, 'cmake_clean_first': False, 'cmake_force_configure': False, 'cmake_target': None, 'cmake_target_skip_unavailable': False, 'install_base': '/home/maria/rob_ws/install/tarea1', 'merge_install': False, 'path': '/home/maria/rob_ws/src/tarea1', 'symlink_install': False, 'test_result_base': None}
[0.572s] INFO:colcon.colcon_core.executor:Executing jobs using 'parallel' executor
[0.574s] DEBUG:colcon.colcon_parallel_executor.executor.parallel:run_until_complete
[0.574s] INFO:colcon.colcon_ros.task.ament_cmake.build:Building ROS package in '/home/maria/rob_ws/src/micro-ROS-Agent/micro_ros_agent' with build type 'ament_cmake'
[0.575s] INFO:colcon.colcon_cmake.task.cmake.build:Building CMake package in '/home/maria/rob_ws/src/micro-ROS-Agent/micro_ros_agent'
[0.579s] INFO:colcon.colcon_core.plugin_system:Skipping extension 'colcon_core.shell.bat': Not used on non-Windows systems
[0.580s] INFO:colcon.colcon_core.shell:Skip shell extension 'powershell' for command environment: Not usable outside of PowerShell
[0.580s] DEBUG:colcon.colcon_core.shell:Skip shell extension 'dsv' for command environment
[0.588s] INFO:colcon.colcon_ros.task.ament_cmake.build:Building ROS package in '/home/maria/rob_ws/src/tarea1' with build type 'ament_cmake'
[0.589s] INFO:colcon.colcon_cmake.task.cmake.build:Building CMake package in '/home/maria/rob_ws/src/tarea1'
[0.590s] INFO:colcon.colcon_core.shell:Skip shell extension 'powershell' for command environment: Not usable outside of PowerShell
[0.590s] DEBUG:colcon.colcon_core.shell:Skip shell extension 'dsv' for command environment
[0.618s] DEBUG:colcon.colcon_core.event_handler.log_command:Invoking command in '/home/maria/rob_ws/build/micro_ros_agent': CMAKE_PREFIX_PATH=${CMAKE_PREFIX_PATH}:/opt/ros/humble /usr/bin/cmake --build /home/maria/rob_ws/build/micro_ros_agent -- -j12 -l12
[0.629s] DEBUG:colcon.colcon_core.event_handler.log_command:Invoking command in '/home/maria/rob_ws/build/tarea1': CMAKE_PREFIX_PATH=${CMAKE_PREFIX_PATH}:/opt/ros/humble /usr/bin/cmake --build /home/maria/rob_ws/build/tarea1 -- -j12 -l12
[0.948s] DEBUG:colcon.colcon_core.event_handler.log_command:Invoked command in '/home/maria/rob_ws/build/micro_ros_agent' returned '0': CMAKE_PREFIX_PATH=${CMAKE_PREFIX_PATH}:/opt/ros/humble /usr/bin/cmake --build /home/maria/rob_ws/build/micro_ros_agent -- -j12 -l12
[0.989s] DEBUG:colcon.colcon_core.event_handler.log_command:Invoking command in '/home/maria/rob_ws/build/micro_ros_agent': CMAKE_PREFIX_PATH=${CMAKE_PREFIX_PATH}:/opt/ros/humble /usr/bin/cmake --install /home/maria/rob_ws/build/micro_ros_agent
[1.039s] Level 1:colcon.colcon_core.environment:create_environment_scripts_only(micro_ros_agent)
[1.049s] DEBUG:colcon.colcon_core.event_handler.log_command:Invoked command in '/home/maria/rob_ws/build/micro_ros_agent' returned '0': CMAKE_PREFIX_PATH=${CMAKE_PREFIX_PATH}:/opt/ros/humble /usr/bin/cmake --install /home/maria/rob_ws/build/micro_ros_agent
[1.054s] Level 1:colcon.colcon_core.environment:checking '/home/maria/rob_ws/install/micro_ros_agent' for CMake module files
[1.055s] Level 1:colcon.colcon_core.environment:checking '/home/maria/rob_ws/install/micro_ros_agent' for CMake config files
[1.056s] Level 1:colcon.colcon_core.shell:create_environment_hook('micro_ros_agent', 'cmake_prefix_path')
[1.056s] INFO:colcon.colcon_core.shell:Creating environment hook '/home/maria/rob_ws/install/micro_ros_agent/share/micro_ros_agent/hook/cmake_prefix_path.ps1'
[1.058s] INFO:colcon.colcon_core.shell:Creating environment descriptor '/home/maria/rob_ws/install/micro_ros_agent/share/micro_ros_agent/hook/cmake_prefix_path.dsv'
[1.060s] INFO:colcon.colcon_core.shell:Creating environment hook '/home/maria/rob_ws/install/micro_ros_agent/share/micro_ros_agent/hook/cmake_prefix_path.sh'
[1.062s] Level 1:colcon.colcon_core.environment:checking '/home/maria/rob_ws/install/micro_ros_agent/lib'
[1.063s] Level 1:colcon.colcon_core.shell:create_environment_hook('micro_ros_agent', 'ld_library_path_lib')
[1.064s] INFO:colcon.colcon_core.shell:Creating environment hook '/home/maria/rob_ws/install/micro_ros_agent/share/micro_ros_agent/hook/ld_library_path_lib.ps1'
[1.065s] INFO:colcon.colcon_core.shell:Creating environment descriptor '/home/maria/rob_ws/install/micro_ros_agent/share/micro_ros_agent/hook/ld_library_path_lib.dsv'
[1.066s] INFO:colcon.colcon_core.shell:Creating environment hook '/home/maria/rob_ws/install/micro_ros_agent/share/micro_ros_agent/hook/ld_library_path_lib.sh'
[1.067s] Level 1:colcon.colcon_core.environment:checking '/home/maria/rob_ws/install/micro_ros_agent/bin'
[1.067s] Level 1:colcon.colcon_core.environment:checking '/home/maria/rob_ws/install/micro_ros_agent/lib/pkgconfig/micro_ros_agent.pc'
[1.068s] Level 1:colcon.colcon_core.environment:checking '/home/maria/rob_ws/install/micro_ros_agent/lib/python3.10/site-packages'
[1.068s] Level 1:colcon.colcon_core.environment:checking '/home/maria/rob_ws/install/micro_ros_agent/bin'
[1.069s] INFO:colcon.colcon_core.shell:Creating package script '/home/maria/rob_ws/install/micro_ros_agent/share/micro_ros_agent/package.ps1'
[1.072s] INFO:colcon.colcon_core.shell:Creating package descriptor '/home/maria/rob_ws/install/micro_ros_agent/share/micro_ros_agent/package.dsv'
[1.073s] INFO:colcon.colcon_core.shell:Creating package script '/home/maria/rob_ws/install/micro_ros_agent/share/micro_ros_agent/package.sh'
[1.076s] INFO:colcon.colcon_core.shell:Creating package script '/home/maria/rob_ws/install/micro_ros_agent/share/micro_ros_agent/package.bash'
[1.080s] INFO:colcon.colcon_core.shell:Creating package script '/home/maria/rob_ws/install/micro_ros_agent/share/micro_ros_agent/package.zsh'
[1.082s] Level 1:colcon.colcon_core.environment:create_file_with_runtime_dependencies(/home/maria/rob_ws/install/micro_ros_agent/share/colcon-core/packages/micro_ros_agent)
[1.084s] Level 1:colcon.colcon_core.environment:create_environment_scripts_only(micro_ros_agent)
[1.085s] Level 1:colcon.colcon_core.environment:checking '/home/maria/rob_ws/install/micro_ros_agent' for CMake module files
[1.086s] Level 1:colcon.colcon_core.environment:checking '/home/maria/rob_ws/install/micro_ros_agent' for CMake config files
[1.086s] Level 1:colcon.colcon_core.shell:create_environment_hook('micro_ros_agent', 'cmake_prefix_path')
[1.087s] INFO:colcon.colcon_core.shell:Creating environment hook '/home/maria/rob_ws/install/micro_ros_agent/share/micro_ros_agent/hook/cmake_prefix_path.ps1'
[1.088s] INFO:colcon.colcon_core.shell:Creating environment descriptor '/home/maria/rob_ws/install/micro_ros_agent/share/micro_ros_agent/hook/cmake_prefix_path.dsv'
[1.089s] INFO:colcon.colcon_core.shell:Creating environment hook '/home/maria/rob_ws/install/micro_ros_agent/share/micro_ros_agent/hook/cmake_prefix_path.sh'
[1.091s] Level 1:colcon.colcon_core.environment:checking '/home/maria/rob_ws/install/micro_ros_agent/lib'
[1.091s] Level 1:colcon.colcon_core.shell:create_environment_hook('micro_ros_agent', 'ld_library_path_lib')
[1.092s] INFO:colcon.colcon_core.shell:Creating environment hook '/home/maria/rob_ws/install/micro_ros_agent/share/micro_ros_agent/hook/ld_library_path_lib.ps1'
[1.093s] INFO:colcon.colcon_core.shell:Creating environment descriptor '/home/maria/rob_ws/install/micro_ros_agent/share/micro_ros_agent/hook/ld_library_path_lib.dsv'
[1.094s] INFO:colcon.colcon_core.shell:Creating environment hook '/home/maria/rob_ws/install/micro_ros_agent/share/micro_ros_agent/hook/ld_library_path_lib.sh'
[1.095s] Level 1:colcon.colcon_core.environment:checking '/home/maria/rob_ws/install/micro_ros_agent/bin'
[1.095s] Level 1:colcon.colcon_core.environment:checking '/home/maria/rob_ws/install/micro_ros_agent/lib/pkgconfig/micro_ros_agent.pc'
[1.096s] Level 1:colcon.colcon_core.environment:checking '/home/maria/rob_ws/install/micro_ros_agent/lib/python3.10/site-packages'
[1.097s] Level 1:colcon.colcon_core.environment:checking '/home/maria/rob_ws/install/micro_ros_agent/bin'
[1.098s] INFO:colcon.colcon_core.shell:Creating package script '/home/maria/rob_ws/install/micro_ros_agent/share/micro_ros_agent/package.ps1'
[1.099s] INFO:colcon.colcon_core.shell:Creating package descriptor '/home/maria/rob_ws/install/micro_ros_agent/share/micro_ros_agent/package.dsv'
[1.102s] INFO:colcon.colcon_core.shell:Creating package script '/home/maria/rob_ws/install/micro_ros_agent/share/micro_ros_agent/package.sh'
[1.103s] INFO:colcon.colcon_core.shell:Creating package script '/home/maria/rob_ws/install/micro_ros_agent/share/micro_ros_agent/package.bash'
[1.104s] INFO:colcon.colcon_core.shell:Creating package script '/home/maria/rob_ws/install/micro_ros_agent/share/micro_ros_agent/package.zsh'
[1.105s] Level 1:colcon.colcon_core.environment:create_file_with_runtime_dependencies(/home/maria/rob_ws/install/micro_ros_agent/share/colcon-core/packages/micro_ros_agent)
[14.203s] DEBUG:colcon.colcon_core.event_handler.log_command:Invoked command in '/home/maria/rob_ws/build/tarea1' returned '0': CMAKE_PREFIX_PATH=${CMAKE_PREFIX_PATH}:/opt/ros/humble /usr/bin/cmake --build /home/maria/rob_ws/build/tarea1 -- -j12 -l12
[14.206s] DEBUG:colcon.colcon_core.event_handler.log_command:Invoking command in '/home/maria/rob_ws/build/tarea1': CMAKE_PREFIX_PATH=${CMAKE_PREFIX_PATH}:/opt/ros/humble /usr/bin/cmake --install /home/maria/rob_ws/build/tarea1
[14.238s] Level 1:colcon.colcon_core.environment:create_environment_scripts_only(tarea1)
[14.239s] Level 1:colcon.colcon_core.environment:checking '/home/maria/rob_ws/install/tarea1' for CMake module files
[14.240s] DEBUG:colcon.colcon_core.event_handler.log_command:Invoked command in '/home/maria/rob_ws/build/tarea1' returned '0': CMAKE_PREFIX_PATH=${CMAKE_PREFIX_PATH}:/opt/ros/humble /usr/bin/cmake --install /home/maria/rob_ws/build/tarea1
[14.241s] Level 1:colcon.colcon_core.environment:checking '/home/maria/rob_ws/install/tarea1' for CMake config files
[14.241s] Level 1:colcon.colcon_core.shell:create_environment_hook('tarea1', 'cmake_prefix_path')
[14.241s] INFO:colcon.colcon_core.shell:Creating environment hook '/home/maria/rob_ws/install/tarea1/share/tarea1/hook/cmake_prefix_path.ps1'
[14.242s] INFO:colcon.colcon_core.shell:Creating environment descriptor '/home/maria/rob_ws/install/tarea1/share/tarea1/hook/cmake_prefix_path.dsv'
[14.243s] INFO:colcon.colcon_core.shell:Creating environment hook '/home/maria/rob_ws/install/tarea1/share/tarea1/hook/cmake_prefix_path.sh'
[14.244s] Level 1:colcon.colcon_core.environment:checking '/home/maria/rob_ws/install/tarea1/lib'
[14.244s] Level 1:colcon.colcon_core.environment:checking '/home/maria/rob_ws/install/tarea1/bin'
[14.244s] Level 1:colcon.colcon_core.environment:checking '/home/maria/rob_ws/install/tarea1/lib/pkgconfig/tarea1.pc'
[14.245s] Level 1:colcon.colcon_core.environment:checking '/home/maria/rob_ws/install/tarea1/lib/python3.10/site-packages'
[14.245s] Level 1:colcon.colcon_core.environment:checking '/home/maria/rob_ws/install/tarea1/bin'
[14.246s] INFO:colcon.colcon_core.shell:Creating package script '/home/maria/rob_ws/install/tarea1/share/tarea1/package.ps1'
[14.247s] INFO:colcon.colcon_core.shell:Creating package descriptor '/home/maria/rob_ws/install/tarea1/share/tarea1/package.dsv'
[14.247s] INFO:colcon.colcon_core.shell:Creating package script '/home/maria/rob_ws/install/tarea1/share/tarea1/package.sh'
[14.248s] INFO:colcon.colcon_core.shell:Creating package script '/home/maria/rob_ws/install/tarea1/share/tarea1/package.bash'
[14.248s] INFO:colcon.colcon_core.shell:Creating package script '/home/maria/rob_ws/install/tarea1/share/tarea1/package.zsh'
[14.249s] Level 1:colcon.colcon_core.environment:create_file_with_runtime_dependencies(/home/maria/rob_ws/install/tarea1/share/colcon-core/packages/tarea1)
[14.250s] Level 1:colcon.colcon_core.environment:create_environment_scripts_only(tarea1)
[14.250s] Level 1:colcon.colcon_core.environment:checking '/home/maria/rob_ws/install/tarea1' for CMake module files
[14.251s] Level 1:colcon.colcon_core.environment:checking '/home/maria/rob_ws/install/tarea1' for CMake config files
[14.251s] Level 1:colcon.colcon_core.shell:create_environment_hook('tarea1', 'cmake_prefix_path')
[14.251s] INFO:colcon.colcon_core.shell:Creating environment hook '/home/maria/rob_ws/install/tarea1/share/tarea1/hook/cmake_prefix_path.ps1'
[14.252s] INFO:colcon.colcon_core.shell:Creating environment descriptor '/home/maria/rob_ws/install/tarea1/share/tarea1/hook/cmake_prefix_path.dsv'
[14.252s] INFO:colcon.colcon_core.shell:Creating environment hook '/home/maria/rob_ws/install/tarea1/share/tarea1/hook/cmake_prefix_path.sh'
[14.253s] Level 1:colcon.colcon_core.environment:checking '/home/maria/rob_ws/install/tarea1/lib'
[14.253s] Level 1:colcon.colcon_core.environment:checking '/home/maria/rob_ws/install/tarea1/bin'
[14.253s] Level 1:colcon.colcon_core.environment:checking '/home/maria/rob_ws/install/tarea1/lib/pkgconfig/tarea1.pc'
[14.254s] Level 1:colcon.colcon_core.environment:checking '/home/maria/rob_ws/install/tarea1/lib/python3.10/site-packages'
[14.254s] Level 1:colcon.colcon_core.environment:checking '/home/maria/rob_ws/install/tarea1/bin'
[14.254s] INFO:colcon.colcon_core.shell:Creating package script '/home/maria/rob_ws/install/tarea1/share/tarea1/package.ps1'
[14.255s] INFO:colcon.colcon_core.shell:Creating package descriptor '/home/maria/rob_ws/install/tarea1/share/tarea1/package.dsv'
[14.256s] INFO:colcon.colcon_core.shell:Creating package script '/home/maria/rob_ws/install/tarea1/share/tarea1/package.sh'
[14.256s] INFO:colcon.colcon_core.shell:Creating package script '/home/maria/rob_ws/install/tarea1/share/tarea1/package.bash'
[14.257s] INFO:colcon.colcon_core.shell:Creating package script '/home/maria/rob_ws/install/tarea1/share/tarea1/package.zsh'
[14.257s] Level 1:colcon.colcon_core.environment:create_file_with_runtime_dependencies(/home/maria/rob_ws/install/tarea1/share/colcon-core/packages/tarea1)
[14.258s] DEBUG:colcon.colcon_parallel_executor.executor.parallel:closing loop
[14.258s] DEBUG:colcon.colcon_parallel_executor.executor.parallel:loop closed
[14.258s] DEBUG:colcon.colcon_parallel_executor.executor.parallel:run_until_complete finished with '0'
[14.259s] DEBUG:colcon.colcon_core.event_reactor:joining thread
[14.266s] INFO:colcon.colcon_core.plugin_system:Skipping extension 'colcon_notification.desktop_notification.terminal_notifier': Not used on non-Darwin systems
[14.266s] INFO:colcon.colcon_core.plugin_system:Skipping extension 'colcon_notification.desktop_notification.win32': Not used on non-Windows systems
[14.266s] INFO:colcon.colcon_notification.desktop_notification:Sending desktop notification using 'notify2'
[14.282s] DEBUG:colcon.colcon_core.event_reactor:joined thread
[14.283s] INFO:colcon.colcon_core.shell:Creating prefix script '/home/maria/rob_ws/install/local_setup.ps1'
[14.284s] INFO:colcon.colcon_core.shell:Creating prefix util module '/home/maria/rob_ws/install/_local_setup_util_ps1.py'
[14.286s] INFO:colcon.colcon_core.shell:Creating prefix chain script '/home/maria/rob_ws/install/setup.ps1'
[14.288s] INFO:colcon.colcon_core.shell:Creating prefix script '/home/maria/rob_ws/install/local_setup.sh'
[14.289s] INFO:colcon.colcon_core.shell:Creating prefix util module '/home/maria/rob_ws/install/_local_setup_util_sh.py'
[14.290s] INFO:colcon.colcon_core.shell:Creating prefix chain script '/home/maria/rob_ws/install/setup.sh'
[14.292s] INFO:colcon.colcon_core.shell:Creating prefix script '/home/maria/rob_ws/install/local_setup.bash'
[14.293s] INFO:colcon.colcon_core.shell:Creating prefix chain script '/home/maria/rob_ws/install/setup.bash'
[14.295s] INFO:colcon.colcon_core.shell:Creating prefix script '/home/maria/rob_ws/install/local_setup.zsh'
[14.296s] INFO:colcon.colcon_core.shell:Creating prefix chain script '/home/maria/rob_ws/install/setup.zsh'
