[0.126s] DEBUG:colcon:Command line arguments: ['/usr/bin/colcon', 'build']
[0.126s] DEBUG:colcon:Parsed command line arguments: Namespace(log_base=None, log_level=None, verb_name='build', build_base='build', install_base='install', merge_install=False, symlink_install=False, test_result_base=None, continue_on_error=False, executor='parallel', parallel_workers=12, event_handlers=None, ignore_user_meta=False, metas=['./colcon.meta'], base_paths=['.'], packages_ignore=None, packages_ignore_regex=None, paths=None, packages_up_to=None, packages_up_to_regex=None, packages_above=None, packages_above_and_dependencies=None, packages_above_depth=None, packages_select_by_dep=None, packages_skip_by_dep=None, packages_skip_up_to=None, packages_select_build_failed=False, packages_skip_build_finished=False, packages_select_test_failures=False, packages_skip_test_passed=False, packages_select=None, packages_skip=None, packages_select_regex=None, packages_skip_regex=None, packages_start=None, packages_end=None, allow_overriding=[], cmake_args=None, cmake_target=None, cmake_target_skip_unavailable=False, cmake_clean_cache=False, cmake_clean_first=False, cmake_force_configure=False, ament_cmake_args=None, catkin_cmake_args=None, catkin_skip_building_tests=False, verb_parser=<colcon_defaults.argument_parser.defaults.DefaultArgumentsDecorator object at 0x735a8a350d30>, verb_extension=<colcon_core.verb.build.BuildVerb object at 0x735a8a3507f0>, main=<bound method BuildVerb.main of <colcon_core.verb.build.BuildVerb object at 0x735a8a3507f0>>)
[0.357s] Level 1:colcon.colcon_core.package_discovery:discover_packages(colcon_meta) check parameters
[0.357s] Level 1:colcon.colcon_core.package_discovery:discover_packages(recursive) check parameters
[0.357s] Level 1:colcon.colcon_core.package_discovery:discover_packages(ignore) check parameters
[0.357s] Level 1:colcon.colcon_core.package_discovery:discover_packages(path) check parameters
[0.357s] Level 1:colcon.colcon_core.package_discovery:discover_packages(colcon_meta) discover
[0.358s] Level 1:colcon.colcon_core.package_discovery:discover_packages(recursive) discover
[0.358s] INFO:colcon.colcon_core.package_discovery:Crawling recursively for packages in '/home/maria/rob_ws'
[0.358s] Level 1:colcon.colcon_core.package_identification:_identify(.) by extensions ['ignore', 'ignore_ament_install']
[0.358s] Level 1:colcon.colcon_core.package_identification:_identify(.) by extension 'ignore'
[0.358s] Level 1:colcon.colcon_core.package_identification:_identify(.) by extension 'ignore_ament_install'
[0.358s] Level 1:colcon.colcon_core.package_identification:_identify(.) by extensions ['colcon_pkg']
[0.358s] Level 1:colcon.colcon_core.package_identification:_identify(.) by extension 'colcon_pkg'
[0.358s] Level 1:colcon.colcon_core.package_identification:_identify(.) by extensions ['colcon_meta']
[0.358s] Level 1:colcon.colcon_core.package_identification:_identify(.) by extension 'colcon_meta'
[0.358s] Level 1:colcon.colcon_core.package_identification:_identify(.) by extensions ['ros']
[0.358s] Level 1:colcon.colcon_core.package_identification:_identify(.) by extension 'ros'
[0.384s] Level 1:colcon.colcon_core.package_identification:_identify(.) by extensions ['cmake', 'python']
[0.384s] Level 1:colcon.colcon_core.package_identification:_identify(.) by extension 'cmake'
[0.384s] Level 1:colcon.colcon_core.package_identification:_identify(.) by extension 'python'
[0.384s] Level 1:colcon.colcon_core.package_identification:_identify(.) by extensions ['python_setup_py']
[0.384s] Level 1:colcon.colcon_core.package_identification:_identify(.) by extension 'python_setup_py'
[0.385s] Level 1:colcon.colcon_core.package_identification:_identify(build) by extensions ['ignore', 'ignore_ament_install']
[0.385s] Level 1:colcon.colcon_core.package_identification:_identify(build) by extension 'ignore'
[0.385s] Level 1:colcon.colcon_core.package_identification:_identify(build) ignored
[0.385s] Level 1:colcon.colcon_core.package_identification:_identify(install) by extensions ['ignore', 'ignore_ament_install']
[0.385s] Level 1:colcon.colcon_core.package_identification:_identify(install) by extension 'ignore'
[0.385s] Level 1:colcon.colcon_core.package_identification:_identify(install) ignored
[0.386s] Level 1:colcon.colcon_core.package_identification:_identify(log) by extensions ['ignore', 'ignore_ament_install']
[0.386s] Level 1:colcon.colcon_core.package_identification:_identify(log) by extension 'ignore'
[0.386s] Level 1:colcon.colcon_core.package_identification:_identify(log) ignored
[0.386s] Level 1:colcon.colcon_core.package_identification:_identify(src) by extensions ['ignore', 'ignore_ament_install']
[0.386s] Level 1:colcon.colcon_core.package_identification:_identify(src) by extension 'ignore'
[0.386s] Level 1:colcon.colcon_core.package_identification:_identify(src) by extension 'ignore_ament_install'
[0.386s] Level 1:colcon.colcon_core.package_identification:_identify(src) by extensions ['colcon_pkg']
[0.386s] Level 1:colcon.colcon_core.package_identification:_identify(src) by extension 'colcon_pkg'
[0.386s] Level 1:colcon.colcon_core.package_identification:_identify(src) by extensions ['colcon_meta']
[0.386s] Level 1:colcon.colcon_core.package_identification:_identify(src) by extension 'colcon_meta'
[0.386s] Level 1:colcon.colcon_core.package_identification:_identify(src) by extensions ['ros']
[0.386s] Level 1:colcon.colcon_core.package_identification:_identify(src) by extension 'ros'
[0.387s] Level 1:colcon.colcon_core.package_identification:_identify(src) by extensions ['cmake', 'python']
[0.387s] Level 1:colcon.colcon_core.package_identification:_identify(src) by extension 'cmake'
[0.387s] Level 1:colcon.colcon_core.package_identification:_identify(src) by extension 'python'
[0.387s] Level 1:colcon.colcon_core.package_identification:_identify(src) by extensions ['python_setup_py']
[0.387s] Level 1:colcon.colcon_core.package_identification:_identify(src) by extension 'python_setup_py'
[0.387s] Level 1:colcon.colcon_core.package_identification:_identify(src/micro-ROS-Agent) by extensions ['ignore', 'ignore_ament_install']
[0.387s] Level 1:colcon.colcon_core.package_identification:_identify(src/micro-ROS-Agent) by extension 'ignore'
[0.387s] Level 1:colcon.colcon_core.package_identification:_identify(src/micro-ROS-Agent) by extension 'ignore_ament_install'
[0.387s] Level 1:colcon.colcon_core.package_identification:_identify(src/micro-ROS-Agent) by extensions ['colcon_pkg']
[0.387s] Level 1:colcon.colcon_core.package_identification:_identify(src/micro-ROS-Agent) by extension 'colcon_pkg'
[0.387s] Level 1:colcon.colcon_core.package_identification:_identify(src/micro-ROS-Agent) by extensions ['colcon_meta']
[0.387s] Level 1:colcon.colcon_core.package_identification:_identify(src/micro-ROS-Agent) by extension 'colcon_meta'
[0.388s] Level 1:colcon.colcon_core.package_identification:_identify(src/micro-ROS-Agent) by extensions ['ros']
[0.388s] Level 1:colcon.colcon_core.package_identification:_identify(src/micro-ROS-Agent) by extension 'ros'
[0.388s] Level 1:colcon.colcon_core.package_identification:_identify(src/micro-ROS-Agent) by extensions ['cmake', 'python']
[0.388s] Level 1:colcon.colcon_core.package_identification:_identify(src/micro-ROS-Agent) by extension 'cmake'
[0.388s] Level 1:colcon.colcon_core.package_identification:_identify(src/micro-ROS-Agent) by extension 'python'
[0.388s] Level 1:colcon.colcon_core.package_identification:_identify(src/micro-ROS-Agent) by extensions ['python_setup_py']
[0.388s] Level 1:colcon.colcon_core.package_identification:_identify(src/micro-ROS-Agent) by extension 'python_setup_py'
[0.388s] Level 1:colcon.colcon_core.package_identification:_identify(src/micro-ROS-Agent/micro_ros_agent) by extensions ['ignore', 'ignore_ament_install']
[0.388s] Level 1:colcon.colcon_core.package_identification:_identify(src/micro-ROS-Agent/micro_ros_agent) by extension 'ignore'
[0.388s] Level 1:colcon.colcon_core.package_identification:_identify(src/micro-ROS-Agent/micro_ros_agent) by extension 'ignore_ament_install'
[0.388s] Level 1:colcon.colcon_core.package_identification:_identify(src/micro-ROS-Agent/micro_ros_agent) by extensions ['colcon_pkg']
[0.388s] Level 1:colcon.colcon_core.package_identification:_identify(src/micro-ROS-Agent/micro_ros_agent) by extension 'colcon_pkg'
[0.388s] Level 1:colcon.colcon_core.package_identification:_identify(src/micro-ROS-Agent/micro_ros_agent) by extensions ['colcon_meta']
[0.388s] Level 1:colcon.colcon_core.package_identification:_identify(src/micro-ROS-Agent/micro_ros_agent) by extension 'colcon_meta'
[0.389s] Level 1:colcon.colcon_core.package_identification:_identify(src/micro-ROS-Agent/micro_ros_agent) by extensions ['ros']
[0.389s] Level 1:colcon.colcon_core.package_identification:_identify(src/micro-ROS-Agent/micro_ros_agent) by extension 'ros'
[0.395s] DEBUG:colcon.colcon_core.package_identification:Package 'src/micro-ROS-Agent/micro_ros_agent' with type 'ros.ament_cmake' and name 'micro_ros_agent'
[0.396s] Level 1:colcon.colcon_core.package_identification:_identify(src/micro-ROS-Agent/snap) by extensions ['ignore', 'ignore_ament_install']
[0.396s] Level 1:colcon.colcon_core.package_identification:_identify(src/micro-ROS-Agent/snap) by extension 'ignore'
[0.396s] Level 1:colcon.colcon_core.package_identification:_identify(src/micro-ROS-Agent/snap) by extension 'ignore_ament_install'
[0.396s] Level 1:colcon.colcon_core.package_identification:_identify(src/micro-ROS-Agent/snap) by extensions ['colcon_pkg']
[0.397s] Level 1:colcon.colcon_core.package_identification:_identify(src/micro-ROS-Agent/snap) by extension 'colcon_pkg'
[0.397s] Level 1:colcon.colcon_core.package_identification:_identify(src/micro-ROS-Agent/snap) by extensions ['colcon_meta']
[0.397s] Level 1:colcon.colcon_core.package_identification:_identify(src/micro-ROS-Agent/snap) by extension 'colcon_meta'
[0.397s] Level 1:colcon.colcon_core.package_identification:_identify(src/micro-ROS-Agent/snap) by extensions ['ros']
[0.397s] Level 1:colcon.colcon_core.package_identification:_identify(src/micro-ROS-Agent/snap) by extension 'ros'
[0.397s] Level 1:colcon.colcon_core.package_identification:_identify(src/micro-ROS-Agent/snap) by extensions ['cmake', 'python']
[0.397s] Level 1:colcon.colcon_core.package_identification:_identify(src/micro-ROS-Agent/snap) by extension 'cmake'
[0.397s] Level 1:colcon.colcon_core.package_identification:_identify(src/micro-ROS-Agent/snap) by extension 'python'
[0.397s] Level 1:colcon.colcon_core.package_identification:_identify(src/micro-ROS-Agent/snap) by extensions ['python_setup_py']
[0.397s] Level 1:colcon.colcon_core.package_identification:_identify(src/micro-ROS-Agent/snap) by extension 'python_setup_py'
[0.398s] Level 1:colcon.colcon_core.package_identification:_identify(src/micro-ROS-Agent/snap/hooks) by extensions ['ignore', 'ignore_ament_install']
[0.398s] Level 1:colcon.colcon_core.package_identification:_identify(src/micro-ROS-Agent/snap/hooks) by extension 'ignore'
[0.398s] Level 1:colcon.colcon_core.package_identification:_identify(src/micro-ROS-Agent/snap/hooks) by extension 'ignore_ament_install'
[0.398s] Level 1:colcon.colcon_core.package_identification:_identify(src/micro-ROS-Agent/snap/hooks) by extensions ['colcon_pkg']
[0.398s] Level 1:colcon.colcon_core.package_identification:_identify(src/micro-ROS-Agent/snap/hooks) by extension 'colcon_pkg'
[0.398s] Level 1:colcon.colcon_core.package_identification:_identify(src/micro-ROS-Agent/snap/hooks) by extensions ['colcon_meta']
[0.398s] Level 1:colcon.colcon_core.package_identification:_identify(src/micro-ROS-Agent/snap/hooks) by extension 'colcon_meta'
[0.398s] Level 1:colcon.colcon_core.package_identification:_identify(src/micro-ROS-Agent/snap/hooks) by extensions ['ros']
[0.398s] Level 1:colcon.colcon_core.package_identification:_identify(src/micro-ROS-Agent/snap/hooks) by extension 'ros'
[0.398s] Level 1:colcon.colcon_core.package_identification:_identify(src/micro-ROS-Agent/snap/hooks) by extensions ['cmake', 'python']
[0.399s] Level 1:colcon.colcon_core.package_identification:_identify(src/micro-ROS-Agent/snap/hooks) by extension 'cmake'
[0.399s] Level 1:colcon.colcon_core.package_identification:_identify(src/micro-ROS-Agent/snap/hooks) by extension 'python'
[0.399s] Level 1:colcon.colcon_core.package_identification:_identify(src/micro-ROS-Agent/snap/hooks) by extensions ['python_setup_py']
[0.399s] Level 1:colcon.colcon_core.package_identification:_identify(src/micro-ROS-Agent/snap/hooks) by extension 'python_setup_py'
[0.399s] Level 1:colcon.colcon_core.package_identification:_identify(src/micro-ROS-Agent/snap/local) by extensions ['ignore', 'ignore_ament_install']
[0.399s] Level 1:colcon.colcon_core.package_identification:_identify(src/micro-ROS-Agent/snap/local) by extension 'ignore'
[0.399s] Level 1:colcon.colcon_core.package_identification:_identify(src/micro-ROS-Agent/snap/local) by extension 'ignore_ament_install'
[0.399s] Level 1:colcon.colcon_core.package_identification:_identify(src/micro-ROS-Agent/snap/local) by extensions ['colcon_pkg']
[0.399s] Level 1:colcon.colcon_core.package_identification:_identify(src/micro-ROS-Agent/snap/local) by extension 'colcon_pkg'
[0.399s] Level 1:colcon.colcon_core.package_identification:_identify(src/micro-ROS-Agent/snap/local) by extensions ['colcon_meta']
[0.399s] Level 1:colcon.colcon_core.package_identification:_identify(src/micro-ROS-Agent/snap/local) by extension 'colcon_meta'
[0.400s] Level 1:colcon.colcon_core.package_identification:_identify(src/micro-ROS-Agent/snap/local) by extensions ['ros']
[0.400s] Level 1:colcon.colcon_core.package_identification:_identify(src/micro-ROS-Agent/snap/local) by extension 'ros'
[0.400s] Level 1:colcon.colcon_core.package_identification:_identify(src/micro-ROS-Agent/snap/local) by extensions ['cmake', 'python']
[0.400s] Level 1:colcon.colcon_core.package_identification:_identify(src/micro-ROS-Agent/snap/local) by extension 'cmake'
[0.400s] Level 1:colcon.colcon_core.package_identification:_identify(src/micro-ROS-Agent/snap/local) by extension 'python'
[0.400s] Level 1:colcon.colcon_core.package_identification:_identify(src/micro-ROS-Agent/snap/local) by extensions ['python_setup_py']
[0.400s] Level 1:colcon.colcon_core.package_identification:_identify(src/micro-ROS-Agent/snap/local) by extension 'python_setup_py'
[0.400s] Level 1:colcon.colcon_core.package_identification:_identify(src/tarea1) by extensions ['ignore', 'ignore_ament_install']
[0.400s] Level 1:colcon.colcon_core.package_identification:_identify(src/tarea1) by extension 'ignore'
[0.400s] Level 1:colcon.colcon_core.package_identification:_identify(src/tarea1) by extension 'ignore_ament_install'
[0.400s] Level 1:colcon.colcon_core.package_identification:_identify(src/tarea1) by extensions ['colcon_pkg']
[0.400s] Level 1:colcon.colcon_core.package_identification:_identify(src/tarea1) by extension 'colcon_pkg'
[0.401s] Level 1:colcon.colcon_core.package_identification:_identify(src/tarea1) by extensions ['colcon_meta']
[0.401s] Level 1:colcon.colcon_core.package_identification:_identify(src/tarea1) by extension 'colcon_meta'
[0.401s] Level 1:colcon.colcon_core.package_identification:_identify(src/tarea1) by extensions ['ros']
[0.401s] Level 1:colcon.colcon_core.package_identification:_identify(src/tarea1) by extension 'ros'
[0.402s] DEBUG:colcon.colcon_core.package_identification:Package 'src/tarea1' with type 'ros.ament_cmake' and name 'tarea1'
[0.402s] Level 1:colcon.colcon_core.package_discovery:discover_packages(recursive) using defaults
[0.402s] Level 1:colcon.colcon_core.package_discovery:discover_packages(ignore) discover
[0.402s] Level 1:colcon.colcon_core.package_discovery:discover_packages(ignore) using defaults
[0.402s] Level 1:colcon.colcon_core.package_discovery:discover_packages(path) discover
[0.402s] Level 1:colcon.colcon_core.package_discovery:discover_packages(path) using defaults
[0.445s] Level 1:colcon.colcon_core.package_discovery:discover_packages(prefix_path) check parameters
[0.445s] Level 1:colcon.colcon_core.package_discovery:discover_packages(prefix_path) discover
[0.449s] DEBUG:colcon.colcon_installed_package_information.package_discovery:Found 2 installed packages in /home/maria/rob_ws/install
[0.450s] DEBUG:colcon.colcon_installed_package_information.package_discovery:Found 1 installed packages in /home/maria/irb_ws/install
[0.451s] DEBUG:colcon.colcon_installed_package_information.package_discovery:Found 4 installed packages in /home/maria/rosgame_ws/install
[0.451s] DEBUG:colcon.colcon_installed_package_information.package_discovery:Found 2 installed packages in /home/maria/clase_ws/install
[0.452s] DEBUG:colcon.colcon_installed_package_information.package_discovery:Found 1 installed packages in /home/maria/dev_ws/install
[0.452s] DEBUG:colcon.colcon_installed_package_information.package_discovery:Found 4 installed packages in /home/maria/cypr_ws/install
[0.453s] DEBUG:colcon.colcon_installed_package_information.package_discovery:Found 1 installed packages in /home/maria/tarea/install
[0.454s] DEBUG:colcon.colcon_installed_package_information.package_discovery:Found 272 installed packages in /opt/ros/humble
[0.458s] Level 1:colcon.colcon_core.package_discovery:discover_packages(prefix_path) using defaults
[0.551s] Level 5:colcon.colcon_core.verb:set package 'micro_ros_agent' build argument 'cmake_args' from command line to 'None'
[0.551s] Level 5:colcon.colcon_core.verb:set package 'micro_ros_agent' build argument 'cmake_target' from command line to 'None'
[0.551s] Level 5:colcon.colcon_core.verb:set package 'micro_ros_agent' build argument 'cmake_target_skip_unavailable' from command line to 'False'
[0.551s] Level 5:colcon.colcon_core.verb:set package 'micro_ros_agent' build argument 'cmake_clean_cache' from command line to 'False'
[0.551s] Level 5:colcon.colcon_core.verb:set package 'micro_ros_agent' build argument 'cmake_clean_first' from command line to 'False'
[0.551s] Level 5:colcon.colcon_core.verb:set package 'micro_ros_agent' build argument 'cmake_force_configure' from command line to 'False'
[0.551s] Level 5:colcon.colcon_core.verb:set package 'micro_ros_agent' build argument 'ament_cmake_args' from command line to 'None'
[0.551s] Level 5:colcon.colcon_core.verb:set package 'micro_ros_agent' build argument 'catkin_cmake_args' from command line to 'None'
[0.551s] Level 5:colcon.colcon_core.verb:set package 'micro_ros_agent' build argument 'catkin_skip_building_tests' from command line to 'False'
[0.551s] DEBUG:colcon.colcon_core.verb:Building package 'micro_ros_agent' with the following arguments: {'ament_cmake_args': None, 'build_base': '/home/maria/rob_ws/build/micro_ros_agent', 'catkin_cmake_args': None, 'catkin_skip_building_tests': False, 'cmake_args': None, 'cmake_clean_cache': False, 'cmake_clean_first': False, 'cmake_force_configure': False, 'cmake_target': None, 'cmake_target_skip_unavailable': False, 'install_base': '/home/maria/rob_ws/install/micro_ros_agent', 'merge_install': False, 'path': '/home/maria/rob_ws/src/micro-ROS-Agent/micro_ros_agent', 'symlink_install': False, 'test_result_base': None}
[0.552s] Level 5:colcon.colcon_core.verb:set package 'tarea1' build argument 'cmake_args' from command line to 'None'
[0.552s] Level 5:colcon.colcon_core.verb:set package 'tarea1' build argument 'cmake_target' from command line to 'None'
[0.552s] Level 5:colcon.colcon_core.verb:set package 'tarea1' build argument 'cmake_target_skip_unavailable' from command line to 'False'
[0.552s] Level 5:colcon.colcon_core.verb:set package 'tarea1' build argument 'cmake_clean_cache' from command line to 'False'
[0.552s] Level 5:colcon.colcon_core.verb:set package 'tarea1' build argument 'cmake_clean_first' from command line to 'False'
[0.552s] Level 5:colcon.colcon_core.verb:set package 'tarea1' build argument 'cmake_force_configure' from command line to 'False'
[0.552s] Level 5:colcon.colcon_core.verb:set package 'tarea1' build argument 'ament_cmake_args' from command line to 'None'
[0.552s] Level 5:colcon.colcon_core.verb:set package 'tarea1' build argument 'catkin_cmake_args' from command line to 'None'
[0.552s] Level 5:colcon.colcon_core.verb:set package 'tarea1' build argument 'catkin_skip_building_tests' from command line to 'False'
[0.552s] DEBUG:colcon.colcon_core.verb:Building package 'tarea1' with the following arguments: {'ament_cmake_args': None, 'build_base': '/home/maria/rob_ws/build/tarea1', 'catkin_cmake_args': None, 'catkin_skip_building_tests': False, 'cmake_args': None, 'cmake_clean_cache': False, 'cmake_clean_first': False, 'cmake_force_configure': False, 'cmake_target': None, 'cmake_target_skip_unavailable': False, 'install_base': '/home/maria/rob_ws/install/tarea1', 'merge_install': False, 'path': '/home/maria/rob_ws/src/tarea1', 'symlink_install': False, 'test_result_base': None}
[0.552s] INFO:colcon.colcon_core.executor:Executing jobs using 'parallel' executor
[0.554s] DEBUG:colcon.colcon_parallel_executor.executor.parallel:run_until_complete
[0.555s] INFO:colcon.colcon_ros.task.ament_cmake.build:Building ROS package in '/home/maria/rob_ws/src/micro-ROS-Agent/micro_ros_agent' with build type 'ament_cmake'
[0.555s] INFO:colcon.colcon_cmake.task.cmake.build:Building CMake package in '/home/maria/rob_ws/src/micro-ROS-Agent/micro_ros_agent'
[0.559s] INFO:colcon.colcon_core.plugin_system:Skipping extension 'colcon_core.shell.bat': Not used on non-Windows systems
[0.559s] INFO:colcon.colcon_core.shell:Skip shell extension 'powershell' for command environment: Not usable outside of PowerShell
[0.559s] DEBUG:colcon.colcon_core.shell:Skip shell extension 'dsv' for command environment
[0.569s] INFO:colcon.colcon_ros.task.ament_cmake.build:Building ROS package in '/home/maria/rob_ws/src/tarea1' with build type 'ament_cmake'
[0.569s] INFO:colcon.colcon_cmake.task.cmake.build:Building CMake package in '/home/maria/rob_ws/src/tarea1'
[0.570s] INFO:colcon.colcon_core.shell:Skip shell extension 'powershell' for command environment: Not usable outside of PowerShell
[0.570s] DEBUG:colcon.colcon_core.shell:Skip shell extension 'dsv' for command environment
[0.596s] DEBUG:colcon.colcon_core.event_handler.log_command:Invoking command in '/home/maria/rob_ws/build/micro_ros_agent': CMAKE_PREFIX_PATH=${CMAKE_PREFIX_PATH}:/opt/ros/humble /usr/bin/cmake --build /home/maria/rob_ws/build/micro_ros_agent -- -j12 -l12
[0.605s] DEBUG:colcon.colcon_core.event_handler.log_command:Invoking command in '/home/maria/rob_ws/build/tarea1': CMAKE_PREFIX_PATH=${CMAKE_PREFIX_PATH}:/opt/ros/humble /usr/bin/cmake --build /home/maria/rob_ws/build/tarea1 -- -j12 -l12
[0.801s] DEBUG:colcon.colcon_core.event_handler.log_command:Invoked command in '/home/maria/rob_ws/build/micro_ros_agent' returned '0': CMAKE_PREFIX_PATH=${CMAKE_PREFIX_PATH}:/opt/ros/humble /usr/bin/cmake --build /home/maria/rob_ws/build/micro_ros_agent -- -j12 -l12
[0.849s] DEBUG:colcon.colcon_core.event_handler.log_command:Invoking command in '/home/maria/rob_ws/build/micro_ros_agent': CMAKE_PREFIX_PATH=${CMAKE_PREFIX_PATH}:/opt/ros/humble /usr/bin/cmake --install /home/maria/rob_ws/build/micro_ros_agent
[0.889s] Level 1:colcon.colcon_core.environment:create_environment_scripts_only(micro_ros_agent)
[0.899s] DEBUG:colcon.colcon_core.event_handler.log_command:Invoked command in '/home/maria/rob_ws/build/micro_ros_agent' returned '0': CMAKE_PREFIX_PATH=${CMAKE_PREFIX_PATH}:/opt/ros/humble /usr/bin/cmake --install /home/maria/rob_ws/build/micro_ros_agent
[0.906s] Level 1:colcon.colcon_core.environment:checking '/home/maria/rob_ws/install/micro_ros_agent' for CMake module files
[0.907s] Level 1:colcon.colcon_core.environment:checking '/home/maria/rob_ws/install/micro_ros_agent' for CMake config files
[0.908s] Level 1:colcon.colcon_core.shell:create_environment_hook('micro_ros_agent', 'cmake_prefix_path')
[0.909s] INFO:colcon.colcon_core.shell:Creating environment hook '/home/maria/rob_ws/install/micro_ros_agent/share/micro_ros_agent/hook/cmake_prefix_path.ps1'
[0.912s] INFO:colcon.colcon_core.shell:Creating environment descriptor '/home/maria/rob_ws/install/micro_ros_agent/share/micro_ros_agent/hook/cmake_prefix_path.dsv'
[0.913s] INFO:colcon.colcon_core.shell:Creating environment hook '/home/maria/rob_ws/install/micro_ros_agent/share/micro_ros_agent/hook/cmake_prefix_path.sh'
[0.916s] Level 1:colcon.colcon_core.environment:checking '/home/maria/rob_ws/install/micro_ros_agent/lib'
[0.916s] Level 1:colcon.colcon_core.shell:create_environment_hook('micro_ros_agent', 'ld_library_path_lib')
[0.917s] INFO:colcon.colcon_core.shell:Creating environment hook '/home/maria/rob_ws/install/micro_ros_agent/share/micro_ros_agent/hook/ld_library_path_lib.ps1'
[0.918s] INFO:colcon.colcon_core.shell:Creating environment descriptor '/home/maria/rob_ws/install/micro_ros_agent/share/micro_ros_agent/hook/ld_library_path_lib.dsv'
[0.919s] INFO:colcon.colcon_core.shell:Creating environment hook '/home/maria/rob_ws/install/micro_ros_agent/share/micro_ros_agent/hook/ld_library_path_lib.sh'
[0.920s] Level 1:colcon.colcon_core.environment:checking '/home/maria/rob_ws/install/micro_ros_agent/bin'
[0.921s] Level 1:colcon.colcon_core.environment:checking '/home/maria/rob_ws/install/micro_ros_agent/lib/pkgconfig/micro_ros_agent.pc'
[0.921s] Level 1:colcon.colcon_core.environment:checking '/home/maria/rob_ws/install/micro_ros_agent/lib/python3.10/site-packages'
[0.922s] Level 1:colcon.colcon_core.environment:checking '/home/maria/rob_ws/install/micro_ros_agent/bin'
[0.923s] INFO:colcon.colcon_core.shell:Creating package script '/home/maria/rob_ws/install/micro_ros_agent/share/micro_ros_agent/package.ps1'
[0.928s] INFO:colcon.colcon_core.shell:Creating package descriptor '/home/maria/rob_ws/install/micro_ros_agent/share/micro_ros_agent/package.dsv'
[0.931s] INFO:colcon.colcon_core.shell:Creating package script '/home/maria/rob_ws/install/micro_ros_agent/share/micro_ros_agent/package.sh'
[0.934s] INFO:colcon.colcon_core.shell:Creating package script '/home/maria/rob_ws/install/micro_ros_agent/share/micro_ros_agent/package.bash'
[0.938s] INFO:colcon.colcon_core.shell:Creating package script '/home/maria/rob_ws/install/micro_ros_agent/share/micro_ros_agent/package.zsh'
[0.941s] Level 1:colcon.colcon_core.environment:create_file_with_runtime_dependencies(/home/maria/rob_ws/install/micro_ros_agent/share/colcon-core/packages/micro_ros_agent)
[0.944s] Level 1:colcon.colcon_core.environment:create_environment_scripts_only(micro_ros_agent)
[0.945s] Level 1:colcon.colcon_core.environment:checking '/home/maria/rob_ws/install/micro_ros_agent' for CMake module files
[0.946s] Level 1:colcon.colcon_core.environment:checking '/home/maria/rob_ws/install/micro_ros_agent' for CMake config files
[0.946s] Level 1:colcon.colcon_core.shell:create_environment_hook('micro_ros_agent', 'cmake_prefix_path')
[0.947s] INFO:colcon.colcon_core.shell:Creating environment hook '/home/maria/rob_ws/install/micro_ros_agent/share/micro_ros_agent/hook/cmake_prefix_path.ps1'
[0.948s] INFO:colcon.colcon_core.shell:Creating environment descriptor '/home/maria/rob_ws/install/micro_ros_agent/share/micro_ros_agent/hook/cmake_prefix_path.dsv'
[0.949s] INFO:colcon.colcon_core.shell:Creating environment hook '/home/maria/rob_ws/install/micro_ros_agent/share/micro_ros_agent/hook/cmake_prefix_path.sh'
[0.951s] Level 1:colcon.colcon_core.environment:checking '/home/maria/rob_ws/install/micro_ros_agent/lib'
[0.951s] Level 1:colcon.colcon_core.shell:create_environment_hook('micro_ros_agent', 'ld_library_path_lib')
[0.951s] INFO:colcon.colcon_core.shell:Creating environment hook '/home/maria/rob_ws/install/micro_ros_agent/share/micro_ros_agent/hook/ld_library_path_lib.ps1'
[0.952s] INFO:colcon.colcon_core.shell:Creating environment descriptor '/home/maria/rob_ws/install/micro_ros_agent/share/micro_ros_agent/hook/ld_library_path_lib.dsv'
[0.953s] INFO:colcon.colcon_core.shell:Creating environment hook '/home/maria/rob_ws/install/micro_ros_agent/share/micro_ros_agent/hook/ld_library_path_lib.sh'
[0.955s] Level 1:colcon.colcon_core.environment:checking '/home/maria/rob_ws/install/micro_ros_agent/bin'
[0.955s] Level 1:colcon.colcon_core.environment:checking '/home/maria/rob_ws/install/micro_ros_agent/lib/pkgconfig/micro_ros_agent.pc'
[0.956s] Level 1:colcon.colcon_core.environment:checking '/home/maria/rob_ws/install/micro_ros_agent/lib/python3.10/site-packages'
[0.957s] Level 1:colcon.colcon_core.environment:checking '/home/maria/rob_ws/install/micro_ros_agent/bin'
[0.959s] INFO:colcon.colcon_core.shell:Creating package script '/home/maria/rob_ws/install/micro_ros_agent/share/micro_ros_agent/package.ps1'
[0.961s] INFO:colcon.colcon_core.shell:Creating package descriptor '/home/maria/rob_ws/install/micro_ros_agent/share/micro_ros_agent/package.dsv'
[0.962s] INFO:colcon.colcon_core.shell:Creating package script '/home/maria/rob_ws/install/micro_ros_agent/share/micro_ros_agent/package.sh'
[0.964s] INFO:colcon.colcon_core.shell:Creating package script '/home/maria/rob_ws/install/micro_ros_agent/share/micro_ros_agent/package.bash'
[0.965s] INFO:colcon.colcon_core.shell:Creating package script '/home/maria/rob_ws/install/micro_ros_agent/share/micro_ros_agent/package.zsh'
[0.966s] Level 1:colcon.colcon_core.environment:create_file_with_runtime_dependencies(/home/maria/rob_ws/install/micro_ros_agent/share/colcon-core/packages/micro_ros_agent)
[7.904s] DEBUG:colcon.colcon_core.event_handler.log_command:Invoked command in '/home/maria/rob_ws/build/tarea1' returned '0': CMAKE_PREFIX_PATH=${CMAKE_PREFIX_PATH}:/opt/ros/humble /usr/bin/cmake --build /home/maria/rob_ws/build/tarea1 -- -j12 -l12
[7.908s] DEBUG:colcon.colcon_core.event_handler.log_command:Invoking command in '/home/maria/rob_ws/build/tarea1': CMAKE_PREFIX_PATH=${CMAKE_PREFIX_PATH}:/opt/ros/humble /usr/bin/cmake --install /home/maria/rob_ws/build/tarea1
[7.943s] Level 1:colcon.colcon_core.environment:create_environment_scripts_only(tarea1)
[7.943s] DEBUG:colcon.colcon_core.event_handler.log_command:Invoked command in '/home/maria/rob_ws/build/tarea1' returned '0': CMAKE_PREFIX_PATH=${CMAKE_PREFIX_PATH}:/opt/ros/humble /usr/bin/cmake --install /home/maria/rob_ws/build/tarea1
[7.944s] Level 1:colcon.colcon_core.environment:checking '/home/maria/rob_ws/install/tarea1' for CMake module files
[7.946s] Level 1:colcon.colcon_core.environment:checking '/home/maria/rob_ws/install/tarea1' for CMake config files
[7.947s] Level 1:colcon.colcon_core.shell:create_environment_hook('tarea1', 'cmake_prefix_path')
[7.947s] INFO:colcon.colcon_core.shell:Creating environment hook '/home/maria/rob_ws/install/tarea1/share/tarea1/hook/cmake_prefix_path.ps1'
[7.949s] INFO:colcon.colcon_core.shell:Creating environment descriptor '/home/maria/rob_ws/install/tarea1/share/tarea1/hook/cmake_prefix_path.dsv'
[7.949s] INFO:colcon.colcon_core.shell:Creating environment hook '/home/maria/rob_ws/install/tarea1/share/tarea1/hook/cmake_prefix_path.sh'
[7.950s] Level 1:colcon.colcon_core.environment:checking '/home/maria/rob_ws/install/tarea1/lib'
[7.951s] Level 1:colcon.colcon_core.environment:checking '/home/maria/rob_ws/install/tarea1/bin'
[7.951s] Level 1:colcon.colcon_core.environment:checking '/home/maria/rob_ws/install/tarea1/lib/pkgconfig/tarea1.pc'
[7.951s] Level 1:colcon.colcon_core.environment:checking '/home/maria/rob_ws/install/tarea1/lib/python3.10/site-packages'
[7.951s] Level 1:colcon.colcon_core.environment:checking '/home/maria/rob_ws/install/tarea1/bin'
[7.952s] INFO:colcon.colcon_core.shell:Creating package script '/home/maria/rob_ws/install/tarea1/share/tarea1/package.ps1'
[7.953s] INFO:colcon.colcon_core.shell:Creating package descriptor '/home/maria/rob_ws/install/tarea1/share/tarea1/package.dsv'
[7.954s] INFO:colcon.colcon_core.shell:Creating package script '/home/maria/rob_ws/install/tarea1/share/tarea1/package.sh'
[7.954s] INFO:colcon.colcon_core.shell:Creating package script '/home/maria/rob_ws/install/tarea1/share/tarea1/package.bash'
[7.955s] INFO:colcon.colcon_core.shell:Creating package script '/home/maria/rob_ws/install/tarea1/share/tarea1/package.zsh'
[7.955s] Level 1:colcon.colcon_core.environment:create_file_with_runtime_dependencies(/home/maria/rob_ws/install/tarea1/share/colcon-core/packages/tarea1)
[7.956s] Level 1:colcon.colcon_core.environment:create_environment_scripts_only(tarea1)
[7.957s] Level 1:colcon.colcon_core.environment:checking '/home/maria/rob_ws/install/tarea1' for CMake module files
[7.958s] Level 1:colcon.colcon_core.environment:checking '/home/maria/rob_ws/install/tarea1' for CMake config files
[7.958s] Level 1:colcon.colcon_core.shell:create_environment_hook('tarea1', 'cmake_prefix_path')
[7.958s] INFO:colcon.colcon_core.shell:Creating environment hook '/home/maria/rob_ws/install/tarea1/share/tarea1/hook/cmake_prefix_path.ps1'
[7.959s] INFO:colcon.colcon_core.shell:Creating environment descriptor '/home/maria/rob_ws/install/tarea1/share/tarea1/hook/cmake_prefix_path.dsv'
[7.960s] INFO:colcon.colcon_core.shell:Creating environment hook '/home/maria/rob_ws/install/tarea1/share/tarea1/hook/cmake_prefix_path.sh'
[7.961s] Level 1:colcon.colcon_core.environment:checking '/home/maria/rob_ws/install/tarea1/lib'
[7.961s] Level 1:colcon.colcon_core.environment:checking '/home/maria/rob_ws/install/tarea1/bin'
[7.962s] Level 1:colcon.colcon_core.environment:checking '/home/maria/rob_ws/install/tarea1/lib/pkgconfig/tarea1.pc'
[7.962s] Level 1:colcon.colcon_core.environment:checking '/home/maria/rob_ws/install/tarea1/lib/python3.10/site-packages'
[7.962s] Level 1:colcon.colcon_core.environment:checking '/home/maria/rob_ws/install/tarea1/bin'
[7.963s] INFO:colcon.colcon_core.shell:Creating package script '/home/maria/rob_ws/install/tarea1/share/tarea1/package.ps1'
[7.964s] INFO:colcon.colcon_core.shell:Creating package descriptor '/home/maria/rob_ws/install/tarea1/share/tarea1/package.dsv'
[7.965s] INFO:colcon.colcon_core.shell:Creating package script '/home/maria/rob_ws/install/tarea1/share/tarea1/package.sh'
[7.965s] INFO:colcon.colcon_core.shell:Creating package script '/home/maria/rob_ws/install/tarea1/share/tarea1/package.bash'
[7.966s] INFO:colcon.colcon_core.shell:Creating package script '/home/maria/rob_ws/install/tarea1/share/tarea1/package.zsh'
[7.966s] Level 1:colcon.colcon_core.environment:create_file_with_runtime_dependencies(/home/maria/rob_ws/install/tarea1/share/colcon-core/packages/tarea1)
[7.967s] DEBUG:colcon.colcon_parallel_executor.executor.parallel:closing loop
[7.967s] DEBUG:colcon.colcon_parallel_executor.executor.parallel:loop closed
[7.968s] DEBUG:colcon.colcon_parallel_executor.executor.parallel:run_until_complete finished with '0'
[7.968s] DEBUG:colcon.colcon_core.event_reactor:joining thread
[7.978s] INFO:colcon.colcon_core.plugin_system:Skipping extension 'colcon_notification.desktop_notification.terminal_notifier': Not used on non-Darwin systems
[7.979s] INFO:colcon.colcon_core.plugin_system:Skipping extension 'colcon_notification.desktop_notification.win32': Not used on non-Windows systems
[7.979s] INFO:colcon.colcon_notification.desktop_notification:Sending desktop notification using 'notify2'
[7.997s] DEBUG:colcon.colcon_core.event_reactor:joined thread
[7.998s] INFO:colcon.colcon_core.shell:Creating prefix script '/home/maria/rob_ws/install/local_setup.ps1'
[8.001s] INFO:colcon.colcon_core.shell:Creating prefix util module '/home/maria/rob_ws/install/_local_setup_util_ps1.py'
[8.003s] INFO:colcon.colcon_core.shell:Creating prefix chain script '/home/maria/rob_ws/install/setup.ps1'
[8.007s] INFO:colcon.colcon_core.shell:Creating prefix script '/home/maria/rob_ws/install/local_setup.sh'
[8.008s] INFO:colcon.colcon_core.shell:Creating prefix util module '/home/maria/rob_ws/install/_local_setup_util_sh.py'
[8.009s] INFO:colcon.colcon_core.shell:Creating prefix chain script '/home/maria/rob_ws/install/setup.sh'
[8.013s] INFO:colcon.colcon_core.shell:Creating prefix script '/home/maria/rob_ws/install/local_setup.bash'
[8.014s] INFO:colcon.colcon_core.shell:Creating prefix chain script '/home/maria/rob_ws/install/setup.bash'
[8.017s] INFO:colcon.colcon_core.shell:Creating prefix script '/home/maria/rob_ws/install/local_setup.zsh'
[8.018s] INFO:colcon.colcon_core.shell:Creating prefix chain script '/home/maria/rob_ws/install/setup.zsh'
