-- Found ament_cmake: 1.3.12 (/opt/ros/humble/share/ament_cmake/cmake)
-- Found rclcpp: 16.0.15 (/opt/ros/humble/share/rclcpp/cmake)
-- Found rosidl_generator_c: 3.1.7 (/opt/ros/humble/share/rosidl_generator_c/cmake)
-- Found rosidl_adapter: 3.1.7 (/opt/ros/humble/share/rosidl_adapter/cmake)
-- Found rosidl_generator_cpp: 3.1.7 (/opt/ros/humble/share/rosidl_generator_cpp/cmake)
-- Using all available rosidl_typesupport_c: rosidl_typesupport_fastrtps_c;rosidl_typesupport_introspection_c
-- Using all available rosidl_typesupport_cpp: rosidl_typesupport_fastrtps_cpp;rosidl_typesupport_introspection_cpp
-- Found rmw_implementation_cmake: 6.1.2 (/opt/ros/humble/share/rmw_implementation_cmake/cmake)
-- Found rmw_fastrtps_cpp: 6.2.8 (/opt/ros/humble/share/rmw_fastrtps_cpp/cmake)
-- Found OpenSSL: /usr/lib/x86_64-linux-gnu/libcrypto.so (found version "3.0.2")  
-- Found FastRTPS: /opt/ros/humble/include  
-- Using RMW implementation 'rmw_fastrtps_cpp' as default
-- Looking for pthread.h
-- Looking for pthread.h - found
-- Performing Test CMAKE_HAVE_LIBC_PTHREAD
-- Performing Test CMAKE_HAVE_LIBC_PTHREAD - Success
-- Found Threads: TRUE  
-- Found geometry_msgs: 4.9.0 (/opt/ros/humble/share/geometry_msgs/cmake)
-- Configuring done
-- Generating done
-- Build files have been written to: /home/maria/rob_ws/build/tarea1
[ 50%] [32mBuilding CXX object CMakeFiles/velocidad.dir/src/velocidad.cpp.o[0m
[100%] [32m[1mLinking CXX executable velocidad[0m
[100%] Built target velocidad
-- Install configuration: ""
-- Up-to-date: /home/maria/rob_ws/install/tarea1/share/tarea1
-- Installing: /home/maria/rob_ws/install/tarea1/lib/tarea1/velocidad
-- Set runtime path of "/home/maria/rob_ws/install/tarea1/lib/tarea1/velocidad" to ""
-- Up-to-date: /home/maria/rob_ws/install/tarea1/share/ament_index/resource_index/package_run_dependencies/tarea1
-- Up-to-date: /home/maria/rob_ws/install/tarea1/share/ament_index/resource_index/parent_prefix_path/tarea1
-- Up-to-date: /home/maria/rob_ws/install/tarea1/share/tarea1/environment/ament_prefix_path.sh
-- Installing: /home/maria/rob_ws/install/tarea1/share/tarea1/environment/ament_prefix_path.dsv
-- Up-to-date: /home/maria/rob_ws/install/tarea1/share/tarea1/environment/path.sh
-- Installing: /home/maria/rob_ws/install/tarea1/share/tarea1/environment/path.dsv
-- Up-to-date: /home/maria/rob_ws/install/tarea1/share/tarea1/local_setup.bash
-- Up-to-date: /home/maria/rob_ws/install/tarea1/share/tarea1/local_setup.sh
-- Up-to-date: /home/maria/rob_ws/install/tarea1/share/tarea1/local_setup.zsh
-- Installing: /home/maria/rob_ws/install/tarea1/share/tarea1/local_setup.dsv
-- Installing: /home/maria/rob_ws/install/tarea1/share/tarea1/package.dsv
-- Up-to-date: /home/maria/rob_ws/install/tarea1/share/ament_index/resource_index/packages/tarea1
-- Up-to-date: /home/maria/rob_ws/install/tarea1/share/tarea1/cmake/tarea1Config.cmake
-- Up-to-date: /home/maria/rob_ws/install/tarea1/share/tarea1/cmake/tarea1Config-version.cmake
-- Up-to-date: /home/maria/rob_ws/install/tarea1/share/tarea1/package.xml
