[0.007s] Invoking command in '/home/maria/rob_ws/build/tarea1': CMAKE_PREFIX_PATH=${CMAKE_PREFIX_PATH}:/opt/ros/humble /usr/bin/cmake --build /home/maria/rob_ws/build/tarea1 -- -j12 -l12
[0.025s] -- Found ament_cmake: 1.3.12 (/opt/ros/humble/share/ament_cmake/cmake)
[0.114s] -- Found rclcpp: 16.0.15 (/opt/ros/humble/share/rclcpp/cmake)
[0.140s] -- Found rosidl_generator_c: 3.1.7 (/opt/ros/humble/share/rosidl_generator_c/cmake)
[0.144s] -- Found rosidl_adapter: 3.1.7 (/opt/ros/humble/share/rosidl_adapter/cmake)
[0.149s] -- Found rosidl_generator_cpp: 3.1.7 (/opt/ros/humble/share/rosidl_generator_cpp/cmake)
[0.156s] -- Using all available rosidl_typesupport_c: rosidl_typesupport_fastrtps_c;rosidl_typesupport_introspection_c
[0.166s] -- Using all available rosidl_typesupport_cpp: rosidl_typesupport_fastrtps_cpp;rosidl_typesupport_introspection_cpp
[0.194s] -- Found rmw_implementation_cmake: 6.1.2 (/opt/ros/humble/share/rmw_implementation_cmake/cmake)
[0.196s] -- Found rmw_fastrtps_cpp: 6.2.8 (/opt/ros/humble/share/rmw_fastrtps_cpp/cmake)
[0.260s] -- Found OpenSSL: /usr/lib/x86_64-linux-gnu/libcrypto.so (found version "3.0.2")  
[0.278s] -- Found FastRTPS: /opt/ros/humble/include  
[0.308s] -- Using RMW implementation 'rmw_fastrtps_cpp' as default
[0.314s] -- Looking for pthread.h
[0.374s] -- Looking for pthread.h - found
[0.374s] -- Performing Test CMAKE_HAVE_LIBC_PTHREAD
[0.432s] -- Performing Test CMAKE_HAVE_LIBC_PTHREAD - Success
[0.433s] -- Found Threads: TRUE  
[0.464s] -- Found geometry_msgs: 4.9.0 (/opt/ros/humble/share/geometry_msgs/cmake)
[0.512s] -- Configuring done
[0.516s] -- Generating done
[0.518s] -- Build files have been written to: /home/maria/rob_ws/build/tarea1
[0.545s] [ 50%] [32mBuilding CXX object CMakeFiles/velocidad.dir/src/velocidad.cpp.o[0m
[2.912s] [100%] [32m[1mLinking CXX executable velocidad[0m
[3.029s] [100%] Built target velocidad
[3.037s] Invoked command in '/home/maria/rob_ws/build/tarea1' returned '0': CMAKE_PREFIX_PATH=${CMAKE_PREFIX_PATH}:/opt/ros/humble /usr/bin/cmake --build /home/maria/rob_ws/build/tarea1 -- -j12 -l12
[3.038s] Invoking command in '/home/maria/rob_ws/build/tarea1': CMAKE_PREFIX_PATH=${CMAKE_PREFIX_PATH}:/opt/ros/humble /usr/bin/cmake --install /home/maria/rob_ws/build/tarea1
[3.045s] -- Install configuration: ""
[3.045s] -- Up-to-date: /home/maria/rob_ws/install/tarea1/share/tarea1
[3.045s] -- Installing: /home/maria/rob_ws/install/tarea1/lib/tarea1/velocidad
[3.045s] -- Set runtime path of "/home/maria/rob_ws/install/tarea1/lib/tarea1/velocidad" to ""
[3.045s] -- Up-to-date: /home/maria/rob_ws/install/tarea1/share/ament_index/resource_index/package_run_dependencies/tarea1
[3.046s] -- Up-to-date: /home/maria/rob_ws/install/tarea1/share/ament_index/resource_index/parent_prefix_path/tarea1
[3.046s] -- Up-to-date: /home/maria/rob_ws/install/tarea1/share/tarea1/environment/ament_prefix_path.sh
[3.046s] -- Installing: /home/maria/rob_ws/install/tarea1/share/tarea1/environment/ament_prefix_path.dsv
[3.046s] -- Up-to-date: /home/maria/rob_ws/install/tarea1/share/tarea1/environment/path.sh
[3.046s] -- Installing: /home/maria/rob_ws/install/tarea1/share/tarea1/environment/path.dsv
[3.046s] -- Up-to-date: /home/maria/rob_ws/install/tarea1/share/tarea1/local_setup.bash
[3.046s] -- Up-to-date: /home/maria/rob_ws/install/tarea1/share/tarea1/local_setup.sh
[3.046s] -- Up-to-date: /home/maria/rob_ws/install/tarea1/share/tarea1/local_setup.zsh
[3.046s] -- Installing: /home/maria/rob_ws/install/tarea1/share/tarea1/local_setup.dsv
[3.046s] -- Installing: /home/maria/rob_ws/install/tarea1/share/tarea1/package.dsv
[3.046s] -- Up-to-date: /home/maria/rob_ws/install/tarea1/share/ament_index/resource_index/packages/tarea1
[3.046s] -- Up-to-date: /home/maria/rob_ws/install/tarea1/share/tarea1/cmake/tarea1Config.cmake
[3.046s] -- Up-to-date: /home/maria/rob_ws/install/tarea1/share/tarea1/cmake/tarea1Config-version.cmake
[3.047s] -- Up-to-date: /home/maria/rob_ws/install/tarea1/share/tarea1/package.xml
[3.048s] Invoked command in '/home/maria/rob_ws/build/tarea1' returned '0': CMAKE_PREFIX_PATH=${CMAKE_PREFIX_PATH}:/opt/ros/humble /usr/bin/cmake --install /home/maria/rob_ws/build/tarea1
