-- Found ament_cmake: 1.3.12 (/opt/ros/humble/share/ament_cmake/cmake)
-- Found rclcpp: 16.0.15 (/opt/ros/humble/share/rclcpp/cmake)
-- Found rosidl_generator_c: 3.1.7 (/opt/ros/humble/share/rosidl_generator_c/cmake)
-- Found rosidl_adapter: 3.1.7 (/opt/ros/humble/share/rosidl_adapter/cmake)
-- Found rosidl_generator_cpp: 3.1.7 (/opt/ros/humble/share/rosidl_generator_cpp/cmake)
-- Using all available rosidl_typesupport_c: rosidl_typesupport_fastrtps_c;rosidl_typesupport_introspection_c
-- Using all available rosidl_typesupport_cpp: rosidl_typesupport_fastrtps_cpp;rosidl_typesupport_introspection_cpp
-- Found rmw_implementation_cmake: 6.1.2 (/opt/ros/humble/share/rmw_implementation_cmake/cmake)
-- Found rmw_fastrtps_cpp: 6.2.8 (/opt/ros/humble/share/rmw_fastrtps_cpp/cmake)
-- Using RMW implementation 'rmw_fastrtps_cpp' as default
-- Found geometry_msgs: 4.9.0 (/opt/ros/humble/share/geometry_msgs/cmake)
-- Configuring done
-- Generating done
-- Build files have been written to: /home/maria/rob_ws/build/tarea1
[35m[1mConsolidate compiler generated dependencies of target sensor_simple[0m
[35m[1mConsolidate compiler generated dependencies of target posicion_control[0m
[35m[1mConsolidate compiler generated dependencies of target velocidad[0m
[35m[1mConsolidate compiler generated dependencies of target circulo[0m
[35m[1mConsolidate compiler generated dependencies of target follow[0m
[35m[1mConsolidate compiler generated dependencies of target sensor[0m
[35m[1mConsolidate compiler generated dependencies of target posicion[0m
[ 21%] [32mBuilding CXX object CMakeFiles/circulo.dir/src/circulo.cpp.o[0m
[ 35%] Built target sensor_simple
[ 35%] Built target velocidad
[ 57%] [32mBuilding CXX object CMakeFiles/follow.dir/src/follow.cpp.o[0m
[ 57%] Built target posicion_control
[ 71%] [32mBuilding CXX object CMakeFiles/sensor.dir/src/sensor.cpp.o[0m
[ 78%] Built target posicion
[ 85%] [32m[1mLinking CXX executable circulo[0m
[ 85%] Built target circulo
[ 92%] [32m[1mLinking CXX executable sensor[0m
[100%] [32m[1mLinking CXX executable follow[0m
[100%] Built target sensor
[100%] Built target follow
-- Install configuration: ""
-- Installing: /home/maria/rob_ws/install/tarea1/share/tarea1/launch
-- Installing: /home/maria/rob_ws/install/tarea1/share/tarea1/launch/teleop.launch.py
-- Installing: /home/maria/rob_ws/install/tarea1/share/tarea1/config
-- Installing: /home/maria/rob_ws/install/tarea1/share/tarea1/config/teleop_twist_joy.yaml
-- Up-to-date: /home/maria/rob_ws/install/tarea1/lib/tarea1/velocidad
-- Up-to-date: /home/maria/rob_ws/install/tarea1/lib/tarea1/posicion
-- Installing: /home/maria/rob_ws/install/tarea1/lib/tarea1/circulo
-- Set runtime path of "/home/maria/rob_ws/install/tarea1/lib/tarea1/circulo" to ""
-- Up-to-date: /home/maria/rob_ws/install/tarea1/lib/tarea1/posicion_control
-- Installing: /home/maria/rob_ws/install/tarea1/lib/tarea1/follow
-- Set runtime path of "/home/maria/rob_ws/install/tarea1/lib/tarea1/follow" to ""
-- Installing: /home/maria/rob_ws/install/tarea1/lib/tarea1/sensor
-- Set runtime path of "/home/maria/rob_ws/install/tarea1/lib/tarea1/sensor" to ""
-- Up-to-date: /home/maria/rob_ws/install/tarea1/lib/tarea1/sensor_simple
-- Up-to-date: /home/maria/rob_ws/install/tarea1/share/ament_index/resource_index/package_run_dependencies/tarea1
-- Up-to-date: /home/maria/rob_ws/install/tarea1/share/ament_index/resource_index/parent_prefix_path/tarea1
-- Up-to-date: /home/maria/rob_ws/install/tarea1/share/tarea1/environment/ament_prefix_path.sh
-- Installing: /home/maria/rob_ws/install/tarea1/share/tarea1/environment/ament_prefix_path.dsv
-- Up-to-date: /home/maria/rob_ws/install/tarea1/share/tarea1/environment/path.sh
-- Installing: /home/maria/rob_ws/install/tarea1/share/tarea1/environment/path.dsv
-- Up-to-date: /home/maria/rob_ws/install/tarea1/share/tarea1/local_setup.bash
-- Up-to-date: /home/maria/rob_ws/install/tarea1/share/tarea1/local_setup.sh
-- Up-to-date: /home/maria/rob_ws/install/tarea1/share/tarea1/local_setup.zsh
-- Installing: /home/maria/rob_ws/install/tarea1/share/tarea1/local_setup.dsv
-- Installing: /home/maria/rob_ws/install/tarea1/share/tarea1/package.dsv
-- Up-to-date: /home/maria/rob_ws/install/tarea1/share/ament_index/resource_index/packages/tarea1
-- Up-to-date: /home/maria/rob_ws/install/tarea1/share/tarea1/cmake/tarea1Config.cmake
-- Up-to-date: /home/maria/rob_ws/install/tarea1/share/tarea1/cmake/tarea1Config-version.cmake
-- Up-to-date: /home/maria/rob_ws/install/tarea1/share/tarea1/package.xml
