[0.011s] Invoking command in '/home/maria/rob_ws/build/tarea1': CMAKE_PREFIX_PATH=${CMAKE_PREFIX_PATH}:/opt/ros/humble /usr/bin/cmake --build /home/maria/rob_ws/build/tarea1 -- -j12 -l12
[0.039s] -- Found ament_cmake: 1.3.12 (/opt/ros/humble/share/ament_cmake/cmake)
[0.146s] -- Found rclcpp: 16.0.15 (/opt/ros/humble/share/rclcpp/cmake)
[0.177s] -- Found rosidl_generator_c: 3.1.7 (/opt/ros/humble/share/rosidl_generator_c/cmake)
[0.178s] -- Found rosidl_adapter: 3.1.7 (/opt/ros/humble/share/rosidl_adapter/cmake)
[0.183s] -- Found rosidl_generator_cpp: 3.1.7 (/opt/ros/humble/share/rosidl_generator_cpp/cmake)
[0.191s] -- Using all available rosidl_typesupport_c: rosidl_typesupport_fastrtps_c;rosidl_typesupport_introspection_c
[0.200s] -- Using all available rosidl_typesupport_cpp: rosidl_typesupport_fastrtps_cpp;rosidl_typesupport_introspection_cpp
[0.226s] -- Found rmw_implementation_cmake: 6.1.2 (/opt/ros/humble/share/rmw_implementation_cmake/cmake)
[0.228s] -- Found rmw_fastrtps_cpp: 6.2.8 (/opt/ros/humble/share/rmw_fastrtps_cpp/cmake)
[0.302s] -- Using RMW implementation 'rmw_fastrtps_cpp' as default
[0.342s] -- Found geometry_msgs: 4.9.0 (/opt/ros/humble/share/geometry_msgs/cmake)
[0.411s] -- Configuring done
[0.432s] -- Generating done
[0.439s] -- Build files have been written to: /home/maria/rob_ws/build/tarea1
[0.463s] [35m[1mConsolidate compiler generated dependencies of target sensor_simple[0m
[0.463s] [35m[1mConsolidate compiler generated dependencies of target posicion_control[0m
[0.465s] [35m[1mConsolidate compiler generated dependencies of target velocidad[0m
[0.465s] [35m[1mConsolidate compiler generated dependencies of target circulo[0m
[0.466s] [35m[1mConsolidate compiler generated dependencies of target follow[0m
[0.466s] [35m[1mConsolidate compiler generated dependencies of target sensor[0m
[0.466s] [35m[1mConsolidate compiler generated dependencies of target posicion[0m
[0.482s] [ 21%] [32mBuilding CXX object CMakeFiles/circulo.dir/src/circulo.cpp.o[0m
[0.482s] [ 35%] Built target sensor_simple
[0.482s] [ 35%] Built target velocidad
[0.484s] [ 57%] [32mBuilding CXX object CMakeFiles/follow.dir/src/follow.cpp.o[0m
[0.484s] [ 57%] Built target posicion_control
[0.484s] [ 71%] [32mBuilding CXX object CMakeFiles/sensor.dir/src/sensor.cpp.o[0m
[0.484s] [ 78%] Built target posicion
[2.560s] [01m[K/home/maria/rob_ws/src/tarea1/src/follow.cpp:[m[K In member function ‘[01m[Kvoid MM::pose_callback(geometry_msgs::msg::Pose_<std::allocator<void> >::SharedPtr)[m[K’:
[2.560s] [01m[K/home/maria/rob_ws/src/tarea1/src/follow.cpp:39:11:[m[K [01;35m[Kwarning: [m[Kcomparison of integer expressions of different signedness: ‘[01m[Kint[m[K’ and ‘[01m[Kstd::vector<std::array<float, 2> >::size_type[m[K’ {aka ‘[01m[Klong unsigned int[m[K’} [[01;35m[K]8;;https://gcc.gnu.org/onlinedocs/gcc/Warning-Options.html#index-Wsign-compare-Wsign-compare]8;;[m[K]
[2.560s]    39 |     if ([01;35m[Ki >= posiciones.size()[m[K) {
[2.560s]       |         [01;35m[K~~^~~~~~~~~~~~~~~~~~~~[m[K
[3.633s] [ 85%] [32m[1mLinking CXX executable circulo[0m
[3.793s] [ 85%] Built target circulo
[6.571s] [ 92%] [32m[1mLinking CXX executable sensor[0m
[6.836s] [100%] [32m[1mLinking CXX executable follow[0m
[6.859s] [100%] Built target sensor
[7.123s] [100%] Built target follow
[7.134s] Invoked command in '/home/maria/rob_ws/build/tarea1' returned '0': CMAKE_PREFIX_PATH=${CMAKE_PREFIX_PATH}:/opt/ros/humble /usr/bin/cmake --build /home/maria/rob_ws/build/tarea1 -- -j12 -l12
[7.135s] Invoking command in '/home/maria/rob_ws/build/tarea1': CMAKE_PREFIX_PATH=${CMAKE_PREFIX_PATH}:/opt/ros/humble /usr/bin/cmake --install /home/maria/rob_ws/build/tarea1
[7.142s] -- Install configuration: ""
[7.142s] -- Installing: /home/maria/rob_ws/install/tarea1/share/tarea1/launch
[7.142s] -- Installing: /home/maria/rob_ws/install/tarea1/share/tarea1/launch/teleop.launch.py
[7.142s] -- Installing: /home/maria/rob_ws/install/tarea1/share/tarea1/config
[7.142s] -- Installing: /home/maria/rob_ws/install/tarea1/share/tarea1/config/teleop_twist_joy.yaml
[7.142s] -- Up-to-date: /home/maria/rob_ws/install/tarea1/lib/tarea1/velocidad
[7.143s] -- Up-to-date: /home/maria/rob_ws/install/tarea1/lib/tarea1/posicion
[7.144s] -- Installing: /home/maria/rob_ws/install/tarea1/lib/tarea1/circulo
[7.144s] -- Set runtime path of "/home/maria/rob_ws/install/tarea1/lib/tarea1/circulo" to ""
[7.145s] -- Up-to-date: /home/maria/rob_ws/install/tarea1/lib/tarea1/posicion_control
[7.145s] -- Installing: /home/maria/rob_ws/install/tarea1/lib/tarea1/follow
[7.147s] -- Set runtime path of "/home/maria/rob_ws/install/tarea1/lib/tarea1/follow" to ""
[7.147s] -- Installing: /home/maria/rob_ws/install/tarea1/lib/tarea1/sensor
[7.149s] -- Set runtime path of "/home/maria/rob_ws/install/tarea1/lib/tarea1/sensor" to ""
[7.150s] -- Up-to-date: /home/maria/rob_ws/install/tarea1/lib/tarea1/sensor_simple
[7.150s] -- Up-to-date: /home/maria/rob_ws/install/tarea1/share/ament_index/resource_index/package_run_dependencies/tarea1
[7.150s] -- Up-to-date: /home/maria/rob_ws/install/tarea1/share/ament_index/resource_index/parent_prefix_path/tarea1
[7.150s] -- Up-to-date: /home/maria/rob_ws/install/tarea1/share/tarea1/environment/ament_prefix_path.sh
[7.150s] -- Installing: /home/maria/rob_ws/install/tarea1/share/tarea1/environment/ament_prefix_path.dsv
[7.150s] -- Up-to-date: /home/maria/rob_ws/install/tarea1/share/tarea1/environment/path.sh
[7.150s] -- Installing: /home/maria/rob_ws/install/tarea1/share/tarea1/environment/path.dsv
[7.150s] -- Up-to-date: /home/maria/rob_ws/install/tarea1/share/tarea1/local_setup.bash
[7.150s] -- Up-to-date: /home/maria/rob_ws/install/tarea1/share/tarea1/local_setup.sh
[7.151s] -- Up-to-date: /home/maria/rob_ws/install/tarea1/share/tarea1/local_setup.zsh
[7.151s] -- Installing: /home/maria/rob_ws/install/tarea1/share/tarea1/local_setup.dsv
[7.151s] -- Installing: /home/maria/rob_ws/install/tarea1/share/tarea1/package.dsv
[7.151s] -- Up-to-date: /home/maria/rob_ws/install/tarea1/share/ament_index/resource_index/packages/tarea1
[7.151s] -- Up-to-date: /home/maria/rob_ws/install/tarea1/share/tarea1/cmake/tarea1Config.cmake
[7.151s] -- Up-to-date: /home/maria/rob_ws/install/tarea1/share/tarea1/cmake/tarea1Config-version.cmake
[7.151s] -- Up-to-date: /home/maria/rob_ws/install/tarea1/share/tarea1/package.xml
[7.152s] Invoked command in '/home/maria/rob_ws/build/tarea1' returned '0': CMAKE_PREFIX_PATH=${CMAKE_PREFIX_PATH}:/opt/ros/humble /usr/bin/cmake --install /home/maria/rob_ws/build/tarea1
