-- Found ament_cmake: 1.3.12 (/opt/ros/humble/share/ament_cmake/cmake)
-- Found rclcpp: 16.0.15 (/opt/ros/humble/share/rclcpp/cmake)
-- Found rosidl_generator_c: 3.1.7 (/opt/ros/humble/share/rosidl_generator_c/cmake)
-- Found rosidl_adapter: 3.1.7 (/opt/ros/humble/share/rosidl_adapter/cmake)
-- Found rosidl_generator_cpp: 3.1.7 (/opt/ros/humble/share/rosidl_generator_cpp/cmake)
-- Using all available rosidl_typesupport_c: rosidl_typesupport_fastrtps_c;rosidl_typesupport_introspection_c
-- Using all available rosidl_typesupport_cpp: rosidl_typesupport_fastrtps_cpp;rosidl_typesupport_introspection_cpp
-- Found rmw_implementation_cmake: 6.1.2 (/opt/ros/humble/share/rmw_implementation_cmake/cmake)
-- Found rmw_fastrtps_cpp: 6.2.8 (/opt/ros/humble/share/rmw_fastrtps_cpp/cmake)
-- Using RMW implementation 'rmw_fastrtps_cpp' as default
-- Found geometry_msgs: 4.9.0 (/opt/ros/humble/share/geometry_msgs/cmake)
-- Configuring done
-- Generating done
-- Build files have been written to: /home/maria/rob_ws/build/tarea1
[35m[1mConsolidate compiler generated dependencies of target circulo[0m
[35m[1mConsolidate compiler generated dependencies of target posicion[0m
[35m[1mConsolidate compiler generated dependencies of target velocidad[0m
[35m[1mConsolidate compiler generated dependencies of target posicion_control[0m
[35m[1mConsolidate compiler generated dependencies of target follow[0m
[ 50%] Built target posicion_control
[ 50%] Built target velocidad
[ 50%] Built target circulo
[ 66%] Built target posicion
[ 75%] [32mBuilding CXX object CMakeFiles/sensor.dir/src/sensor.cpp.o[0m
[ 91%] Built target follow
[01m[K/home/maria/rob_ws/src/tarea1/src/sensor.cpp:[m[K In member function ‘[01m[Kvoid MM::sensor_callback(geometry_msgs::msg::Vector3_<std::allocator<void> >::SharedPtr)[m[K’:
[01m[K/home/maria/rob_ws/src/tarea1/src/sensor.cpp:33:5:[m[K [01;31m[Kerror: [m[Kexpected ‘[01m[K,[m[K’ or ‘[01m[K;[m[K’ before ‘[01m[Kdouble[m[K’
   33 |     [01;31m[Kdouble[m[K d3 = msg->z // IZQUIERDO
      |     [01;31m[K^~~~~~[m[K
[01m[K/home/maria/rob_ws/src/tarea1/src/sensor.cpp:37:6:[m[K [01;31m[Kerror: [m[K‘[01m[Kelse[m[K’ without a previous ‘[01m[Kif[m[K’
   37 |     }[01;31m[Kelse[m[K{
      |      [01;31m[K^~~~[m[K
[01m[K/home/maria/rob_ws/src/tarea1/src/sensor.cpp:31:12:[m[K [01;35m[Kwarning: [m[Kunused variable ‘[01m[Kd1[m[K’ [[01;35m[K]8;;https://gcc.gnu.org/onlinedocs/gcc/Warning-Options.html#index-Wunused-variable-Wunused-variable]8;;[m[K]
   31 |     double [01;35m[Kd1[m[K = msg->x; //FRONTAL
      |            [01;35m[K^~[m[K
[01m[K/home/maria/rob_ws/src/tarea1/src/sensor.cpp:32:12:[m[K [01;35m[Kwarning: [m[Kunused variable ‘[01m[Kd2[m[K’ [[01;35m[K]8;;https://gcc.gnu.org/onlinedocs/gcc/Warning-Options.html#index-Wunused-variable-Wunused-variable]8;;[m[K]
   32 |     double [01;35m[Kd2[m[K = msg->y //DERECHO
      |            [01;35m[K^~[m[K
gmake[2]: *** [CMakeFiles/sensor.dir/build.make:76: CMakeFiles/sensor.dir/src/sensor.cpp.o] Error 1
gmake[1]: *** [CMakeFiles/Makefile2:277: CMakeFiles/sensor.dir/all] Error 2
gmake: *** [Makefile:146: all] Error 2
