[0.009s] Invoking command in '/home/maria/rob_ws/build/tarea1': CMAKE_PREFIX_PATH=${CMAKE_PREFIX_PATH}:/opt/ros/humble /usr/bin/cmake --build /home/maria/rob_ws/build/tarea1 -- -j12 -l12
[0.030s] -- Found ament_cmake: 1.3.12 (/opt/ros/humble/share/ament_cmake/cmake)
[0.130s] -- Found rclcpp: 16.0.15 (/opt/ros/humble/share/rclcpp/cmake)
[0.153s] -- Found rosidl_generator_c: 3.1.7 (/opt/ros/humble/share/rosidl_generator_c/cmake)
[0.155s] -- Found rosidl_adapter: 3.1.7 (/opt/ros/humble/share/rosidl_adapter/cmake)
[0.160s] -- Found rosidl_generator_cpp: 3.1.7 (/opt/ros/humble/share/rosidl_generator_cpp/cmake)
[0.167s] -- Using all available rosidl_typesupport_c: rosidl_typesupport_fastrtps_c;rosidl_typesupport_introspection_c
[0.177s] -- Using all available rosidl_typesupport_cpp: rosidl_typesupport_fastrtps_cpp;rosidl_typesupport_introspection_cpp
[0.201s] -- Found rmw_implementation_cmake: 6.1.2 (/opt/ros/humble/share/rmw_implementation_cmake/cmake)
[0.203s] -- Found rmw_fastrtps_cpp: 6.2.8 (/opt/ros/humble/share/rmw_fastrtps_cpp/cmake)
[0.270s] -- Using RMW implementation 'rmw_fastrtps_cpp' as default
[0.310s] -- Found geometry_msgs: 4.9.0 (/opt/ros/humble/share/geometry_msgs/cmake)
[0.370s] -- Configuring done
[0.385s] -- Generating done
[0.391s] -- Build files have been written to: /home/maria/rob_ws/build/tarea1
[0.415s] [35m[1mConsolidate compiler generated dependencies of target circulo[0m
[0.415s] [35m[1mConsolidate compiler generated dependencies of target posicion[0m
[0.415s] [35m[1mConsolidate compiler generated dependencies of target velocidad[0m
[0.415s] [35m[1mConsolidate compiler generated dependencies of target posicion_control[0m
[0.419s] [35m[1mConsolidate compiler generated dependencies of target follow[0m
[0.429s] [ 50%] Built target posicion_control
[0.429s] [ 50%] Built target velocidad
[0.429s] [ 50%] Built target circulo
[0.429s] [ 66%] Built target posicion
[0.430s] [ 75%] [32mBuilding CXX object CMakeFiles/sensor.dir/src/sensor.cpp.o[0m
[0.440s] [ 91%] Built target follow
[2.011s] [01m[K/home/maria/rob_ws/src/tarea1/src/sensor.cpp:[m[K In member function ‘[01m[Kvoid MM::sensor_callback(geometry_msgs::msg::Vector3_<std::allocator<void> >::SharedPtr)[m[K’:
[2.011s] [01m[K/home/maria/rob_ws/src/tarea1/src/sensor.cpp:33:5:[m[K [01;31m[Kerror: [m[Kexpected ‘[01m[K,[m[K’ or ‘[01m[K;[m[K’ before ‘[01m[Kdouble[m[K’
[2.011s]    33 |     [01;31m[Kdouble[m[K d3 = msg->z // IZQUIERDO
[2.011s]       |     [01;31m[K^~~~~~[m[K
[2.011s] [01m[K/home/maria/rob_ws/src/tarea1/src/sensor.cpp:37:6:[m[K [01;31m[Kerror: [m[K‘[01m[Kelse[m[K’ without a previous ‘[01m[Kif[m[K’
[2.011s]    37 |     }[01;31m[Kelse[m[K{
[2.011s]       |      [01;31m[K^~~~[m[K
[2.013s] [01m[K/home/maria/rob_ws/src/tarea1/src/sensor.cpp:31:12:[m[K [01;35m[Kwarning: [m[Kunused variable ‘[01m[Kd1[m[K’ [[01;35m[K]8;;https://gcc.gnu.org/onlinedocs/gcc/Warning-Options.html#index-Wunused-variable-Wunused-variable]8;;[m[K]
[2.014s]    31 |     double [01;35m[Kd1[m[K = msg->x; //FRONTAL
[2.014s]       |            [01;35m[K^~[m[K
[2.014s] [01m[K/home/maria/rob_ws/src/tarea1/src/sensor.cpp:32:12:[m[K [01;35m[Kwarning: [m[Kunused variable ‘[01m[Kd2[m[K’ [[01;35m[K]8;;https://gcc.gnu.org/onlinedocs/gcc/Warning-Options.html#index-Wunused-variable-Wunused-variable]8;;[m[K]
[2.014s]    32 |     double [01;35m[Kd2[m[K = msg->y //DERECHO
[2.014s]       |            [01;35m[K^~[m[K
[3.742s] gmake[2]: *** [CMakeFiles/sensor.dir/build.make:76: CMakeFiles/sensor.dir/src/sensor.cpp.o] Error 1
[3.742s] gmake[1]: *** [CMakeFiles/Makefile2:277: CMakeFiles/sensor.dir/all] Error 2
[3.742s] gmake: *** [Makefile:146: all] Error 2
[3.744s] Invoked command in '/home/maria/rob_ws/build/tarea1' returned '2': CMAKE_PREFIX_PATH=${CMAKE_PREFIX_PATH}:/opt/ros/humble /usr/bin/cmake --build /home/maria/rob_ws/build/tarea1 -- -j12 -l12
