[0.010s] Invoking command in '/home/maria/rob_ws/build/tarea1': CMAKE_PREFIX_PATH=${CMAKE_PREFIX_PATH}:/opt/ros/humble /usr/bin/cmake --build /home/maria/rob_ws/build/tarea1 -- -j12 -l12
[0.063s] [ 14%] Built target sensor_simple
[0.063s] [ 28%] Built target sensor
[0.063s] [ 42%] Built target follow
[0.064s] [ 57%] Built target posicion
[0.066s] [ 71%] Built target posicion_control
[0.067s] [ 78%] [32mBuilding CXX object CMakeFiles/circulo.dir/src/circulo.cpp.o[0m
[0.069s] [ 92%] Built target velocidad
[2.703s] [100%] [32m[1mLinking CXX executable circulo[0m
[2.829s] [100%] Built target circulo
[2.838s] Invoked command in '/home/maria/rob_ws/build/tarea1' returned '0': CMAKE_PREFIX_PATH=${CMAKE_PREFIX_PATH}:/opt/ros/humble /usr/bin/cmake --build /home/maria/rob_ws/build/tarea1 -- -j12 -l12
[2.838s] Invoking command in '/home/maria/rob_ws/build/tarea1': CMAKE_PREFIX_PATH=${CMAKE_PREFIX_PATH}:/opt/ros/humble /usr/bin/cmake --install /home/maria/rob_ws/build/tarea1
[2.846s] -- Install configuration: ""
[2.846s] -- Up-to-date: /home/maria/rob_ws/install/tarea1/share/tarea1
[2.846s] -- Up-to-date: /home/maria/rob_ws/install/tarea1/lib/tarea1/velocidad
[2.846s] -- Up-to-date: /home/maria/rob_ws/install/tarea1/lib/tarea1/posicion
[2.847s] -- Installing: /home/maria/rob_ws/install/tarea1/lib/tarea1/circulo
[2.847s] -- Set runtime path of "/home/maria/rob_ws/install/tarea1/lib/tarea1/circulo" to ""
[2.847s] -- Up-to-date: /home/maria/rob_ws/install/tarea1/lib/tarea1/posicion_control
[2.848s] -- Up-to-date: /home/maria/rob_ws/install/tarea1/lib/tarea1/follow
[2.848s] -- Up-to-date: /home/maria/rob_ws/install/tarea1/lib/tarea1/sensor
[2.848s] -- Up-to-date: /home/maria/rob_ws/install/tarea1/lib/tarea1/sensor_simple
[2.848s] -- Up-to-date: /home/maria/rob_ws/install/tarea1/share/ament_index/resource_index/package_run_dependencies/tarea1
[2.848s] -- Up-to-date: /home/maria/rob_ws/install/tarea1/share/ament_index/resource_index/parent_prefix_path/tarea1
[2.848s] -- Up-to-date: /home/maria/rob_ws/install/tarea1/share/tarea1/environment/ament_prefix_path.sh
[2.848s] -- Up-to-date: /home/maria/rob_ws/install/tarea1/share/tarea1/environment/ament_prefix_path.dsv
[2.848s] -- Up-to-date: /home/maria/rob_ws/install/tarea1/share/tarea1/environment/path.sh
[2.848s] -- Up-to-date: /home/maria/rob_ws/install/tarea1/share/tarea1/environment/path.dsv
[2.848s] -- Up-to-date: /home/maria/rob_ws/install/tarea1/share/tarea1/local_setup.bash
[2.848s] -- Up-to-date: /home/maria/rob_ws/install/tarea1/share/tarea1/local_setup.sh
[2.848s] -- Up-to-date: /home/maria/rob_ws/install/tarea1/share/tarea1/local_setup.zsh
[2.849s] -- Up-to-date: /home/maria/rob_ws/install/tarea1/share/tarea1/local_setup.dsv
[2.849s] -- Installing: /home/maria/rob_ws/install/tarea1/share/tarea1/package.dsv
[2.849s] -- Up-to-date: /home/maria/rob_ws/install/tarea1/share/ament_index/resource_index/packages/tarea1
[2.849s] -- Up-to-date: /home/maria/rob_ws/install/tarea1/share/tarea1/cmake/tarea1Config.cmake
[2.849s] -- Up-to-date: /home/maria/rob_ws/install/tarea1/share/tarea1/cmake/tarea1Config-version.cmake
[2.849s] -- Up-to-date: /home/maria/rob_ws/install/tarea1/share/tarea1/package.xml
[2.850s] Invoked command in '/home/maria/rob_ws/build/tarea1' returned '0': CMAKE_PREFIX_PATH=${CMAKE_PREFIX_PATH}:/opt/ros/humble /usr/bin/cmake --install /home/maria/rob_ws/build/tarea1
