[0.008s] Invoking command in '/home/maria/rob_ws/build/tarea1': CMAKE_PREFIX_PATH=${CMAKE_PREFIX_PATH}:/opt/ros/humble /usr/bin/cmake --build /home/maria/rob_ws/build/tarea1 -- -j12 -l12
[0.042s] [35m[1mConsolidate compiler generated dependencies of target circulo[0m
[0.049s] [ 28%] [32mBuilding CXX object CMakeFiles/posicion_control.dir/src/posicion_control.cpp.o[0m
[0.049s] [ 35%] Built target posicion
[0.049s] [ 35%] Built target sensor_simple
[0.053s] [ 50%] Built target velocidad
[0.055s] [ 57%] [32mBuilding CXX object CMakeFiles/follow.dir/src/follow.cpp.o[0m
[0.056s] [ 71%] Built target sensor
[0.057s] [ 85%] Built target circulo
[5.525s] [ 92%] [32m[1mLinking CXX executable follow[0m
[5.574s] [100%] [32m[1mLinking CXX executable posicion_control[0m
[5.786s] [100%] Built target follow
[5.829s] [100%] Built target posicion_control
[5.839s] Invoked command in '/home/maria/rob_ws/build/tarea1' returned '0': CMAKE_PREFIX_PATH=${CMAKE_PREFIX_PATH}:/opt/ros/humble /usr/bin/cmake --build /home/maria/rob_ws/build/tarea1 -- -j12 -l12
[5.840s] Invoking command in '/home/maria/rob_ws/build/tarea1': CMAKE_PREFIX_PATH=${CMAKE_PREFIX_PATH}:/opt/ros/humble /usr/bin/cmake --install /home/maria/rob_ws/build/tarea1
[5.848s] -- Install configuration: ""
[5.848s] -- Up-to-date: /home/maria/rob_ws/install/tarea1/share/tarea1
[5.848s] -- Up-to-date: /home/maria/rob_ws/install/tarea1/lib/tarea1/velocidad
[5.848s] -- Up-to-date: /home/maria/rob_ws/install/tarea1/lib/tarea1/posicion
[5.848s] -- Up-to-date: /home/maria/rob_ws/install/tarea1/lib/tarea1/circulo
[5.848s] -- Installing: /home/maria/rob_ws/install/tarea1/lib/tarea1/posicion_control
[5.851s] -- Set runtime path of "/home/maria/rob_ws/install/tarea1/lib/tarea1/posicion_control" to ""
[5.851s] -- Installing: /home/maria/rob_ws/install/tarea1/lib/tarea1/follow
[5.854s] -- Set runtime path of "/home/maria/rob_ws/install/tarea1/lib/tarea1/follow" to ""
[5.854s] -- Up-to-date: /home/maria/rob_ws/install/tarea1/lib/tarea1/sensor
[5.854s] -- Up-to-date: /home/maria/rob_ws/install/tarea1/lib/tarea1/sensor_simple
[5.854s] -- Up-to-date: /home/maria/rob_ws/install/tarea1/share/ament_index/resource_index/package_run_dependencies/tarea1
[5.854s] -- Up-to-date: /home/maria/rob_ws/install/tarea1/share/ament_index/resource_index/parent_prefix_path/tarea1
[5.854s] -- Up-to-date: /home/maria/rob_ws/install/tarea1/share/tarea1/environment/ament_prefix_path.sh
[5.854s] -- Up-to-date: /home/maria/rob_ws/install/tarea1/share/tarea1/environment/ament_prefix_path.dsv
[5.854s] -- Up-to-date: /home/maria/rob_ws/install/tarea1/share/tarea1/environment/path.sh
[5.855s] -- Up-to-date: /home/maria/rob_ws/install/tarea1/share/tarea1/environment/path.dsv
[5.855s] -- Up-to-date: /home/maria/rob_ws/install/tarea1/share/tarea1/local_setup.bash
[5.855s] -- Up-to-date: /home/maria/rob_ws/install/tarea1/share/tarea1/local_setup.sh
[5.855s] -- Up-to-date: /home/maria/rob_ws/install/tarea1/share/tarea1/local_setup.zsh
[5.855s] -- Up-to-date: /home/maria/rob_ws/install/tarea1/share/tarea1/local_setup.dsv
[5.855s] -- Installing: /home/maria/rob_ws/install/tarea1/share/tarea1/package.dsv
[5.855s] -- Up-to-date: /home/maria/rob_ws/install/tarea1/share/ament_index/resource_index/packages/tarea1
[5.855s] -- Up-to-date: /home/maria/rob_ws/install/tarea1/share/tarea1/cmake/tarea1Config.cmake
[5.855s] -- Up-to-date: /home/maria/rob_ws/install/tarea1/share/tarea1/cmake/tarea1Config-version.cmake
[5.855s] -- Up-to-date: /home/maria/rob_ws/install/tarea1/share/tarea1/package.xml
[5.856s] Invoked command in '/home/maria/rob_ws/build/tarea1' returned '0': CMAKE_PREFIX_PATH=${CMAKE_PREFIX_PATH}:/opt/ros/humble /usr/bin/cmake --install /home/maria/rob_ws/build/tarea1
